2026-03-30 16:26:16,467 INFO o.a.j.u.JMeterUtils: Setting Locale to en_EN
2026-03-30 16:26:16,484 INFO o.a.j.JMeter: Loading user properties from: /opt/jmeter/bin/user.properties
2026-03-30 16:26:16,485 INFO o.a.j.JMeter: Loading system properties from: /opt/jmeter/bin/system.properties
2026-03-30 16:26:16,491 INFO o.a.j.JMeter: Copyright (c) 1998-2024 The Apache Software Foundation
2026-03-30 16:26:16,491 INFO o.a.j.JMeter: Version 5.6.3
2026-03-30 16:26:16,491 INFO o.a.j.JMeter: java.version=17.0.18
2026-03-30 16:26:16,491 INFO o.a.j.JMeter: java.vm.name=OpenJDK 64-Bit Server VM
2026-03-30 16:26:16,491 INFO o.a.j.JMeter: os.name=Linux
2026-03-30 16:26:16,491 INFO o.a.j.JMeter: os.arch=amd64
2026-03-30 16:26:16,491 INFO o.a.j.JMeter: os.version=6.17.0-19-generic
2026-03-30 16:26:16,491 INFO o.a.j.JMeter: file.encoding=UTF-8
2026-03-30 16:26:16,491 INFO o.a.j.JMeter: java.awt.headless=true
2026-03-30 16:26:16,492 INFO o.a.j.JMeter: Max memory     =1073741824
2026-03-30 16:26:16,492 INFO o.a.j.JMeter: Available Processors =12
2026-03-30 16:26:16,502 INFO o.a.j.JMeter: Default Locale=English (EN)
2026-03-30 16:26:16,503 INFO o.a.j.JMeter: JMeter  Locale=English (EN)
2026-03-30 16:26:16,503 INFO o.a.j.JMeter: JMeterHome=/opt/jmeter
2026-03-30 16:26:16,503 INFO o.a.j.JMeter: user.dir  =/home/vnavarro/Code/rails-api-comparison/prototype-3-advanced
2026-03-30 16:26:16,503 INFO o.a.j.JMeter: PWD       =/home/vnavarro/Code/rails-api-comparison/prototype-3-advanced
2026-03-30 16:26:16,504 INFO o.a.j.JMeter: IP: 127.0.1.1 Name: ni-83245-7e FullName: ni-83245-7e
2026-03-30 16:26:16,516 ERROR o.a.j.JMeter: An error occurred: 
org.apache.jmeter.report.config.ConfigurationException: The file /home/vnavarro/Code/rails-api-comparison/prototype-3-advanced/jmeter/prototype-3-advanced.jmx doesn't exist or can't be opened
	at org.apache.jmeter.JMeter.runNonGui(JMeter.java:950) ~[ApacheJMeter_core.jar:5.6.3]
	at org.apache.jmeter.JMeter.startNonGui(JMeter.java:940) ~[ApacheJMeter_core.jar:5.6.3]
	at org.apache.jmeter.JMeter.start(JMeter.java:508) [ApacheJMeter_core.jar:5.6.3]
	at java.base/jdk.internal.reflect.NativeMethodAccessorImpl.invoke0(Native Method) ~[?:?]
	at java.base/jdk.internal.reflect.NativeMethodAccessorImpl.invoke(NativeMethodAccessorImpl.java:77) ~[?:?]
	at java.base/jdk.internal.reflect.DelegatingMethodAccessorImpl.invoke(DelegatingMethodAccessorImpl.java:43) ~[?:?]
	at java.base/java.lang.reflect.Method.invoke(Method.java:569) ~[?:?]
	at org.apache.jmeter.NewDriver.main(NewDriver.java:259) [ApacheJMeter.jar:5.6.3]
