2026-03-31 11:00:03,970 INFO o.a.j.u.JMeterUtils: Setting Locale to en_EN
2026-03-31 11:00:03,986 INFO o.a.j.JMeter: Loading user properties from: /opt/jmeter/bin/user.properties
2026-03-31 11:00:03,986 INFO o.a.j.JMeter: Loading system properties from: /opt/jmeter/bin/system.properties
2026-03-31 11:00:03,992 INFO o.a.j.JMeter: Copyright (c) 1998-2024 The Apache Software Foundation
2026-03-31 11:00:03,992 INFO o.a.j.JMeter: Version 5.6.3
2026-03-31 11:00:03,992 INFO o.a.j.JMeter: java.version=17.0.18
2026-03-31 11:00:03,992 INFO o.a.j.JMeter: java.vm.name=OpenJDK 64-Bit Server VM
2026-03-31 11:00:03,992 INFO o.a.j.JMeter: os.name=Linux
2026-03-31 11:00:03,992 INFO o.a.j.JMeter: os.arch=amd64
2026-03-31 11:00:03,992 INFO o.a.j.JMeter: os.version=6.17.0-19-generic
2026-03-31 11:00:03,992 INFO o.a.j.JMeter: file.encoding=UTF-8
2026-03-31 11:00:03,992 INFO o.a.j.JMeter: java.awt.headless=true
2026-03-31 11:00:03,992 INFO o.a.j.JMeter: Max memory     =1073741824
2026-03-31 11:00:03,992 INFO o.a.j.JMeter: Available Processors =12
2026-03-31 11:00:04,000 INFO o.a.j.JMeter: Default Locale=English (EN)
2026-03-31 11:00:04,001 INFO o.a.j.JMeter: JMeter  Locale=English (EN)
2026-03-31 11:00:04,001 INFO o.a.j.JMeter: JMeterHome=/opt/jmeter
2026-03-31 11:00:04,001 INFO o.a.j.JMeter: user.dir  =/home/vnavarro/Code/rails-api-comparison
2026-03-31 11:00:04,001 INFO o.a.j.JMeter: PWD       =/home/vnavarro/Code/rails-api-comparison
2026-03-31 11:00:04,001 INFO o.a.j.JMeter: IP: 127.0.1.1 Name: ni-83245-7e FullName: ni-83245-7e
2026-03-31 11:00:04,013 INFO o.a.j.s.FileServer: Default base='/home/vnavarro/Code/rails-api-comparison'
2026-03-31 11:00:04,014 INFO o.a.j.s.FileServer: Set new base='/home/vnavarro/Code/rails-api-comparison/jmeter'
2026-03-31 11:00:04,243 INFO o.a.j.s.SaveService: Testplan (JMX) version: 2.2. Testlog (JTL) version: 2.2
2026-03-31 11:00:04,278 INFO o.a.j.s.SaveService: Using SaveService properties version 5.0
2026-03-31 11:00:04,283 INFO o.a.j.s.SaveService: Using SaveService properties file encoding UTF-8
2026-03-31 11:00:04,287 INFO o.a.j.s.SaveService: Loading file: jmeter/prototype-1-baseline.jmx
2026-03-31 11:00:04,373 INFO o.a.j.p.h.s.HTTPSamplerBase: Parser for text/html is org.apache.jmeter.protocol.http.parser.LagartoBasedHtmlParser
2026-03-31 11:00:04,373 INFO o.a.j.p.h.s.HTTPSamplerBase: Parser for application/xhtml+xml is org.apache.jmeter.protocol.http.parser.LagartoBasedHtmlParser
2026-03-31 11:00:04,373 INFO o.a.j.p.h.s.HTTPSamplerBase: Parser for application/xml is org.apache.jmeter.protocol.http.parser.LagartoBasedHtmlParser
2026-03-31 11:00:04,373 INFO o.a.j.p.h.s.HTTPSamplerBase: Parser for text/xml is org.apache.jmeter.protocol.http.parser.LagartoBasedHtmlParser
2026-03-31 11:00:04,373 INFO o.a.j.p.h.s.HTTPSamplerBase: Parser for text/vnd.wap.wml is org.apache.jmeter.protocol.http.parser.RegexpHTMLParser
2026-03-31 11:00:04,373 INFO o.a.j.p.h.s.HTTPSamplerBase: Parser for text/css is org.apache.jmeter.protocol.http.parser.CssParser
2026-03-31 11:00:04,401 INFO o.a.j.JMeter: Creating summariser <summary>
2026-03-31 11:00:04,416 INFO o.a.j.e.StandardJMeterEngine: Running the test!
2026-03-31 11:00:04,417 INFO o.a.j.s.SampleEvent: List of sample_variables: []
2026-03-31 11:00:04,417 INFO o.a.j.s.SampleEvent: List of sample_variables: []
2026-03-31 11:00:04,422 INFO o.a.j.e.u.CompoundVariable: Note: Function class names must contain the string: '.functions.'
2026-03-31 11:00:04,422 INFO o.a.j.e.u.CompoundVariable: Note: Function class names must not contain the string: '.gui.'
2026-03-31 11:00:04,491 INFO o.a.j.JMeter: Running test (1774965604491)
2026-03-31 11:00:04,506 INFO o.a.j.e.StandardJMeterEngine: Starting ThreadGroup: 1 : Cenario 1 - Carga Basica
2026-03-31 11:00:04,506 INFO o.a.j.e.StandardJMeterEngine: Starting 10 threads for group Cenario 1 - Carga Basica.
2026-03-31 11:00:04,506 INFO o.a.j.e.StandardJMeterEngine: Thread will continue on error
2026-03-31 11:00:04,506 INFO o.a.j.t.ThreadGroup: Starting thread group... number=1 threads=10 ramp-up=5 delayedStart=false
2026-03-31 11:00:04,513 INFO o.a.j.t.JMeterThread: Thread started: Cenario 1 - Carga Basica 1-1
2026-03-31 11:00:04,516 INFO o.a.j.t.ThreadGroup: Started thread group number 1
2026-03-31 11:00:04,516 INFO o.a.j.e.StandardJMeterEngine: Waiting for thread group: Cenario 1 - Carga Basica to finish before starting next group
2026-03-31 11:00:04,532 INFO o.a.j.p.h.s.HTTPHCAbstractImpl: Local host = ni-83245-7e
2026-03-31 11:00:04,537 INFO o.a.j.p.h.s.HTTPHC4Impl: HTTP request retry count = 0
2026-03-31 11:00:04,539 INFO o.a.j.s.SampleResult: Note: Sample TimeStamps are START times
2026-03-31 11:00:04,539 INFO o.a.j.s.SampleResult: sampleresult.default.encoding is set to UTF-8
2026-03-31 11:00:04,539 INFO o.a.j.s.SampleResult: sampleresult.useNanoTime=true
2026-03-31 11:00:04,539 INFO o.a.j.s.SampleResult: sampleresult.nanoThreadSleep=5000
2026-03-31 11:00:04,667 INFO o.a.j.r.Summariser: summary +      1 in 00:00:00 =    5.7/s Avg:    71 Min:    71 Max:    71 Err:     0 (0.00%) Active: 1 Started: 1 Finished: 0
2026-03-31 11:00:05,009 INFO o.a.j.t.JMeterThread: Thread started: Cenario 1 - Carga Basica 1-2
2026-03-31 11:00:05,508 INFO o.a.j.t.JMeterThread: Thread started: Cenario 1 - Carga Basica 1-3
2026-03-31 11:00:06,007 INFO o.a.j.t.JMeterThread: Thread started: Cenario 1 - Carga Basica 1-4
2026-03-31 11:00:06,507 INFO o.a.j.t.JMeterThread: Thread started: Cenario 1 - Carga Basica 1-5
2026-03-31 11:00:07,006 INFO o.a.j.t.JMeterThread: Thread started: Cenario 1 - Carga Basica 1-6
2026-03-31 11:00:07,507 INFO o.a.j.t.JMeterThread: Thread started: Cenario 1 - Carga Basica 1-7
2026-03-31 11:00:08,008 INFO o.a.j.t.JMeterThread: Thread started: Cenario 1 - Carga Basica 1-8
2026-03-31 11:00:08,507 INFO o.a.j.t.JMeterThread: Thread started: Cenario 1 - Carga Basica 1-9
2026-03-31 11:00:09,008 INFO o.a.j.t.JMeterThread: Thread started: Cenario 1 - Carga Basica 1-10
2026-03-31 11:00:30,021 INFO o.a.j.r.Summariser: summary +    796 in 00:00:25 =   31.4/s Avg:   290 Min:    29 Max:   415 Err:     0 (0.00%) Active: 10 Started: 10 Finished: 0
2026-03-31 11:00:30,021 INFO o.a.j.r.Summariser: summary =    797 in 00:00:26 =   31.2/s Avg:   289 Min:    29 Max:   415 Err:     0 (0.00%)
2026-03-31 11:01:00,007 INFO o.a.j.r.Summariser: summary +    955 in 00:00:30 =   31.8/s Avg:   313 Min:   251 Max:   385 Err:     0 (0.00%) Active: 10 Started: 10 Finished: 0
2026-03-31 11:01:00,007 INFO o.a.j.r.Summariser: summary =   1752 in 00:00:56 =   31.6/s Avg:   302 Min:    29 Max:   415 Err:     0 (0.00%)
2026-03-31 11:01:04,541 INFO o.a.j.t.JMeterThread: Stopping because end time detected by thread: Cenario 1 - Carga Basica 1-6
2026-03-31 11:01:04,541 INFO o.a.j.t.JMeterThread: Thread finished: Cenario 1 - Carga Basica 1-6
2026-03-31 11:01:04,573 INFO o.a.j.t.JMeterThread: Stopping because end time detected by thread: Cenario 1 - Carga Basica 1-7
2026-03-31 11:01:04,573 INFO o.a.j.t.JMeterThread: Thread finished: Cenario 1 - Carga Basica 1-7
2026-03-31 11:01:04,598 INFO o.a.j.t.JMeterThread: Stopping because end time detected by thread: Cenario 1 - Carga Basica 1-9
2026-03-31 11:01:04,598 INFO o.a.j.t.JMeterThread: Thread finished: Cenario 1 - Carga Basica 1-9
2026-03-31 11:01:04,633 INFO o.a.j.t.JMeterThread: Stopping because end time detected by thread: Cenario 1 - Carga Basica 1-8
2026-03-31 11:01:04,633 INFO o.a.j.t.JMeterThread: Thread finished: Cenario 1 - Carga Basica 1-8
2026-03-31 11:01:04,662 INFO o.a.j.t.JMeterThread: Stopping because end time detected by thread: Cenario 1 - Carga Basica 1-1
2026-03-31 11:01:04,662 INFO o.a.j.t.JMeterThread: Thread finished: Cenario 1 - Carga Basica 1-1
2026-03-31 11:01:04,688 INFO o.a.j.t.JMeterThread: Stopping because end time detected by thread: Cenario 1 - Carga Basica 1-10
2026-03-31 11:01:04,688 INFO o.a.j.t.JMeterThread: Thread finished: Cenario 1 - Carga Basica 1-10
2026-03-31 11:01:04,717 INFO o.a.j.t.JMeterThread: Stopping because end time detected by thread: Cenario 1 - Carga Basica 1-2
2026-03-31 11:01:04,717 INFO o.a.j.t.JMeterThread: Thread finished: Cenario 1 - Carga Basica 1-2
2026-03-31 11:01:04,759 INFO o.a.j.t.JMeterThread: Stopping because end time detected by thread: Cenario 1 - Carga Basica 1-5
2026-03-31 11:01:04,759 INFO o.a.j.t.JMeterThread: Thread finished: Cenario 1 - Carga Basica 1-5
2026-03-31 11:01:04,787 INFO o.a.j.t.JMeterThread: Stopping because end time detected by thread: Cenario 1 - Carga Basica 1-4
2026-03-31 11:01:04,787 INFO o.a.j.t.JMeterThread: Thread finished: Cenario 1 - Carga Basica 1-4
2026-03-31 11:01:04,812 INFO o.a.j.t.JMeterThread: Stopping because end time detected by thread: Cenario 1 - Carga Basica 1-3
2026-03-31 11:01:04,812 INFO o.a.j.t.JMeterThread: Thread finished: Cenario 1 - Carga Basica 1-3
2026-03-31 11:01:04,812 INFO o.a.j.e.StandardJMeterEngine: Starting ThreadGroup: 2 : Cenario 2 - Carga Crescente
2026-03-31 11:01:04,812 INFO o.a.j.e.StandardJMeterEngine: Starting 50 threads for group Cenario 2 - Carga Crescente.
2026-03-31 11:01:04,812 INFO o.a.j.e.StandardJMeterEngine: Thread will continue on error
2026-03-31 11:01:04,813 INFO o.a.j.t.ThreadGroup: Starting thread group... number=2 threads=50 ramp-up=90 delayedStart=false
2026-03-31 11:01:04,813 INFO o.a.j.t.JMeterThread: Thread started: Cenario 2 - Carga Crescente 2-1
2026-03-31 11:01:04,829 INFO o.a.j.t.ThreadGroup: Started thread group number 2
2026-03-31 11:01:04,829 INFO o.a.j.e.StandardJMeterEngine: Waiting for thread group: Cenario 2 - Carga Crescente to finish before starting next group
2026-03-31 11:01:06,614 INFO o.a.j.t.JMeterThread: Thread started: Cenario 2 - Carga Crescente 2-2
2026-03-31 11:01:08,414 INFO o.a.j.t.JMeterThread: Thread started: Cenario 2 - Carga Crescente 2-3
2026-03-31 11:01:10,215 INFO o.a.j.t.JMeterThread: Thread started: Cenario 2 - Carga Crescente 2-4
2026-03-31 11:01:12,013 INFO o.a.j.t.JMeterThread: Thread started: Cenario 2 - Carga Crescente 2-5
2026-03-31 11:01:13,814 INFO o.a.j.t.JMeterThread: Thread started: Cenario 2 - Carga Crescente 2-6
2026-03-31 11:01:15,613 INFO o.a.j.t.JMeterThread: Thread started: Cenario 2 - Carga Crescente 2-7
2026-03-31 11:01:17,414 INFO o.a.j.t.JMeterThread: Thread started: Cenario 2 - Carga Crescente 2-8
2026-03-31 11:01:19,215 INFO o.a.j.t.JMeterThread: Thread started: Cenario 2 - Carga Crescente 2-9
2026-03-31 11:01:21,013 INFO o.a.j.t.JMeterThread: Thread started: Cenario 2 - Carga Crescente 2-10
2026-03-31 11:01:22,815 INFO o.a.j.t.JMeterThread: Thread started: Cenario 2 - Carga Crescente 2-11
2026-03-31 11:01:24,614 INFO o.a.j.t.JMeterThread: Thread started: Cenario 2 - Carga Crescente 2-12
2026-03-31 11:01:26,413 INFO o.a.j.t.JMeterThread: Thread started: Cenario 2 - Carga Crescente 2-13
2026-03-31 11:01:28,213 INFO o.a.j.t.JMeterThread: Thread started: Cenario 2 - Carga Crescente 2-14
2026-03-31 11:01:30,010 INFO o.a.j.r.Summariser: summary +    983 in 00:00:30 =   32.8/s Avg:   238 Min:    24 Max:   493 Err:     0 (0.00%) Active: 14 Started: 24 Finished: 10
2026-03-31 11:01:30,010 INFO o.a.j.r.Summariser: summary =   2735 in 00:01:26 =   32.0/s Avg:   279 Min:    24 Max:   493 Err:     0 (0.00%)
2026-03-31 11:01:30,015 INFO o.a.j.t.JMeterThread: Thread started: Cenario 2 - Carga Crescente 2-15
2026-03-31 11:01:31,813 INFO o.a.j.t.JMeterThread: Thread started: Cenario 2 - Carga Crescente 2-16
2026-03-31 11:01:33,615 INFO o.a.j.t.JMeterThread: Thread started: Cenario 2 - Carga Crescente 2-17
2026-03-31 11:01:35,414 INFO o.a.j.t.JMeterThread: Thread started: Cenario 2 - Carga Crescente 2-18
2026-03-31 11:01:37,213 INFO o.a.j.t.JMeterThread: Thread started: Cenario 2 - Carga Crescente 2-19
2026-03-31 11:01:39,015 INFO o.a.j.t.JMeterThread: Thread started: Cenario 2 - Carga Crescente 2-20
2026-03-31 11:01:40,815 INFO o.a.j.t.JMeterThread: Thread started: Cenario 2 - Carga Crescente 2-21
2026-03-31 11:01:42,613 INFO o.a.j.t.JMeterThread: Thread started: Cenario 2 - Carga Crescente 2-22
2026-03-31 11:01:44,414 INFO o.a.j.t.JMeterThread: Thread started: Cenario 2 - Carga Crescente 2-23
2026-03-31 11:01:46,214 INFO o.a.j.t.JMeterThread: Thread started: Cenario 2 - Carga Crescente 2-24
2026-03-31 11:01:48,013 INFO o.a.j.t.JMeterThread: Thread started: Cenario 2 - Carga Crescente 2-25
2026-03-31 11:01:49,813 INFO o.a.j.t.JMeterThread: Thread started: Cenario 2 - Carga Crescente 2-26
2026-03-31 11:01:51,614 INFO o.a.j.t.JMeterThread: Thread started: Cenario 2 - Carga Crescente 2-27
2026-03-31 11:01:53,413 INFO o.a.j.t.JMeterThread: Thread started: Cenario 2 - Carga Crescente 2-28
2026-03-31 11:01:55,214 INFO o.a.j.t.JMeterThread: Thread started: Cenario 2 - Carga Crescente 2-29
2026-03-31 11:01:57,014 INFO o.a.j.t.JMeterThread: Thread started: Cenario 2 - Carga Crescente 2-30
2026-03-31 11:01:58,814 INFO o.a.j.t.JMeterThread: Thread started: Cenario 2 - Carga Crescente 2-31
2026-03-31 11:02:00,012 INFO o.a.j.r.Summariser: summary +    953 in 00:00:30 =   31.8/s Avg:   705 Min:   413 Max:  1032 Err:     0 (0.00%) Active: 31 Started: 41 Finished: 10
2026-03-31 11:02:00,013 INFO o.a.j.r.Summariser: summary =   3688 in 00:01:56 =   31.9/s Avg:   389 Min:    24 Max:  1032 Err:     0 (0.00%)
2026-03-31 11:02:00,614 INFO o.a.j.t.JMeterThread: Thread started: Cenario 2 - Carga Crescente 2-32
2026-03-31 11:02:02,413 INFO o.a.j.t.JMeterThread: Thread started: Cenario 2 - Carga Crescente 2-33
2026-03-31 11:02:04,214 INFO o.a.j.t.JMeterThread: Thread started: Cenario 2 - Carga Crescente 2-34
2026-03-31 11:02:06,013 INFO o.a.j.t.JMeterThread: Thread started: Cenario 2 - Carga Crescente 2-35
2026-03-31 11:02:07,813 INFO o.a.j.t.JMeterThread: Thread started: Cenario 2 - Carga Crescente 2-36
2026-03-31 11:02:09,614 INFO o.a.j.t.JMeterThread: Thread started: Cenario 2 - Carga Crescente 2-37
2026-03-31 11:02:11,414 INFO o.a.j.t.JMeterThread: Thread started: Cenario 2 - Carga Crescente 2-38
2026-03-31 11:02:13,213 INFO o.a.j.t.JMeterThread: Thread started: Cenario 2 - Carga Crescente 2-39
2026-03-31 11:02:15,013 INFO o.a.j.t.JMeterThread: Thread started: Cenario 2 - Carga Crescente 2-40
2026-03-31 11:02:16,815 INFO o.a.j.t.JMeterThread: Thread started: Cenario 2 - Carga Crescente 2-41
2026-03-31 11:02:18,614 INFO o.a.j.t.JMeterThread: Thread started: Cenario 2 - Carga Crescente 2-42
2026-03-31 11:02:20,414 INFO o.a.j.t.JMeterThread: Thread started: Cenario 2 - Carga Crescente 2-43
2026-03-31 11:02:22,213 INFO o.a.j.t.JMeterThread: Thread started: Cenario 2 - Carga Crescente 2-44
2026-03-31 11:02:24,014 INFO o.a.j.t.JMeterThread: Thread started: Cenario 2 - Carga Crescente 2-45
2026-03-31 11:02:25,814 INFO o.a.j.t.JMeterThread: Thread started: Cenario 2 - Carga Crescente 2-46
2026-03-31 11:02:27,614 INFO o.a.j.t.JMeterThread: Thread started: Cenario 2 - Carga Crescente 2-47
2026-03-31 11:02:29,414 INFO o.a.j.t.JMeterThread: Thread started: Cenario 2 - Carga Crescente 2-48
2026-03-31 11:02:30,037 INFO o.a.j.r.Summariser: summary +    964 in 00:00:30 =   32.1/s Avg:  1208 Min:   861 Max:  1534 Err:     0 (0.00%) Active: 48 Started: 58 Finished: 10
2026-03-31 11:02:30,037 INFO o.a.j.r.Summariser: summary =   4652 in 00:02:26 =   32.0/s Avg:   559 Min:    24 Max:  1534 Err:     0 (0.00%)
2026-03-31 11:02:31,215 INFO o.a.j.t.JMeterThread: Thread started: Cenario 2 - Carga Crescente 2-49
2026-03-31 11:02:33,013 INFO o.a.j.t.JMeterThread: Thread started: Cenario 2 - Carga Crescente 2-50
2026-03-31 11:02:34,843 INFO o.a.j.t.JMeterThread: Stopping because end time detected by thread: Cenario 2 - Carga Crescente 2-6
2026-03-31 11:02:34,843 INFO o.a.j.t.JMeterThread: Thread finished: Cenario 2 - Carga Crescente 2-6
2026-03-31 11:02:34,879 INFO o.a.j.t.JMeterThread: Stopping because end time detected by thread: Cenario 2 - Carga Crescente 2-8
2026-03-31 11:02:34,879 INFO o.a.j.t.JMeterThread: Thread finished: Cenario 2 - Carga Crescente 2-8
2026-03-31 11:02:34,916 INFO o.a.j.t.JMeterThread: Stopping because end time detected by thread: Cenario 2 - Carga Crescente 2-43
2026-03-31 11:02:34,916 INFO o.a.j.t.JMeterThread: Thread finished: Cenario 2 - Carga Crescente 2-43
2026-03-31 11:02:34,941 INFO o.a.j.t.JMeterThread: Stopping because end time detected by thread: Cenario 2 - Carga Crescente 2-25
2026-03-31 11:02:34,942 INFO o.a.j.t.JMeterThread: Thread finished: Cenario 2 - Carga Crescente 2-25
2026-03-31 11:02:34,982 INFO o.a.j.t.JMeterThread: Stopping because end time detected by thread: Cenario 2 - Carga Crescente 2-34
2026-03-31 11:02:34,982 INFO o.a.j.t.JMeterThread: Thread finished: Cenario 2 - Carga Crescente 2-34
2026-03-31 11:02:35,012 INFO o.a.j.t.JMeterThread: Stopping because end time detected by thread: Cenario 2 - Carga Crescente 2-37
2026-03-31 11:02:35,012 INFO o.a.j.t.JMeterThread: Thread finished: Cenario 2 - Carga Crescente 2-37
2026-03-31 11:02:35,036 INFO o.a.j.t.JMeterThread: Stopping because end time detected by thread: Cenario 2 - Carga Crescente 2-26
2026-03-31 11:02:35,036 INFO o.a.j.t.JMeterThread: Thread finished: Cenario 2 - Carga Crescente 2-26
2026-03-31 11:02:35,071 INFO o.a.j.t.JMeterThread: Stopping because end time detected by thread: Cenario 2 - Carga Crescente 2-1
2026-03-31 11:02:35,071 INFO o.a.j.t.JMeterThread: Thread finished: Cenario 2 - Carga Crescente 2-1
2026-03-31 11:02:35,100 INFO o.a.j.t.JMeterThread: Stopping because end time detected by thread: Cenario 2 - Carga Crescente 2-41
2026-03-31 11:02:35,100 INFO o.a.j.t.JMeterThread: Thread finished: Cenario 2 - Carga Crescente 2-41
2026-03-31 11:02:35,124 INFO o.a.j.t.JMeterThread: Stopping because end time detected by thread: Cenario 2 - Carga Crescente 2-7
2026-03-31 11:02:35,124 INFO o.a.j.t.JMeterThread: Thread finished: Cenario 2 - Carga Crescente 2-7
2026-03-31 11:02:35,162 INFO o.a.j.t.JMeterThread: Stopping because end time detected by thread: Cenario 2 - Carga Crescente 2-10
2026-03-31 11:02:35,162 INFO o.a.j.t.JMeterThread: Thread finished: Cenario 2 - Carga Crescente 2-10
2026-03-31 11:02:35,188 INFO o.a.j.t.JMeterThread: Stopping because end time detected by thread: Cenario 2 - Carga Crescente 2-17
2026-03-31 11:02:35,188 INFO o.a.j.t.JMeterThread: Thread finished: Cenario 2 - Carga Crescente 2-17
2026-03-31 11:02:35,220 INFO o.a.j.t.JMeterThread: Stopping because end time detected by thread: Cenario 2 - Carga Crescente 2-2
2026-03-31 11:02:35,221 INFO o.a.j.t.JMeterThread: Thread finished: Cenario 2 - Carga Crescente 2-2
2026-03-31 11:02:35,254 INFO o.a.j.t.JMeterThread: Stopping because end time detected by thread: Cenario 2 - Carga Crescente 2-47
2026-03-31 11:02:35,254 INFO o.a.j.t.JMeterThread: Thread finished: Cenario 2 - Carga Crescente 2-47
2026-03-31 11:02:35,283 INFO o.a.j.t.JMeterThread: Stopping because end time detected by thread: Cenario 2 - Carga Crescente 2-39
2026-03-31 11:02:35,283 INFO o.a.j.t.JMeterThread: Thread finished: Cenario 2 - Carga Crescente 2-39
2026-03-31 11:02:35,307 INFO o.a.j.t.JMeterThread: Stopping because end time detected by thread: Cenario 2 - Carga Crescente 2-9
2026-03-31 11:02:35,307 INFO o.a.j.t.JMeterThread: Thread finished: Cenario 2 - Carga Crescente 2-9
2026-03-31 11:02:35,347 INFO o.a.j.t.JMeterThread: Stopping because end time detected by thread: Cenario 2 - Carga Crescente 2-4
2026-03-31 11:02:35,347 INFO o.a.j.t.JMeterThread: Thread finished: Cenario 2 - Carga Crescente 2-4
2026-03-31 11:02:35,378 INFO o.a.j.t.JMeterThread: Stopping because end time detected by thread: Cenario 2 - Carga Crescente 2-44
2026-03-31 11:02:35,378 INFO o.a.j.t.JMeterThread: Thread finished: Cenario 2 - Carga Crescente 2-44
2026-03-31 11:02:35,401 INFO o.a.j.t.JMeterThread: Stopping because end time detected by thread: Cenario 2 - Carga Crescente 2-24
2026-03-31 11:02:35,401 INFO o.a.j.t.JMeterThread: Thread finished: Cenario 2 - Carga Crescente 2-24
2026-03-31 11:02:35,433 INFO o.a.j.t.JMeterThread: Stopping because end time detected by thread: Cenario 2 - Carga Crescente 2-18
2026-03-31 11:02:35,433 INFO o.a.j.t.JMeterThread: Thread finished: Cenario 2 - Carga Crescente 2-18
2026-03-31 11:02:35,464 INFO o.a.j.t.JMeterThread: Stopping because end time detected by thread: Cenario 2 - Carga Crescente 2-27
2026-03-31 11:02:35,464 INFO o.a.j.t.JMeterThread: Thread finished: Cenario 2 - Carga Crescente 2-27
2026-03-31 11:02:35,495 INFO o.a.j.t.JMeterThread: Stopping because end time detected by thread: Cenario 2 - Carga Crescente 2-22
2026-03-31 11:02:35,495 INFO o.a.j.t.JMeterThread: Thread finished: Cenario 2 - Carga Crescente 2-22
2026-03-31 11:02:35,525 INFO o.a.j.t.JMeterThread: Stopping because end time detected by thread: Cenario 2 - Carga Crescente 2-48
2026-03-31 11:02:35,525 INFO o.a.j.t.JMeterThread: Thread finished: Cenario 2 - Carga Crescente 2-48
2026-03-31 11:02:35,551 INFO o.a.j.t.JMeterThread: Stopping because end time detected by thread: Cenario 2 - Carga Crescente 2-32
2026-03-31 11:02:35,551 INFO o.a.j.t.JMeterThread: Thread finished: Cenario 2 - Carga Crescente 2-32
2026-03-31 11:02:35,582 INFO o.a.j.t.JMeterThread: Stopping because end time detected by thread: Cenario 2 - Carga Crescente 2-36
2026-03-31 11:02:35,582 INFO o.a.j.t.JMeterThread: Thread finished: Cenario 2 - Carga Crescente 2-36
2026-03-31 11:02:35,619 INFO o.a.j.t.JMeterThread: Stopping because end time detected by thread: Cenario 2 - Carga Crescente 2-13
2026-03-31 11:02:35,619 INFO o.a.j.t.JMeterThread: Thread finished: Cenario 2 - Carga Crescente 2-13
2026-03-31 11:02:35,649 INFO o.a.j.t.JMeterThread: Stopping because end time detected by thread: Cenario 2 - Carga Crescente 2-33
2026-03-31 11:02:35,649 INFO o.a.j.t.JMeterThread: Thread finished: Cenario 2 - Carga Crescente 2-33
2026-03-31 11:02:35,677 INFO o.a.j.t.JMeterThread: Stopping because end time detected by thread: Cenario 2 - Carga Crescente 2-3
2026-03-31 11:02:35,677 INFO o.a.j.t.JMeterThread: Thread finished: Cenario 2 - Carga Crescente 2-3
2026-03-31 11:02:35,716 INFO o.a.j.t.JMeterThread: Stopping because end time detected by thread: Cenario 2 - Carga Crescente 2-14
2026-03-31 11:02:35,716 INFO o.a.j.t.JMeterThread: Thread finished: Cenario 2 - Carga Crescente 2-14
2026-03-31 11:02:35,752 INFO o.a.j.t.JMeterThread: Stopping because end time detected by thread: Cenario 2 - Carga Crescente 2-12
2026-03-31 11:02:35,753 INFO o.a.j.t.JMeterThread: Thread finished: Cenario 2 - Carga Crescente 2-12
2026-03-31 11:02:35,777 INFO o.a.j.t.JMeterThread: Stopping because end time detected by thread: Cenario 2 - Carga Crescente 2-28
2026-03-31 11:02:35,778 INFO o.a.j.t.JMeterThread: Thread finished: Cenario 2 - Carga Crescente 2-28
2026-03-31 11:02:35,813 INFO o.a.j.t.JMeterThread: Stopping because end time detected by thread: Cenario 2 - Carga Crescente 2-31
2026-03-31 11:02:35,813 INFO o.a.j.t.JMeterThread: Thread finished: Cenario 2 - Carga Crescente 2-31
2026-03-31 11:02:35,843 INFO o.a.j.t.JMeterThread: Stopping because end time detected by thread: Cenario 2 - Carga Crescente 2-45
2026-03-31 11:02:35,843 INFO o.a.j.t.JMeterThread: Thread finished: Cenario 2 - Carga Crescente 2-45
2026-03-31 11:02:35,878 INFO o.a.j.t.JMeterThread: Stopping because end time detected by thread: Cenario 2 - Carga Crescente 2-49
2026-03-31 11:02:35,878 INFO o.a.j.t.JMeterThread: Thread finished: Cenario 2 - Carga Crescente 2-49
2026-03-31 11:02:35,934 INFO o.a.j.t.JMeterThread: Stopping because end time detected by thread: Cenario 2 - Carga Crescente 2-42
2026-03-31 11:02:35,934 INFO o.a.j.t.JMeterThread: Thread finished: Cenario 2 - Carga Crescente 2-42
2026-03-31 11:02:35,964 INFO o.a.j.t.JMeterThread: Stopping because end time detected by thread: Cenario 2 - Carga Crescente 2-29
2026-03-31 11:02:35,964 INFO o.a.j.t.JMeterThread: Thread finished: Cenario 2 - Carga Crescente 2-29
2026-03-31 11:02:35,993 INFO o.a.j.t.JMeterThread: Stopping because end time detected by thread: Cenario 2 - Carga Crescente 2-21
2026-03-31 11:02:35,994 INFO o.a.j.t.JMeterThread: Thread finished: Cenario 2 - Carga Crescente 2-21
2026-03-31 11:02:36,026 INFO o.a.j.t.JMeterThread: Stopping because end time detected by thread: Cenario 2 - Carga Crescente 2-40
2026-03-31 11:02:36,027 INFO o.a.j.t.JMeterThread: Thread finished: Cenario 2 - Carga Crescente 2-40
2026-03-31 11:02:36,063 INFO o.a.j.t.JMeterThread: Stopping because end time detected by thread: Cenario 2 - Carga Crescente 2-38
2026-03-31 11:02:36,063 INFO o.a.j.t.JMeterThread: Thread finished: Cenario 2 - Carga Crescente 2-38
2026-03-31 11:02:36,106 INFO o.a.j.t.JMeterThread: Stopping because end time detected by thread: Cenario 2 - Carga Crescente 2-30
2026-03-31 11:02:36,106 INFO o.a.j.t.JMeterThread: Thread finished: Cenario 2 - Carga Crescente 2-30
2026-03-31 11:02:36,141 INFO o.a.j.t.JMeterThread: Stopping because end time detected by thread: Cenario 2 - Carga Crescente 2-20
2026-03-31 11:02:36,142 INFO o.a.j.t.JMeterThread: Thread finished: Cenario 2 - Carga Crescente 2-20
2026-03-31 11:02:36,166 INFO o.a.j.t.JMeterThread: Stopping because end time detected by thread: Cenario 2 - Carga Crescente 2-15
2026-03-31 11:02:36,167 INFO o.a.j.t.JMeterThread: Thread finished: Cenario 2 - Carga Crescente 2-15
2026-03-31 11:02:36,188 INFO o.a.j.t.JMeterThread: Stopping because end time detected by thread: Cenario 2 - Carga Crescente 2-16
2026-03-31 11:02:36,188 INFO o.a.j.t.JMeterThread: Thread finished: Cenario 2 - Carga Crescente 2-16
2026-03-31 11:02:36,223 INFO o.a.j.t.JMeterThread: Stopping because end time detected by thread: Cenario 2 - Carga Crescente 2-50
2026-03-31 11:02:36,223 INFO o.a.j.t.JMeterThread: Thread finished: Cenario 2 - Carga Crescente 2-50
2026-03-31 11:02:36,259 INFO o.a.j.t.JMeterThread: Stopping because end time detected by thread: Cenario 2 - Carga Crescente 2-35
2026-03-31 11:02:36,260 INFO o.a.j.t.JMeterThread: Thread finished: Cenario 2 - Carga Crescente 2-35
2026-03-31 11:02:36,295 INFO o.a.j.t.JMeterThread: Stopping because end time detected by thread: Cenario 2 - Carga Crescente 2-5
2026-03-31 11:02:36,295 INFO o.a.j.t.JMeterThread: Thread finished: Cenario 2 - Carga Crescente 2-5
2026-03-31 11:02:36,333 INFO o.a.j.t.JMeterThread: Stopping because end time detected by thread: Cenario 2 - Carga Crescente 2-19
2026-03-31 11:02:36,333 INFO o.a.j.t.JMeterThread: Thread finished: Cenario 2 - Carga Crescente 2-19
2026-03-31 11:02:36,384 INFO o.a.j.t.JMeterThread: Stopping because end time detected by thread: Cenario 2 - Carga Crescente 2-11
2026-03-31 11:02:36,385 INFO o.a.j.t.JMeterThread: Thread finished: Cenario 2 - Carga Crescente 2-11
2026-03-31 11:02:36,388 INFO o.a.j.t.JMeterThread: Stopping because end time detected by thread: Cenario 2 - Carga Crescente 2-23
2026-03-31 11:02:36,388 INFO o.a.j.t.JMeterThread: Thread finished: Cenario 2 - Carga Crescente 2-23
2026-03-31 11:02:36,413 INFO o.a.j.t.JMeterThread: Stopping because end time detected by thread: Cenario 2 - Carga Crescente 2-46
2026-03-31 11:02:36,414 INFO o.a.j.t.JMeterThread: Thread finished: Cenario 2 - Carga Crescente 2-46
2026-03-31 11:02:36,414 INFO o.a.j.e.StandardJMeterEngine: Starting ThreadGroup: 3 : Cenario 3 - Pico de Requisicoes
2026-03-31 11:02:36,414 INFO o.a.j.e.StandardJMeterEngine: Starting 100 threads for group Cenario 3 - Pico de Requisicoes.
2026-03-31 11:02:36,414 INFO o.a.j.e.StandardJMeterEngine: Thread will continue on error
2026-03-31 11:02:36,414 INFO o.a.j.t.ThreadGroup: Starting thread group... number=3 threads=100 ramp-up=5 delayedStart=false
2026-03-31 11:02:36,415 INFO o.a.j.t.JMeterThread: Thread started: Cenario 3 - Pico de Requisicoes 3-1
2026-03-31 11:02:36,436 INFO o.a.j.t.ThreadGroup: Started thread group number 3
2026-03-31 11:02:36,436 INFO o.a.j.e.StandardJMeterEngine: All thread groups have been started
2026-03-31 11:02:36,464 INFO o.a.j.t.JMeterThread: Thread started: Cenario 3 - Pico de Requisicoes 3-2
2026-03-31 11:02:36,515 INFO o.a.j.t.JMeterThread: Thread started: Cenario 3 - Pico de Requisicoes 3-3
2026-03-31 11:02:36,565 INFO o.a.j.t.JMeterThread: Thread started: Cenario 3 - Pico de Requisicoes 3-4
2026-03-31 11:02:36,614 INFO o.a.j.t.JMeterThread: Thread started: Cenario 3 - Pico de Requisicoes 3-5
2026-03-31 11:02:36,665 INFO o.a.j.t.JMeterThread: Thread started: Cenario 3 - Pico de Requisicoes 3-6
2026-03-31 11:02:36,715 INFO o.a.j.t.JMeterThread: Thread started: Cenario 3 - Pico de Requisicoes 3-7
2026-03-31 11:02:36,764 INFO o.a.j.t.JMeterThread: Thread started: Cenario 3 - Pico de Requisicoes 3-8
2026-03-31 11:02:36,815 INFO o.a.j.t.JMeterThread: Thread started: Cenario 3 - Pico de Requisicoes 3-9
2026-03-31 11:02:36,865 INFO o.a.j.t.JMeterThread: Thread started: Cenario 3 - Pico de Requisicoes 3-10
2026-03-31 11:02:36,914 INFO o.a.j.t.JMeterThread: Thread started: Cenario 3 - Pico de Requisicoes 3-11
2026-03-31 11:02:36,964 INFO o.a.j.t.JMeterThread: Thread started: Cenario 3 - Pico de Requisicoes 3-12
2026-03-31 11:02:37,014 INFO o.a.j.t.JMeterThread: Thread started: Cenario 3 - Pico de Requisicoes 3-13
2026-03-31 11:02:37,065 INFO o.a.j.t.JMeterThread: Thread started: Cenario 3 - Pico de Requisicoes 3-14
2026-03-31 11:02:37,115 INFO o.a.j.t.JMeterThread: Thread started: Cenario 3 - Pico de Requisicoes 3-15
2026-03-31 11:02:37,164 INFO o.a.j.t.JMeterThread: Thread started: Cenario 3 - Pico de Requisicoes 3-16
2026-03-31 11:02:37,214 INFO o.a.j.t.JMeterThread: Thread started: Cenario 3 - Pico de Requisicoes 3-17
2026-03-31 11:02:37,264 INFO o.a.j.t.JMeterThread: Thread started: Cenario 3 - Pico de Requisicoes 3-18
2026-03-31 11:02:37,315 INFO o.a.j.t.JMeterThread: Thread started: Cenario 3 - Pico de Requisicoes 3-19
2026-03-31 11:02:37,365 INFO o.a.j.t.JMeterThread: Thread started: Cenario 3 - Pico de Requisicoes 3-20
2026-03-31 11:02:37,414 INFO o.a.j.t.JMeterThread: Thread started: Cenario 3 - Pico de Requisicoes 3-21
2026-03-31 11:02:37,464 INFO o.a.j.t.JMeterThread: Thread started: Cenario 3 - Pico de Requisicoes 3-22
2026-03-31 11:02:37,515 INFO o.a.j.t.JMeterThread: Thread started: Cenario 3 - Pico de Requisicoes 3-23
2026-03-31 11:02:37,565 INFO o.a.j.t.JMeterThread: Thread started: Cenario 3 - Pico de Requisicoes 3-24
2026-03-31 11:02:37,615 INFO o.a.j.t.JMeterThread: Thread started: Cenario 3 - Pico de Requisicoes 3-25
2026-03-31 11:02:37,664 INFO o.a.j.t.JMeterThread: Thread started: Cenario 3 - Pico de Requisicoes 3-26
2026-03-31 11:02:37,715 INFO o.a.j.t.JMeterThread: Thread started: Cenario 3 - Pico de Requisicoes 3-27
2026-03-31 11:02:37,765 INFO o.a.j.t.JMeterThread: Thread started: Cenario 3 - Pico de Requisicoes 3-28
2026-03-31 11:02:37,815 INFO o.a.j.t.JMeterThread: Thread started: Cenario 3 - Pico de Requisicoes 3-29
2026-03-31 11:02:37,864 INFO o.a.j.t.JMeterThread: Thread started: Cenario 3 - Pico de Requisicoes 3-30
2026-03-31 11:02:37,914 INFO o.a.j.t.JMeterThread: Thread started: Cenario 3 - Pico de Requisicoes 3-31
2026-03-31 11:02:37,964 INFO o.a.j.t.JMeterThread: Thread started: Cenario 3 - Pico de Requisicoes 3-32
2026-03-31 11:02:38,015 INFO o.a.j.t.JMeterThread: Thread started: Cenario 3 - Pico de Requisicoes 3-33
2026-03-31 11:02:38,065 INFO o.a.j.t.JMeterThread: Thread started: Cenario 3 - Pico de Requisicoes 3-34
2026-03-31 11:02:38,114 INFO o.a.j.t.JMeterThread: Thread started: Cenario 3 - Pico de Requisicoes 3-35
2026-03-31 11:02:38,164 INFO o.a.j.t.JMeterThread: Thread started: Cenario 3 - Pico de Requisicoes 3-36
2026-03-31 11:02:38,215 INFO o.a.j.t.JMeterThread: Thread started: Cenario 3 - Pico de Requisicoes 3-37
2026-03-31 11:02:38,265 INFO o.a.j.t.JMeterThread: Thread started: Cenario 3 - Pico de Requisicoes 3-38
2026-03-31 11:02:38,315 INFO o.a.j.t.JMeterThread: Thread started: Cenario 3 - Pico de Requisicoes 3-39
2026-03-31 11:02:38,364 INFO o.a.j.t.JMeterThread: Thread started: Cenario 3 - Pico de Requisicoes 3-40
2026-03-31 11:02:38,414 INFO o.a.j.t.JMeterThread: Thread started: Cenario 3 - Pico de Requisicoes 3-41
2026-03-31 11:02:38,464 INFO o.a.j.t.JMeterThread: Thread started: Cenario 3 - Pico de Requisicoes 3-42
2026-03-31 11:02:38,515 INFO o.a.j.t.JMeterThread: Thread started: Cenario 3 - Pico de Requisicoes 3-43
2026-03-31 11:02:38,565 INFO o.a.j.t.JMeterThread: Thread started: Cenario 3 - Pico de Requisicoes 3-44
2026-03-31 11:02:38,614 INFO o.a.j.t.JMeterThread: Thread started: Cenario 3 - Pico de Requisicoes 3-45
2026-03-31 11:02:38,664 INFO o.a.j.t.JMeterThread: Thread started: Cenario 3 - Pico de Requisicoes 3-46
2026-03-31 11:02:38,715 INFO o.a.j.t.JMeterThread: Thread started: Cenario 3 - Pico de Requisicoes 3-47
2026-03-31 11:02:38,765 INFO o.a.j.t.JMeterThread: Thread started: Cenario 3 - Pico de Requisicoes 3-48
2026-03-31 11:02:38,815 INFO o.a.j.t.JMeterThread: Thread started: Cenario 3 - Pico de Requisicoes 3-49
2026-03-31 11:02:38,864 INFO o.a.j.t.JMeterThread: Thread started: Cenario 3 - Pico de Requisicoes 3-50
2026-03-31 11:02:38,914 INFO o.a.j.t.JMeterThread: Thread started: Cenario 3 - Pico de Requisicoes 3-51
2026-03-31 11:02:38,965 INFO o.a.j.t.JMeterThread: Thread started: Cenario 3 - Pico de Requisicoes 3-52
2026-03-31 11:02:39,015 INFO o.a.j.t.JMeterThread: Thread started: Cenario 3 - Pico de Requisicoes 3-53
2026-03-31 11:02:39,065 INFO o.a.j.t.JMeterThread: Thread started: Cenario 3 - Pico de Requisicoes 3-54
2026-03-31 11:02:39,114 INFO o.a.j.t.JMeterThread: Thread started: Cenario 3 - Pico de Requisicoes 3-55
2026-03-31 11:02:39,165 INFO o.a.j.t.JMeterThread: Thread started: Cenario 3 - Pico de Requisicoes 3-56
2026-03-31 11:02:39,214 INFO o.a.j.t.JMeterThread: Thread started: Cenario 3 - Pico de Requisicoes 3-57
2026-03-31 11:02:39,265 INFO o.a.j.t.JMeterThread: Thread started: Cenario 3 - Pico de Requisicoes 3-58
2026-03-31 11:02:39,314 INFO o.a.j.t.JMeterThread: Thread started: Cenario 3 - Pico de Requisicoes 3-59
2026-03-31 11:02:39,364 INFO o.a.j.t.JMeterThread: Thread started: Cenario 3 - Pico de Requisicoes 3-60
2026-03-31 11:02:39,415 INFO o.a.j.t.JMeterThread: Thread started: Cenario 3 - Pico de Requisicoes 3-61
2026-03-31 11:02:39,465 INFO o.a.j.t.JMeterThread: Thread started: Cenario 3 - Pico de Requisicoes 3-62
2026-03-31 11:02:39,515 INFO o.a.j.t.JMeterThread: Thread started: Cenario 3 - Pico de Requisicoes 3-63
2026-03-31 11:02:39,564 INFO o.a.j.t.JMeterThread: Thread started: Cenario 3 - Pico de Requisicoes 3-64
2026-03-31 11:02:39,614 INFO o.a.j.t.JMeterThread: Thread started: Cenario 3 - Pico de Requisicoes 3-65
2026-03-31 11:02:39,665 INFO o.a.j.t.JMeterThread: Thread started: Cenario 3 - Pico de Requisicoes 3-66
2026-03-31 11:02:39,715 INFO o.a.j.t.JMeterThread: Thread started: Cenario 3 - Pico de Requisicoes 3-67
2026-03-31 11:02:39,765 INFO o.a.j.t.JMeterThread: Thread started: Cenario 3 - Pico de Requisicoes 3-68
2026-03-31 11:02:39,814 INFO o.a.j.t.JMeterThread: Thread started: Cenario 3 - Pico de Requisicoes 3-69
2026-03-31 11:02:39,865 INFO o.a.j.t.JMeterThread: Thread started: Cenario 3 - Pico de Requisicoes 3-70
2026-03-31 11:02:39,915 INFO o.a.j.t.JMeterThread: Thread started: Cenario 3 - Pico de Requisicoes 3-71
2026-03-31 11:02:39,965 INFO o.a.j.t.JMeterThread: Thread started: Cenario 3 - Pico de Requisicoes 3-72
2026-03-31 11:02:40,014 INFO o.a.j.t.JMeterThread: Thread started: Cenario 3 - Pico de Requisicoes 3-73
2026-03-31 11:02:40,064 INFO o.a.j.t.JMeterThread: Thread started: Cenario 3 - Pico de Requisicoes 3-74
2026-03-31 11:02:40,114 INFO o.a.j.t.JMeterThread: Thread started: Cenario 3 - Pico de Requisicoes 3-75
2026-03-31 11:02:40,165 INFO o.a.j.t.JMeterThread: Thread started: Cenario 3 - Pico de Requisicoes 3-76
2026-03-31 11:02:40,215 INFO o.a.j.t.JMeterThread: Thread started: Cenario 3 - Pico de Requisicoes 3-77
2026-03-31 11:02:40,264 INFO o.a.j.t.JMeterThread: Thread started: Cenario 3 - Pico de Requisicoes 3-78
2026-03-31 11:02:40,314 INFO o.a.j.t.JMeterThread: Thread started: Cenario 3 - Pico de Requisicoes 3-79
2026-03-31 11:02:40,365 INFO o.a.j.t.JMeterThread: Thread started: Cenario 3 - Pico de Requisicoes 3-80
2026-03-31 11:02:40,414 INFO o.a.j.t.JMeterThread: Thread started: Cenario 3 - Pico de Requisicoes 3-81
2026-03-31 11:02:40,465 INFO o.a.j.t.JMeterThread: Thread started: Cenario 3 - Pico de Requisicoes 3-82
2026-03-31 11:02:40,515 INFO o.a.j.t.JMeterThread: Thread started: Cenario 3 - Pico de Requisicoes 3-83
2026-03-31 11:02:40,564 INFO o.a.j.t.JMeterThread: Thread started: Cenario 3 - Pico de Requisicoes 3-84
2026-03-31 11:02:40,614 INFO o.a.j.t.JMeterThread: Thread started: Cenario 3 - Pico de Requisicoes 3-85
2026-03-31 11:02:40,665 INFO o.a.j.t.JMeterThread: Thread started: Cenario 3 - Pico de Requisicoes 3-86
2026-03-31 11:02:40,714 INFO o.a.j.t.JMeterThread: Thread started: Cenario 3 - Pico de Requisicoes 3-87
2026-03-31 11:02:40,765 INFO o.a.j.t.JMeterThread: Thread started: Cenario 3 - Pico de Requisicoes 3-88
2026-03-31 11:02:40,815 INFO o.a.j.t.JMeterThread: Thread started: Cenario 3 - Pico de Requisicoes 3-89
2026-03-31 11:02:40,864 INFO o.a.j.t.JMeterThread: Thread started: Cenario 3 - Pico de Requisicoes 3-90
2026-03-31 11:02:40,914 INFO o.a.j.t.JMeterThread: Thread started: Cenario 3 - Pico de Requisicoes 3-91
2026-03-31 11:02:40,965 INFO o.a.j.t.JMeterThread: Thread started: Cenario 3 - Pico de Requisicoes 3-92
2026-03-31 11:02:41,014 INFO o.a.j.t.JMeterThread: Thread started: Cenario 3 - Pico de Requisicoes 3-93
2026-03-31 11:02:41,065 INFO o.a.j.t.JMeterThread: Thread started: Cenario 3 - Pico de Requisicoes 3-94
2026-03-31 11:02:41,114 INFO o.a.j.t.JMeterThread: Thread started: Cenario 3 - Pico de Requisicoes 3-95
2026-03-31 11:02:41,164 INFO o.a.j.t.JMeterThread: Thread started: Cenario 3 - Pico de Requisicoes 3-96
2026-03-31 11:02:41,215 INFO o.a.j.t.JMeterThread: Thread started: Cenario 3 - Pico de Requisicoes 3-97
2026-03-31 11:02:41,264 INFO o.a.j.t.JMeterThread: Thread started: Cenario 3 - Pico de Requisicoes 3-98
2026-03-31 11:02:41,315 INFO o.a.j.t.JMeterThread: Thread started: Cenario 3 - Pico de Requisicoes 3-99
2026-03-31 11:02:41,365 INFO o.a.j.t.JMeterThread: Thread started: Cenario 3 - Pico de Requisicoes 3-100
2026-03-31 11:03:00,021 INFO o.a.j.r.Summariser: summary +    937 in 00:00:30 =   31.3/s Avg:  2416 Min:    26 Max:  3341 Err:     0 (0.00%) Active: 100 Started: 160 Finished: 60
2026-03-31 11:03:00,021 INFO o.a.j.r.Summariser: summary =   5589 in 00:02:56 =   31.8/s Avg:   870 Min:    24 Max:  3341 Err:     0 (0.00%)
2026-03-31 11:03:06,449 INFO o.a.j.t.JMeterThread: Stopping because end time detected by thread: Cenario 3 - Pico de Requisicoes 3-35
2026-03-31 11:03:06,449 INFO o.a.j.t.JMeterThread: Thread finished: Cenario 3 - Pico de Requisicoes 3-35
2026-03-31 11:03:06,472 INFO o.a.j.t.JMeterThread: Stopping because end time detected by thread: Cenario 3 - Pico de Requisicoes 3-96
2026-03-31 11:03:06,472 INFO o.a.j.t.JMeterThread: Thread finished: Cenario 3 - Pico de Requisicoes 3-96
2026-03-31 11:03:06,508 INFO o.a.j.t.JMeterThread: Stopping because end time detected by thread: Cenario 3 - Pico de Requisicoes 3-58
2026-03-31 11:03:06,509 INFO o.a.j.t.JMeterThread: Thread finished: Cenario 3 - Pico de Requisicoes 3-58
2026-03-31 11:03:06,536 INFO o.a.j.t.JMeterThread: Stopping because end time detected by thread: Cenario 3 - Pico de Requisicoes 3-36
2026-03-31 11:03:06,536 INFO o.a.j.t.JMeterThread: Thread finished: Cenario 3 - Pico de Requisicoes 3-36
2026-03-31 11:03:06,570 INFO o.a.j.t.JMeterThread: Stopping because end time detected by thread: Cenario 3 - Pico de Requisicoes 3-59
2026-03-31 11:03:06,570 INFO o.a.j.t.JMeterThread: Thread finished: Cenario 3 - Pico de Requisicoes 3-59
2026-03-31 11:03:06,605 INFO o.a.j.t.JMeterThread: Stopping because end time detected by thread: Cenario 3 - Pico de Requisicoes 3-97
2026-03-31 11:03:06,605 INFO o.a.j.t.JMeterThread: Thread finished: Cenario 3 - Pico de Requisicoes 3-97
2026-03-31 11:03:06,648 INFO o.a.j.t.JMeterThread: Stopping because end time detected by thread: Cenario 3 - Pico de Requisicoes 3-98
2026-03-31 11:03:06,648 INFO o.a.j.t.JMeterThread: Thread finished: Cenario 3 - Pico de Requisicoes 3-98
2026-03-31 11:03:06,671 INFO o.a.j.t.JMeterThread: Stopping because end time detected by thread: Cenario 3 - Pico de Requisicoes 3-99
2026-03-31 11:03:06,671 INFO o.a.j.t.JMeterThread: Thread finished: Cenario 3 - Pico de Requisicoes 3-99
2026-03-31 11:03:06,728 INFO o.a.j.t.JMeterThread: Stopping because end time detected by thread: Cenario 3 - Pico de Requisicoes 3-14
2026-03-31 11:03:06,728 INFO o.a.j.t.JMeterThread: Thread finished: Cenario 3 - Pico de Requisicoes 3-14
2026-03-31 11:03:06,758 INFO o.a.j.t.JMeterThread: Stopping because end time detected by thread: Cenario 3 - Pico de Requisicoes 3-13
2026-03-31 11:03:06,758 INFO o.a.j.t.JMeterThread: Thread finished: Cenario 3 - Pico de Requisicoes 3-13
2026-03-31 11:03:06,783 INFO o.a.j.t.JMeterThread: Stopping because end time detected by thread: Cenario 3 - Pico de Requisicoes 3-60
2026-03-31 11:03:06,783 INFO o.a.j.t.JMeterThread: Thread finished: Cenario 3 - Pico de Requisicoes 3-60
2026-03-31 11:03:06,817 INFO o.a.j.t.JMeterThread: Stopping because end time detected by thread: Cenario 3 - Pico de Requisicoes 3-100
2026-03-31 11:03:06,817 INFO o.a.j.t.JMeterThread: Thread finished: Cenario 3 - Pico de Requisicoes 3-100
2026-03-31 11:03:06,841 INFO o.a.j.t.JMeterThread: Stopping because end time detected by thread: Cenario 3 - Pico de Requisicoes 3-22
2026-03-31 11:03:06,841 INFO o.a.j.t.JMeterThread: Thread finished: Cenario 3 - Pico de Requisicoes 3-22
2026-03-31 11:03:06,891 INFO o.a.j.t.JMeterThread: Stopping because end time detected by thread: Cenario 3 - Pico de Requisicoes 3-38
2026-03-31 11:03:06,891 INFO o.a.j.t.JMeterThread: Thread finished: Cenario 3 - Pico de Requisicoes 3-38
2026-03-31 11:03:06,934 INFO o.a.j.t.JMeterThread: Stopping because end time detected by thread: Cenario 3 - Pico de Requisicoes 3-61
2026-03-31 11:03:06,934 INFO o.a.j.t.JMeterThread: Thread finished: Cenario 3 - Pico de Requisicoes 3-61
2026-03-31 11:03:06,962 INFO o.a.j.t.JMeterThread: Stopping because end time detected by thread: Cenario 3 - Pico de Requisicoes 3-37
2026-03-31 11:03:06,962 INFO o.a.j.t.JMeterThread: Thread finished: Cenario 3 - Pico de Requisicoes 3-37
2026-03-31 11:03:06,986 INFO o.a.j.t.JMeterThread: Stopping because end time detected by thread: Cenario 3 - Pico de Requisicoes 3-1
2026-03-31 11:03:06,987 INFO o.a.j.t.JMeterThread: Thread finished: Cenario 3 - Pico de Requisicoes 3-1
2026-03-31 11:03:07,035 INFO o.a.j.t.JMeterThread: Stopping because end time detected by thread: Cenario 3 - Pico de Requisicoes 3-62
2026-03-31 11:03:07,035 INFO o.a.j.t.JMeterThread: Thread finished: Cenario 3 - Pico de Requisicoes 3-62
2026-03-31 11:03:07,056 INFO o.a.j.t.JMeterThread: Stopping because end time detected by thread: Cenario 3 - Pico de Requisicoes 3-63
2026-03-31 11:03:07,057 INFO o.a.j.t.JMeterThread: Thread finished: Cenario 3 - Pico de Requisicoes 3-63
2026-03-31 11:03:07,081 INFO o.a.j.t.JMeterThread: Stopping because end time detected by thread: Cenario 3 - Pico de Requisicoes 3-23
2026-03-31 11:03:07,081 INFO o.a.j.t.JMeterThread: Thread finished: Cenario 3 - Pico de Requisicoes 3-23
2026-03-31 11:03:07,116 INFO o.a.j.t.JMeterThread: Stopping because end time detected by thread: Cenario 3 - Pico de Requisicoes 3-64
2026-03-31 11:03:07,116 INFO o.a.j.t.JMeterThread: Thread finished: Cenario 3 - Pico de Requisicoes 3-64
2026-03-31 11:03:07,140 INFO o.a.j.t.JMeterThread: Stopping because end time detected by thread: Cenario 3 - Pico de Requisicoes 3-9
2026-03-31 11:03:07,140 INFO o.a.j.t.JMeterThread: Thread finished: Cenario 3 - Pico de Requisicoes 3-9
2026-03-31 11:03:07,174 INFO o.a.j.t.JMeterThread: Stopping because end time detected by thread: Cenario 3 - Pico de Requisicoes 3-65
2026-03-31 11:03:07,175 INFO o.a.j.t.JMeterThread: Thread finished: Cenario 3 - Pico de Requisicoes 3-65
2026-03-31 11:03:07,207 INFO o.a.j.t.JMeterThread: Stopping because end time detected by thread: Cenario 3 - Pico de Requisicoes 3-24
2026-03-31 11:03:07,207 INFO o.a.j.t.JMeterThread: Thread finished: Cenario 3 - Pico de Requisicoes 3-24
2026-03-31 11:03:07,237 INFO o.a.j.t.JMeterThread: Stopping because end time detected by thread: Cenario 3 - Pico de Requisicoes 3-39
2026-03-31 11:03:07,237 INFO o.a.j.t.JMeterThread: Thread finished: Cenario 3 - Pico de Requisicoes 3-39
2026-03-31 11:03:07,265 INFO o.a.j.t.JMeterThread: Stopping because end time detected by thread: Cenario 3 - Pico de Requisicoes 3-66
2026-03-31 11:03:07,265 INFO o.a.j.t.JMeterThread: Thread finished: Cenario 3 - Pico de Requisicoes 3-66
2026-03-31 11:03:07,307 INFO o.a.j.t.JMeterThread: Stopping because end time detected by thread: Cenario 3 - Pico de Requisicoes 3-40
2026-03-31 11:03:07,307 INFO o.a.j.t.JMeterThread: Thread finished: Cenario 3 - Pico de Requisicoes 3-40
2026-03-31 11:03:07,349 INFO o.a.j.t.JMeterThread: Stopping because end time detected by thread: Cenario 3 - Pico de Requisicoes 3-6
2026-03-31 11:03:07,349 INFO o.a.j.t.JMeterThread: Thread finished: Cenario 3 - Pico de Requisicoes 3-6
2026-03-31 11:03:07,353 INFO o.a.j.t.JMeterThread: Stopping because end time detected by thread: Cenario 3 - Pico de Requisicoes 3-67
2026-03-31 11:03:07,353 INFO o.a.j.t.JMeterThread: Thread finished: Cenario 3 - Pico de Requisicoes 3-67
2026-03-31 11:03:07,387 INFO o.a.j.t.JMeterThread: Stopping because end time detected by thread: Cenario 3 - Pico de Requisicoes 3-15
2026-03-31 11:03:07,387 INFO o.a.j.t.JMeterThread: Thread finished: Cenario 3 - Pico de Requisicoes 3-15
2026-03-31 11:03:07,422 INFO o.a.j.t.JMeterThread: Stopping because end time detected by thread: Cenario 3 - Pico de Requisicoes 3-25
2026-03-31 11:03:07,423 INFO o.a.j.t.JMeterThread: Thread finished: Cenario 3 - Pico de Requisicoes 3-25
2026-03-31 11:03:07,452 INFO o.a.j.t.JMeterThread: Stopping because end time detected by thread: Cenario 3 - Pico de Requisicoes 3-68
2026-03-31 11:03:07,452 INFO o.a.j.t.JMeterThread: Thread finished: Cenario 3 - Pico de Requisicoes 3-68
2026-03-31 11:03:07,493 INFO o.a.j.t.JMeterThread: Stopping because end time detected by thread: Cenario 3 - Pico de Requisicoes 3-41
2026-03-31 11:03:07,493 INFO o.a.j.t.JMeterThread: Thread finished: Cenario 3 - Pico de Requisicoes 3-41
2026-03-31 11:03:07,523 INFO o.a.j.t.JMeterThread: Stopping because end time detected by thread: Cenario 3 - Pico de Requisicoes 3-69
2026-03-31 11:03:07,523 INFO o.a.j.t.JMeterThread: Thread finished: Cenario 3 - Pico de Requisicoes 3-69
2026-03-31 11:03:07,550 INFO o.a.j.t.JMeterThread: Stopping because end time detected by thread: Cenario 3 - Pico de Requisicoes 3-42
2026-03-31 11:03:07,550 INFO o.a.j.t.JMeterThread: Thread finished: Cenario 3 - Pico de Requisicoes 3-42
2026-03-31 11:03:07,583 INFO o.a.j.t.JMeterThread: Stopping because end time detected by thread: Cenario 3 - Pico de Requisicoes 3-4
2026-03-31 11:03:07,583 INFO o.a.j.t.JMeterThread: Thread finished: Cenario 3 - Pico de Requisicoes 3-4
2026-03-31 11:03:07,610 INFO o.a.j.t.JMeterThread: Stopping because end time detected by thread: Cenario 3 - Pico de Requisicoes 3-16
2026-03-31 11:03:07,610 INFO o.a.j.t.JMeterThread: Thread finished: Cenario 3 - Pico de Requisicoes 3-16
2026-03-31 11:03:07,641 INFO o.a.j.t.JMeterThread: Stopping because end time detected by thread: Cenario 3 - Pico de Requisicoes 3-70
2026-03-31 11:03:07,641 INFO o.a.j.t.JMeterThread: Thread finished: Cenario 3 - Pico de Requisicoes 3-70
2026-03-31 11:03:07,694 INFO o.a.j.t.JMeterThread: Stopping because end time detected by thread: Cenario 3 - Pico de Requisicoes 3-43
2026-03-31 11:03:07,694 INFO o.a.j.t.JMeterThread: Thread finished: Cenario 3 - Pico de Requisicoes 3-43
2026-03-31 11:03:07,699 INFO o.a.j.t.JMeterThread: Stopping because end time detected by thread: Cenario 3 - Pico de Requisicoes 3-71
2026-03-31 11:03:07,699 INFO o.a.j.t.JMeterThread: Thread finished: Cenario 3 - Pico de Requisicoes 3-71
2026-03-31 11:03:07,722 INFO o.a.j.t.JMeterThread: Stopping because end time detected by thread: Cenario 3 - Pico de Requisicoes 3-26
2026-03-31 11:03:07,722 INFO o.a.j.t.JMeterThread: Thread finished: Cenario 3 - Pico de Requisicoes 3-26
2026-03-31 11:03:07,765 INFO o.a.j.t.JMeterThread: Stopping because end time detected by thread: Cenario 3 - Pico de Requisicoes 3-10
2026-03-31 11:03:07,766 INFO o.a.j.t.JMeterThread: Thread finished: Cenario 3 - Pico de Requisicoes 3-10
2026-03-31 11:03:07,787 INFO o.a.j.t.JMeterThread: Stopping because end time detected by thread: Cenario 3 - Pico de Requisicoes 3-72
2026-03-31 11:03:07,787 INFO o.a.j.t.JMeterThread: Thread finished: Cenario 3 - Pico de Requisicoes 3-72
2026-03-31 11:03:07,818 INFO o.a.j.t.JMeterThread: Stopping because end time detected by thread: Cenario 3 - Pico de Requisicoes 3-73
2026-03-31 11:03:07,818 INFO o.a.j.t.JMeterThread: Thread finished: Cenario 3 - Pico de Requisicoes 3-73
2026-03-31 11:03:07,856 INFO o.a.j.t.JMeterThread: Stopping because end time detected by thread: Cenario 3 - Pico de Requisicoes 3-27
2026-03-31 11:03:07,856 INFO o.a.j.t.JMeterThread: Thread finished: Cenario 3 - Pico de Requisicoes 3-27
2026-03-31 11:03:07,878 INFO o.a.j.t.JMeterThread: Stopping because end time detected by thread: Cenario 3 - Pico de Requisicoes 3-44
2026-03-31 11:03:07,878 INFO o.a.j.t.JMeterThread: Thread finished: Cenario 3 - Pico de Requisicoes 3-44
2026-03-31 11:03:07,903 INFO o.a.j.t.JMeterThread: Stopping because end time detected by thread: Cenario 3 - Pico de Requisicoes 3-45
2026-03-31 11:03:07,903 INFO o.a.j.t.JMeterThread: Thread finished: Cenario 3 - Pico de Requisicoes 3-45
2026-03-31 11:03:07,939 INFO o.a.j.t.JMeterThread: Stopping because end time detected by thread: Cenario 3 - Pico de Requisicoes 3-74
2026-03-31 11:03:07,939 INFO o.a.j.t.JMeterThread: Thread finished: Cenario 3 - Pico de Requisicoes 3-74
2026-03-31 11:03:07,963 INFO o.a.j.t.JMeterThread: Stopping because end time detected by thread: Cenario 3 - Pico de Requisicoes 3-2
2026-03-31 11:03:07,963 INFO o.a.j.t.JMeterThread: Thread finished: Cenario 3 - Pico de Requisicoes 3-2
2026-03-31 11:03:07,991 INFO o.a.j.t.JMeterThread: Stopping because end time detected by thread: Cenario 3 - Pico de Requisicoes 3-75
2026-03-31 11:03:07,991 INFO o.a.j.t.JMeterThread: Thread finished: Cenario 3 - Pico de Requisicoes 3-75
2026-03-31 11:03:08,033 INFO o.a.j.t.JMeterThread: Stopping because end time detected by thread: Cenario 3 - Pico de Requisicoes 3-76
2026-03-31 11:03:08,033 INFO o.a.j.t.JMeterThread: Thread finished: Cenario 3 - Pico de Requisicoes 3-76
2026-03-31 11:03:08,061 INFO o.a.j.t.JMeterThread: Stopping because end time detected by thread: Cenario 3 - Pico de Requisicoes 3-46
2026-03-31 11:03:08,062 INFO o.a.j.t.JMeterThread: Thread finished: Cenario 3 - Pico de Requisicoes 3-46
2026-03-31 11:03:08,089 INFO o.a.j.t.JMeterThread: Stopping because end time detected by thread: Cenario 3 - Pico de Requisicoes 3-28
2026-03-31 11:03:08,089 INFO o.a.j.t.JMeterThread: Thread finished: Cenario 3 - Pico de Requisicoes 3-28
2026-03-31 11:03:08,122 INFO o.a.j.t.JMeterThread: Stopping because end time detected by thread: Cenario 3 - Pico de Requisicoes 3-17
2026-03-31 11:03:08,122 INFO o.a.j.t.JMeterThread: Thread finished: Cenario 3 - Pico de Requisicoes 3-17
2026-03-31 11:03:08,150 INFO o.a.j.t.JMeterThread: Stopping because end time detected by thread: Cenario 3 - Pico de Requisicoes 3-77
2026-03-31 11:03:08,150 INFO o.a.j.t.JMeterThread: Thread finished: Cenario 3 - Pico de Requisicoes 3-77
2026-03-31 11:03:08,179 INFO o.a.j.t.JMeterThread: Stopping because end time detected by thread: Cenario 3 - Pico de Requisicoes 3-11
2026-03-31 11:03:08,180 INFO o.a.j.t.JMeterThread: Thread finished: Cenario 3 - Pico de Requisicoes 3-11
2026-03-31 11:03:08,213 INFO o.a.j.t.JMeterThread: Stopping because end time detected by thread: Cenario 3 - Pico de Requisicoes 3-78
2026-03-31 11:03:08,213 INFO o.a.j.t.JMeterThread: Thread finished: Cenario 3 - Pico de Requisicoes 3-78
2026-03-31 11:03:08,248 INFO o.a.j.t.JMeterThread: Stopping because end time detected by thread: Cenario 3 - Pico de Requisicoes 3-47
2026-03-31 11:03:08,249 INFO o.a.j.t.JMeterThread: Thread finished: Cenario 3 - Pico de Requisicoes 3-47
2026-03-31 11:03:08,278 INFO o.a.j.t.JMeterThread: Stopping because end time detected by thread: Cenario 3 - Pico de Requisicoes 3-79
2026-03-31 11:03:08,278 INFO o.a.j.t.JMeterThread: Thread finished: Cenario 3 - Pico de Requisicoes 3-79
2026-03-31 11:03:08,318 INFO o.a.j.t.JMeterThread: Stopping because end time detected by thread: Cenario 3 - Pico de Requisicoes 3-48
2026-03-31 11:03:08,319 INFO o.a.j.t.JMeterThread: Thread finished: Cenario 3 - Pico de Requisicoes 3-48
2026-03-31 11:03:08,345 INFO o.a.j.t.JMeterThread: Stopping because end time detected by thread: Cenario 3 - Pico de Requisicoes 3-29
2026-03-31 11:03:08,345 INFO o.a.j.t.JMeterThread: Thread finished: Cenario 3 - Pico de Requisicoes 3-29
2026-03-31 11:03:08,383 INFO o.a.j.t.JMeterThread: Stopping because end time detected by thread: Cenario 3 - Pico de Requisicoes 3-18
2026-03-31 11:03:08,383 INFO o.a.j.t.JMeterThread: Thread finished: Cenario 3 - Pico de Requisicoes 3-18
2026-03-31 11:03:08,442 INFO o.a.j.t.JMeterThread: Stopping because end time detected by thread: Cenario 3 - Pico de Requisicoes 3-49
2026-03-31 11:03:08,442 INFO o.a.j.t.JMeterThread: Thread finished: Cenario 3 - Pico de Requisicoes 3-49
2026-03-31 11:03:08,446 INFO o.a.j.t.JMeterThread: Stopping because end time detected by thread: Cenario 3 - Pico de Requisicoes 3-81
2026-03-31 11:03:08,446 INFO o.a.j.t.JMeterThread: Thread finished: Cenario 3 - Pico de Requisicoes 3-81
2026-03-31 11:03:08,473 INFO o.a.j.t.JMeterThread: Stopping because end time detected by thread: Cenario 3 - Pico de Requisicoes 3-80
2026-03-31 11:03:08,473 INFO o.a.j.t.JMeterThread: Thread finished: Cenario 3 - Pico de Requisicoes 3-80
2026-03-31 11:03:08,547 INFO o.a.j.t.JMeterThread: Stopping because end time detected by thread: Cenario 3 - Pico de Requisicoes 3-30
2026-03-31 11:03:08,547 INFO o.a.j.t.JMeterThread: Thread finished: Cenario 3 - Pico de Requisicoes 3-30
2026-03-31 11:03:08,553 INFO o.a.j.t.JMeterThread: Stopping because end time detected by thread: Cenario 3 - Pico de Requisicoes 3-50
2026-03-31 11:03:08,553 INFO o.a.j.t.JMeterThread: Thread finished: Cenario 3 - Pico de Requisicoes 3-50
2026-03-31 11:03:08,576 INFO o.a.j.t.JMeterThread: Stopping because end time detected by thread: Cenario 3 - Pico de Requisicoes 3-82
2026-03-31 11:03:08,576 INFO o.a.j.t.JMeterThread: Thread finished: Cenario 3 - Pico de Requisicoes 3-82
2026-03-31 11:03:08,655 INFO o.a.j.t.JMeterThread: Stopping because end time detected by thread: Cenario 3 - Pico de Requisicoes 3-7
2026-03-31 11:03:08,655 INFO o.a.j.t.JMeterThread: Thread finished: Cenario 3 - Pico de Requisicoes 3-7
2026-03-31 11:03:08,661 INFO o.a.j.t.JMeterThread: Stopping because end time detected by thread: Cenario 3 - Pico de Requisicoes 3-12
2026-03-31 11:03:08,661 INFO o.a.j.t.JMeterThread: Thread finished: Cenario 3 - Pico de Requisicoes 3-12
2026-03-31 11:03:08,683 INFO o.a.j.t.JMeterThread: Stopping because end time detected by thread: Cenario 3 - Pico de Requisicoes 3-83
2026-03-31 11:03:08,683 INFO o.a.j.t.JMeterThread: Thread finished: Cenario 3 - Pico de Requisicoes 3-83
2026-03-31 11:03:08,761 INFO o.a.j.t.JMeterThread: Stopping because end time detected by thread: Cenario 3 - Pico de Requisicoes 3-31
2026-03-31 11:03:08,761 INFO o.a.j.t.JMeterThread: Thread finished: Cenario 3 - Pico de Requisicoes 3-31
2026-03-31 11:03:08,765 INFO o.a.j.t.JMeterThread: Stopping because end time detected by thread: Cenario 3 - Pico de Requisicoes 3-85
2026-03-31 11:03:08,766 INFO o.a.j.t.JMeterThread: Thread finished: Cenario 3 - Pico de Requisicoes 3-85
2026-03-31 11:03:08,770 INFO o.a.j.t.JMeterThread: Stopping because end time detected by thread: Cenario 3 - Pico de Requisicoes 3-84
2026-03-31 11:03:08,770 INFO o.a.j.t.JMeterThread: Thread finished: Cenario 3 - Pico de Requisicoes 3-84
2026-03-31 11:03:08,801 INFO o.a.j.t.JMeterThread: Stopping because end time detected by thread: Cenario 3 - Pico de Requisicoes 3-52
2026-03-31 11:03:08,802 INFO o.a.j.t.JMeterThread: Thread finished: Cenario 3 - Pico de Requisicoes 3-52
2026-03-31 11:03:08,826 INFO o.a.j.t.JMeterThread: Stopping because end time detected by thread: Cenario 3 - Pico de Requisicoes 3-51
2026-03-31 11:03:08,826 INFO o.a.j.t.JMeterThread: Thread finished: Cenario 3 - Pico de Requisicoes 3-51
2026-03-31 11:03:08,864 INFO o.a.j.t.JMeterThread: Stopping because end time detected by thread: Cenario 3 - Pico de Requisicoes 3-86
2026-03-31 11:03:08,864 INFO o.a.j.t.JMeterThread: Thread finished: Cenario 3 - Pico de Requisicoes 3-86
2026-03-31 11:03:08,927 INFO o.a.j.t.JMeterThread: Stopping because end time detected by thread: Cenario 3 - Pico de Requisicoes 3-19
2026-03-31 11:03:08,928 INFO o.a.j.t.JMeterThread: Thread finished: Cenario 3 - Pico de Requisicoes 3-19
2026-03-31 11:03:08,933 INFO o.a.j.t.JMeterThread: Stopping because end time detected by thread: Cenario 3 - Pico de Requisicoes 3-32
2026-03-31 11:03:08,933 INFO o.a.j.t.JMeterThread: Thread finished: Cenario 3 - Pico de Requisicoes 3-32
2026-03-31 11:03:08,963 INFO o.a.j.t.JMeterThread: Stopping because end time detected by thread: Cenario 3 - Pico de Requisicoes 3-87
2026-03-31 11:03:08,963 INFO o.a.j.t.JMeterThread: Thread finished: Cenario 3 - Pico de Requisicoes 3-87
2026-03-31 11:03:08,999 INFO o.a.j.t.JMeterThread: Stopping because end time detected by thread: Cenario 3 - Pico de Requisicoes 3-53
2026-03-31 11:03:09,000 INFO o.a.j.t.JMeterThread: Thread finished: Cenario 3 - Pico de Requisicoes 3-53
2026-03-31 11:03:09,031 INFO o.a.j.t.JMeterThread: Stopping because end time detected by thread: Cenario 3 - Pico de Requisicoes 3-88
2026-03-31 11:03:09,031 INFO o.a.j.t.JMeterThread: Thread finished: Cenario 3 - Pico de Requisicoes 3-88
2026-03-31 11:03:09,057 INFO o.a.j.t.JMeterThread: Stopping because end time detected by thread: Cenario 3 - Pico de Requisicoes 3-54
2026-03-31 11:03:09,057 INFO o.a.j.t.JMeterThread: Thread finished: Cenario 3 - Pico de Requisicoes 3-54
2026-03-31 11:03:09,097 INFO o.a.j.t.JMeterThread: Stopping because end time detected by thread: Cenario 3 - Pico de Requisicoes 3-3
2026-03-31 11:03:09,098 INFO o.a.j.t.JMeterThread: Thread finished: Cenario 3 - Pico de Requisicoes 3-3
2026-03-31 11:03:09,125 INFO o.a.j.t.JMeterThread: Stopping because end time detected by thread: Cenario 3 - Pico de Requisicoes 3-89
2026-03-31 11:03:09,125 INFO o.a.j.t.JMeterThread: Thread finished: Cenario 3 - Pico de Requisicoes 3-89
2026-03-31 11:03:09,155 INFO o.a.j.t.JMeterThread: Stopping because end time detected by thread: Cenario 3 - Pico de Requisicoes 3-90
2026-03-31 11:03:09,155 INFO o.a.j.t.JMeterThread: Thread finished: Cenario 3 - Pico de Requisicoes 3-90
2026-03-31 11:03:09,192 INFO o.a.j.t.JMeterThread: Stopping because end time detected by thread: Cenario 3 - Pico de Requisicoes 3-33
2026-03-31 11:03:09,192 INFO o.a.j.t.JMeterThread: Thread finished: Cenario 3 - Pico de Requisicoes 3-33
2026-03-31 11:03:09,219 INFO o.a.j.t.JMeterThread: Stopping because end time detected by thread: Cenario 3 - Pico de Requisicoes 3-8
2026-03-31 11:03:09,220 INFO o.a.j.t.JMeterThread: Thread finished: Cenario 3 - Pico de Requisicoes 3-8
2026-03-31 11:03:09,250 INFO o.a.j.t.JMeterThread: Stopping because end time detected by thread: Cenario 3 - Pico de Requisicoes 3-55
2026-03-31 11:03:09,250 INFO o.a.j.t.JMeterThread: Thread finished: Cenario 3 - Pico de Requisicoes 3-55
2026-03-31 11:03:09,318 INFO o.a.j.t.JMeterThread: Stopping because end time detected by thread: Cenario 3 - Pico de Requisicoes 3-91
2026-03-31 11:03:09,318 INFO o.a.j.t.JMeterThread: Thread finished: Cenario 3 - Pico de Requisicoes 3-91
2026-03-31 11:03:09,325 INFO o.a.j.t.JMeterThread: Stopping because end time detected by thread: Cenario 3 - Pico de Requisicoes 3-34
2026-03-31 11:03:09,326 INFO o.a.j.t.JMeterThread: Thread finished: Cenario 3 - Pico de Requisicoes 3-34
2026-03-31 11:03:09,352 INFO o.a.j.t.JMeterThread: Stopping because end time detected by thread: Cenario 3 - Pico de Requisicoes 3-92
2026-03-31 11:03:09,352 INFO o.a.j.t.JMeterThread: Thread finished: Cenario 3 - Pico de Requisicoes 3-92
2026-03-31 11:03:09,394 INFO o.a.j.t.JMeterThread: Stopping because end time detected by thread: Cenario 3 - Pico de Requisicoes 3-56
2026-03-31 11:03:09,394 INFO o.a.j.t.JMeterThread: Thread finished: Cenario 3 - Pico de Requisicoes 3-56
2026-03-31 11:03:09,415 INFO o.a.j.t.JMeterThread: Stopping because end time detected by thread: Cenario 3 - Pico de Requisicoes 3-20
2026-03-31 11:03:09,416 INFO o.a.j.t.JMeterThread: Thread finished: Cenario 3 - Pico de Requisicoes 3-20
2026-03-31 11:03:09,447 INFO o.a.j.t.JMeterThread: Stopping because end time detected by thread: Cenario 3 - Pico de Requisicoes 3-93
2026-03-31 11:03:09,447 INFO o.a.j.t.JMeterThread: Thread finished: Cenario 3 - Pico de Requisicoes 3-93
2026-03-31 11:03:09,488 INFO o.a.j.t.JMeterThread: Stopping because end time detected by thread: Cenario 3 - Pico de Requisicoes 3-94
2026-03-31 11:03:09,488 INFO o.a.j.t.JMeterThread: Thread finished: Cenario 3 - Pico de Requisicoes 3-94
2026-03-31 11:03:09,507 INFO o.a.j.t.JMeterThread: Stopping because end time detected by thread: Cenario 3 - Pico de Requisicoes 3-5
2026-03-31 11:03:09,507 INFO o.a.j.t.JMeterThread: Thread finished: Cenario 3 - Pico de Requisicoes 3-5
2026-03-31 11:03:09,531 INFO o.a.j.t.JMeterThread: Stopping because end time detected by thread: Cenario 3 - Pico de Requisicoes 3-21
2026-03-31 11:03:09,531 INFO o.a.j.t.JMeterThread: Thread finished: Cenario 3 - Pico de Requisicoes 3-21
2026-03-31 11:03:09,560 INFO o.a.j.t.JMeterThread: Stopping because end time detected by thread: Cenario 3 - Pico de Requisicoes 3-57
2026-03-31 11:03:09,560 INFO o.a.j.t.JMeterThread: Thread finished: Cenario 3 - Pico de Requisicoes 3-57
2026-03-31 11:03:09,594 INFO o.a.j.t.JMeterThread: Stopping because end time detected by thread: Cenario 3 - Pico de Requisicoes 3-95
2026-03-31 11:03:09,594 INFO o.a.j.t.JMeterThread: Thread finished: Cenario 3 - Pico de Requisicoes 3-95
2026-03-31 11:03:09,595 INFO o.a.j.e.StandardJMeterEngine: Notifying test listeners of end of test
2026-03-31 11:03:09,596 INFO o.a.j.r.Summariser: summary +    303 in 00:00:10 =   31.6/s Avg:  3173 Min:  3077 Max:  3341 Err:     0 (0.00%) Active: 0 Started: 160 Finished: 160
2026-03-31 11:03:09,596 INFO o.a.j.r.Summariser: summary =   5892 in 00:03:05 =   31.8/s Avg:   989 Min:    24 Max:  3341 Err:     0 (0.00%)
