2026-03-31 11:03:17,994 INFO o.a.j.u.JMeterUtils: Setting Locale to en_EN
2026-03-31 11:03:18,010 INFO o.a.j.JMeter: Loading user properties from: /opt/jmeter/bin/user.properties
2026-03-31 11:03:18,011 INFO o.a.j.JMeter: Loading system properties from: /opt/jmeter/bin/system.properties
2026-03-31 11:03:18,016 INFO o.a.j.JMeter: Copyright (c) 1998-2024 The Apache Software Foundation
2026-03-31 11:03:18,016 INFO o.a.j.JMeter: Version 5.6.3
2026-03-31 11:03:18,017 INFO o.a.j.JMeter: java.version=17.0.18
2026-03-31 11:03:18,017 INFO o.a.j.JMeter: java.vm.name=OpenJDK 64-Bit Server VM
2026-03-31 11:03:18,017 INFO o.a.j.JMeter: os.name=Linux
2026-03-31 11:03:18,017 INFO o.a.j.JMeter: os.arch=amd64
2026-03-31 11:03:18,017 INFO o.a.j.JMeter: os.version=6.17.0-19-generic
2026-03-31 11:03:18,017 INFO o.a.j.JMeter: file.encoding=UTF-8
2026-03-31 11:03:18,017 INFO o.a.j.JMeter: java.awt.headless=true
2026-03-31 11:03:18,017 INFO o.a.j.JMeter: Max memory     =1073741824
2026-03-31 11:03:18,017 INFO o.a.j.JMeter: Available Processors =12
2026-03-31 11:03:18,025 INFO o.a.j.JMeter: Default Locale=English (EN)
2026-03-31 11:03:18,026 INFO o.a.j.JMeter: JMeter  Locale=English (EN)
2026-03-31 11:03:18,026 INFO o.a.j.JMeter: JMeterHome=/opt/jmeter
2026-03-31 11:03:18,026 INFO o.a.j.JMeter: user.dir  =/home/vnavarro/Code/rails-api-comparison
2026-03-31 11:03:18,026 INFO o.a.j.JMeter: PWD       =/home/vnavarro/Code/rails-api-comparison
2026-03-31 11:03:18,026 INFO o.a.j.JMeter: IP: 127.0.1.1 Name: ni-83245-7e FullName: ni-83245-7e
2026-03-31 11:03:18,037 INFO o.a.j.s.FileServer: Default base='/home/vnavarro/Code/rails-api-comparison'
2026-03-31 11:03:18,039 INFO o.a.j.s.FileServer: Set new base='/home/vnavarro/Code/rails-api-comparison/jmeter'
2026-03-31 11:03:18,214 INFO o.a.j.s.SaveService: Testplan (JMX) version: 2.2. Testlog (JTL) version: 2.2
2026-03-31 11:03:18,241 INFO o.a.j.s.SaveService: Using SaveService properties version 5.0
2026-03-31 11:03:18,244 INFO o.a.j.s.SaveService: Using SaveService properties file encoding UTF-8
2026-03-31 11:03:18,248 INFO o.a.j.s.SaveService: Loading file: jmeter/prototype-2-intermediate.jmx
2026-03-31 11:03:18,322 INFO o.a.j.p.h.s.HTTPSamplerBase: Parser for text/html is org.apache.jmeter.protocol.http.parser.LagartoBasedHtmlParser
2026-03-31 11:03:18,323 INFO o.a.j.p.h.s.HTTPSamplerBase: Parser for application/xhtml+xml is org.apache.jmeter.protocol.http.parser.LagartoBasedHtmlParser
2026-03-31 11:03:18,323 INFO o.a.j.p.h.s.HTTPSamplerBase: Parser for application/xml is org.apache.jmeter.protocol.http.parser.LagartoBasedHtmlParser
2026-03-31 11:03:18,323 INFO o.a.j.p.h.s.HTTPSamplerBase: Parser for text/xml is org.apache.jmeter.protocol.http.parser.LagartoBasedHtmlParser
2026-03-31 11:03:18,323 INFO o.a.j.p.h.s.HTTPSamplerBase: Parser for text/vnd.wap.wml is org.apache.jmeter.protocol.http.parser.RegexpHTMLParser
2026-03-31 11:03:18,323 INFO o.a.j.p.h.s.HTTPSamplerBase: Parser for text/css is org.apache.jmeter.protocol.http.parser.CssParser
2026-03-31 11:03:18,375 INFO o.a.j.JMeter: Creating summariser <summary>
2026-03-31 11:03:18,388 INFO o.a.j.e.StandardJMeterEngine: Running the test!
2026-03-31 11:03:18,389 INFO o.a.j.s.SampleEvent: List of sample_variables: []
2026-03-31 11:03:18,389 INFO o.a.j.s.SampleEvent: List of sample_variables: []
2026-03-31 11:03:18,395 INFO o.a.j.e.u.CompoundVariable: Note: Function class names must contain the string: '.functions.'
2026-03-31 11:03:18,395 INFO o.a.j.e.u.CompoundVariable: Note: Function class names must not contain the string: '.gui.'
2026-03-31 11:03:18,641 INFO o.a.j.JMeter: Running test (1774965798641)
2026-03-31 11:03:18,657 INFO o.a.j.e.StandardJMeterEngine: Starting ThreadGroup: 1 : Cenario 1 - Carga Basica
2026-03-31 11:03:18,658 INFO o.a.j.e.StandardJMeterEngine: Starting 10 threads for group Cenario 1 - Carga Basica.
2026-03-31 11:03:18,658 INFO o.a.j.e.StandardJMeterEngine: Thread will continue on error
2026-03-31 11:03:18,658 INFO o.a.j.t.ThreadGroup: Starting thread group... number=1 threads=10 ramp-up=5 delayedStart=false
2026-03-31 11:03:18,664 INFO o.a.j.t.JMeterThread: Thread started: Cenario 1 - Carga Basica 1-1
2026-03-31 11:03:18,668 INFO o.a.j.t.ThreadGroup: Started thread group number 1
2026-03-31 11:03:18,668 INFO o.a.j.e.StandardJMeterEngine: Waiting for thread group: Cenario 1 - Carga Basica to finish before starting next group
2026-03-31 11:03:18,683 INFO o.a.j.p.h.s.HTTPHCAbstractImpl: Local host = ni-83245-7e
2026-03-31 11:03:18,691 INFO o.a.j.p.h.s.HTTPHC4Impl: HTTP request retry count = 0
2026-03-31 11:03:18,693 INFO o.a.j.s.SampleResult: Note: Sample TimeStamps are START times
2026-03-31 11:03:18,693 INFO o.a.j.s.SampleResult: sampleresult.default.encoding is set to UTF-8
2026-03-31 11:03:18,693 INFO o.a.j.s.SampleResult: sampleresult.useNanoTime=true
2026-03-31 11:03:18,693 INFO o.a.j.s.SampleResult: sampleresult.nanoThreadSleep=5000
2026-03-31 11:03:19,161 INFO o.a.j.t.JMeterThread: Thread started: Cenario 1 - Carga Basica 1-2
2026-03-31 11:03:19,660 INFO o.a.j.t.JMeterThread: Thread started: Cenario 1 - Carga Basica 1-3
2026-03-31 11:03:20,159 INFO o.a.j.t.JMeterThread: Thread started: Cenario 1 - Carga Basica 1-4
2026-03-31 11:03:20,659 INFO o.a.j.t.JMeterThread: Thread started: Cenario 1 - Carga Basica 1-5
2026-03-31 11:03:21,159 INFO o.a.j.t.JMeterThread: Thread started: Cenario 1 - Carga Basica 1-6
2026-03-31 11:03:21,659 INFO o.a.j.t.JMeterThread: Thread started: Cenario 1 - Carga Basica 1-7
2026-03-31 11:03:22,159 INFO o.a.j.t.JMeterThread: Thread started: Cenario 1 - Carga Basica 1-8
2026-03-31 11:03:22,659 INFO o.a.j.t.JMeterThread: Thread started: Cenario 1 - Carga Basica 1-9
2026-03-31 11:03:23,160 INFO o.a.j.t.JMeterThread: Thread started: Cenario 1 - Carga Basica 1-10
2026-03-31 11:03:30,006 INFO o.a.j.r.Summariser: summary +    188 in 00:00:11 =   16.5/s Avg:   457 Min:    46 Max:   787 Err:     0 (0.00%) Active: 10 Started: 10 Finished: 0
2026-03-31 11:04:00,020 INFO o.a.j.r.Summariser: summary +    561 in 00:00:30 =   18.7/s Avg:   538 Min:   238 Max:   955 Err:     0 (0.00%) Active: 10 Started: 10 Finished: 0
2026-03-31 11:04:00,020 INFO o.a.j.r.Summariser: summary =    749 in 00:00:41 =   18.1/s Avg:   517 Min:    46 Max:   955 Err:     0 (0.00%)
2026-03-31 11:04:18,686 INFO o.a.j.t.JMeterThread: Stopping because end time detected by thread: Cenario 1 - Carga Basica 1-9
2026-03-31 11:04:18,686 INFO o.a.j.t.JMeterThread: Thread finished: Cenario 1 - Carga Basica 1-9
2026-03-31 11:04:18,719 INFO o.a.j.t.JMeterThread: Stopping because end time detected by thread: Cenario 1 - Carga Basica 1-5
2026-03-31 11:04:18,719 INFO o.a.j.t.JMeterThread: Thread finished: Cenario 1 - Carga Basica 1-5
2026-03-31 11:04:18,719 INFO o.a.j.t.JMeterThread: Stopping because end time detected by thread: Cenario 1 - Carga Basica 1-2
2026-03-31 11:04:18,719 INFO o.a.j.t.JMeterThread: Thread finished: Cenario 1 - Carga Basica 1-2
2026-03-31 11:04:18,783 INFO o.a.j.t.JMeterThread: Stopping because end time detected by thread: Cenario 1 - Carga Basica 1-8
2026-03-31 11:04:18,783 INFO o.a.j.t.JMeterThread: Thread finished: Cenario 1 - Carga Basica 1-8
2026-03-31 11:04:18,994 INFO o.a.j.t.JMeterThread: Stopping because end time detected by thread: Cenario 1 - Carga Basica 1-3
2026-03-31 11:04:18,994 INFO o.a.j.t.JMeterThread: Thread finished: Cenario 1 - Carga Basica 1-3
2026-03-31 11:04:18,997 INFO o.a.j.t.JMeterThread: Stopping because end time detected by thread: Cenario 1 - Carga Basica 1-4
2026-03-31 11:04:18,997 INFO o.a.j.t.JMeterThread: Thread finished: Cenario 1 - Carga Basica 1-4
2026-03-31 11:04:19,046 INFO o.a.j.t.JMeterThread: Stopping because end time detected by thread: Cenario 1 - Carga Basica 1-10
2026-03-31 11:04:19,046 INFO o.a.j.t.JMeterThread: Thread finished: Cenario 1 - Carga Basica 1-10
2026-03-31 11:04:19,097 INFO o.a.j.t.JMeterThread: Stopping because end time detected by thread: Cenario 1 - Carga Basica 1-1
2026-03-31 11:04:19,097 INFO o.a.j.t.JMeterThread: Thread finished: Cenario 1 - Carga Basica 1-1
2026-03-31 11:04:19,252 INFO o.a.j.t.JMeterThread: Stopping because end time detected by thread: Cenario 1 - Carga Basica 1-6
2026-03-31 11:04:19,252 INFO o.a.j.t.JMeterThread: Thread finished: Cenario 1 - Carga Basica 1-6
2026-03-31 11:04:19,254 INFO o.a.j.t.JMeterThread: Stopping because end time detected by thread: Cenario 1 - Carga Basica 1-7
2026-03-31 11:04:19,254 INFO o.a.j.t.JMeterThread: Thread finished: Cenario 1 - Carga Basica 1-7
2026-03-31 11:04:19,255 INFO o.a.j.e.StandardJMeterEngine: Starting ThreadGroup: 2 : Cenario 2 - Carga Crescente
2026-03-31 11:04:19,255 INFO o.a.j.e.StandardJMeterEngine: Starting 50 threads for group Cenario 2 - Carga Crescente.
2026-03-31 11:04:19,255 INFO o.a.j.e.StandardJMeterEngine: Thread will continue on error
2026-03-31 11:04:19,255 INFO o.a.j.t.ThreadGroup: Starting thread group... number=2 threads=50 ramp-up=90 delayedStart=false
2026-03-31 11:04:19,256 INFO o.a.j.t.JMeterThread: Thread started: Cenario 2 - Carga Crescente 2-1
2026-03-31 11:04:19,275 INFO o.a.j.t.ThreadGroup: Started thread group number 2
2026-03-31 11:04:19,275 INFO o.a.j.e.StandardJMeterEngine: Waiting for thread group: Cenario 2 - Carga Crescente to finish before starting next group
2026-03-31 11:04:21,056 INFO o.a.j.t.JMeterThread: Thread started: Cenario 2 - Carga Crescente 2-2
2026-03-31 11:04:22,855 INFO o.a.j.t.JMeterThread: Thread started: Cenario 2 - Carga Crescente 2-3
2026-03-31 11:04:24,656 INFO o.a.j.t.JMeterThread: Thread started: Cenario 2 - Carga Crescente 2-4
2026-03-31 11:04:26,456 INFO o.a.j.t.JMeterThread: Thread started: Cenario 2 - Carga Crescente 2-5
2026-03-31 11:04:28,256 INFO o.a.j.t.JMeterThread: Thread started: Cenario 2 - Carga Crescente 2-6
2026-03-31 11:04:30,056 INFO o.a.j.t.JMeterThread: Thread started: Cenario 2 - Carga Crescente 2-7
2026-03-31 11:04:30,100 INFO o.a.j.r.Summariser: summary +    535 in 00:00:30 =   17.8/s Avg:   424 Min:    27 Max:   836 Err:     0 (0.00%) Active: 7 Started: 17 Finished: 10
2026-03-31 11:04:30,100 INFO o.a.j.r.Summariser: summary =   1284 in 00:01:11 =   18.0/s Avg:   479 Min:    27 Max:   955 Err:     0 (0.00%)
2026-03-31 11:04:31,855 INFO o.a.j.t.JMeterThread: Thread started: Cenario 2 - Carga Crescente 2-8
2026-03-31 11:04:33,656 INFO o.a.j.t.JMeterThread: Thread started: Cenario 2 - Carga Crescente 2-9
2026-03-31 11:04:35,457 INFO o.a.j.t.JMeterThread: Thread started: Cenario 2 - Carga Crescente 2-10
2026-03-31 11:04:37,256 INFO o.a.j.t.JMeterThread: Thread started: Cenario 2 - Carga Crescente 2-11
2026-03-31 11:04:39,056 INFO o.a.j.t.JMeterThread: Thread started: Cenario 2 - Carga Crescente 2-12
2026-03-31 11:04:40,856 INFO o.a.j.t.JMeterThread: Thread started: Cenario 2 - Carga Crescente 2-13
2026-03-31 11:04:42,657 INFO o.a.j.t.JMeterThread: Thread started: Cenario 2 - Carga Crescente 2-14
2026-03-31 11:04:44,455 INFO o.a.j.t.JMeterThread: Thread started: Cenario 2 - Carga Crescente 2-15
2026-03-31 11:04:46,256 INFO o.a.j.t.JMeterThread: Thread started: Cenario 2 - Carga Crescente 2-16
2026-03-31 11:04:48,055 INFO o.a.j.t.JMeterThread: Thread started: Cenario 2 - Carga Crescente 2-17
2026-03-31 11:04:49,856 INFO o.a.j.t.JMeterThread: Thread started: Cenario 2 - Carga Crescente 2-18
2026-03-31 11:04:51,657 INFO o.a.j.t.JMeterThread: Thread started: Cenario 2 - Carga Crescente 2-19
2026-03-31 11:04:53,457 INFO o.a.j.t.JMeterThread: Thread started: Cenario 2 - Carga Crescente 2-20
2026-03-31 11:04:55,256 INFO o.a.j.t.JMeterThread: Thread started: Cenario 2 - Carga Crescente 2-21
2026-03-31 11:04:57,056 INFO o.a.j.t.JMeterThread: Thread started: Cenario 2 - Carga Crescente 2-22
2026-03-31 11:04:58,857 INFO o.a.j.t.JMeterThread: Thread started: Cenario 2 - Carga Crescente 2-23
2026-03-31 11:05:00,128 INFO o.a.j.r.Summariser: summary +    555 in 00:00:30 =   18.5/s Avg:   781 Min:   157 Max:  1548 Err:     0 (0.00%) Active: 23 Started: 33 Finished: 10
2026-03-31 11:05:00,129 INFO o.a.j.r.Summariser: summary =   1839 in 00:01:41 =   18.1/s Avg:   570 Min:    27 Max:  1548 Err:     0 (0.00%)
2026-03-31 11:05:00,655 INFO o.a.j.t.JMeterThread: Thread started: Cenario 2 - Carga Crescente 2-24
2026-03-31 11:05:02,456 INFO o.a.j.t.JMeterThread: Thread started: Cenario 2 - Carga Crescente 2-25
2026-03-31 11:05:04,256 INFO o.a.j.t.JMeterThread: Thread started: Cenario 2 - Carga Crescente 2-26
2026-03-31 11:05:06,055 INFO o.a.j.t.JMeterThread: Thread started: Cenario 2 - Carga Crescente 2-27
2026-03-31 11:05:07,856 INFO o.a.j.t.JMeterThread: Thread started: Cenario 2 - Carga Crescente 2-28
2026-03-31 11:05:09,657 INFO o.a.j.t.JMeterThread: Thread started: Cenario 2 - Carga Crescente 2-29
2026-03-31 11:05:11,456 INFO o.a.j.t.JMeterThread: Thread started: Cenario 2 - Carga Crescente 2-30
2026-03-31 11:05:13,256 INFO o.a.j.t.JMeterThread: Thread started: Cenario 2 - Carga Crescente 2-31
2026-03-31 11:05:15,056 INFO o.a.j.t.JMeterThread: Thread started: Cenario 2 - Carga Crescente 2-32
2026-03-31 11:05:16,856 INFO o.a.j.t.JMeterThread: Thread started: Cenario 2 - Carga Crescente 2-33
2026-03-31 11:05:18,656 INFO o.a.j.t.JMeterThread: Thread started: Cenario 2 - Carga Crescente 2-34
2026-03-31 11:05:20,455 INFO o.a.j.t.JMeterThread: Thread started: Cenario 2 - Carga Crescente 2-35
2026-03-31 11:05:22,256 INFO o.a.j.t.JMeterThread: Thread started: Cenario 2 - Carga Crescente 2-36
2026-03-31 11:05:24,057 INFO o.a.j.t.JMeterThread: Thread started: Cenario 2 - Carga Crescente 2-37
2026-03-31 11:05:25,855 INFO o.a.j.t.JMeterThread: Thread started: Cenario 2 - Carga Crescente 2-38
2026-03-31 11:05:27,655 INFO o.a.j.t.JMeterThread: Thread started: Cenario 2 - Carga Crescente 2-39
2026-03-31 11:05:29,456 INFO o.a.j.t.JMeterThread: Thread started: Cenario 2 - Carga Crescente 2-40
2026-03-31 11:05:30,009 INFO o.a.j.r.Summariser: summary +    568 in 00:00:30 =   19.0/s Avg:  1623 Min:   875 Max:  2423 Err:     0 (0.00%) Active: 40 Started: 50 Finished: 10
2026-03-31 11:05:30,009 INFO o.a.j.r.Summariser: summary =   2407 in 00:02:11 =   18.3/s Avg:   818 Min:    27 Max:  2423 Err:     0 (0.00%)
2026-03-31 11:05:31,255 INFO o.a.j.t.JMeterThread: Thread started: Cenario 2 - Carga Crescente 2-41
2026-03-31 11:05:33,055 INFO o.a.j.t.JMeterThread: Thread started: Cenario 2 - Carga Crescente 2-42
2026-03-31 11:05:34,856 INFO o.a.j.t.JMeterThread: Thread started: Cenario 2 - Carga Crescente 2-43
2026-03-31 11:05:36,655 INFO o.a.j.t.JMeterThread: Thread started: Cenario 2 - Carga Crescente 2-44
2026-03-31 11:05:38,455 INFO o.a.j.t.JMeterThread: Thread started: Cenario 2 - Carga Crescente 2-45
2026-03-31 11:05:40,257 INFO o.a.j.t.JMeterThread: Thread started: Cenario 2 - Carga Crescente 2-46
2026-03-31 11:05:42,056 INFO o.a.j.t.JMeterThread: Thread started: Cenario 2 - Carga Crescente 2-47
2026-03-31 11:05:43,856 INFO o.a.j.t.JMeterThread: Thread started: Cenario 2 - Carga Crescente 2-48
2026-03-31 11:05:45,656 INFO o.a.j.t.JMeterThread: Thread started: Cenario 2 - Carga Crescente 2-49
2026-03-31 11:05:47,455 INFO o.a.j.t.JMeterThread: Thread started: Cenario 2 - Carga Crescente 2-50
2026-03-31 11:05:49,282 INFO o.a.j.t.JMeterThread: Stopping because end time detected by thread: Cenario 2 - Carga Crescente 2-3
2026-03-31 11:05:49,283 INFO o.a.j.t.JMeterThread: Thread finished: Cenario 2 - Carga Crescente 2-3
2026-03-31 11:05:49,399 INFO o.a.j.t.JMeterThread: Stopping because end time detected by thread: Cenario 2 - Carga Crescente 2-28
2026-03-31 11:05:49,399 INFO o.a.j.t.JMeterThread: Thread finished: Cenario 2 - Carga Crescente 2-28
2026-03-31 11:05:49,448 INFO o.a.j.t.JMeterThread: Stopping because end time detected by thread: Cenario 2 - Carga Crescente 2-15
2026-03-31 11:05:49,448 INFO o.a.j.t.JMeterThread: Thread finished: Cenario 2 - Carga Crescente 2-15
2026-03-31 11:05:49,546 INFO o.a.j.t.JMeterThread: Stopping because end time detected by thread: Cenario 2 - Carga Crescente 2-10
2026-03-31 11:05:49,546 INFO o.a.j.t.JMeterThread: Thread finished: Cenario 2 - Carga Crescente 2-10
2026-03-31 11:05:49,662 INFO o.a.j.t.JMeterThread: Stopping because end time detected by thread: Cenario 2 - Carga Crescente 2-30
2026-03-31 11:05:49,662 INFO o.a.j.t.JMeterThread: Thread finished: Cenario 2 - Carga Crescente 2-30
2026-03-31 11:05:49,711 INFO o.a.j.t.JMeterThread: Stopping because end time detected by thread: Cenario 2 - Carga Crescente 2-7
2026-03-31 11:05:49,711 INFO o.a.j.t.JMeterThread: Thread finished: Cenario 2 - Carga Crescente 2-7
2026-03-31 11:05:49,712 INFO o.a.j.t.JMeterThread: Stopping because end time detected by thread: Cenario 2 - Carga Crescente 2-25
2026-03-31 11:05:49,712 INFO o.a.j.t.JMeterThread: Thread finished: Cenario 2 - Carga Crescente 2-25
2026-03-31 11:05:49,744 INFO o.a.j.t.JMeterThread: Stopping because end time detected by thread: Cenario 2 - Carga Crescente 2-5
2026-03-31 11:05:49,744 INFO o.a.j.t.JMeterThread: Thread finished: Cenario 2 - Carga Crescente 2-5
2026-03-31 11:05:49,777 INFO o.a.j.t.JMeterThread: Stopping because end time detected by thread: Cenario 2 - Carga Crescente 2-43
2026-03-31 11:05:49,777 INFO o.a.j.t.JMeterThread: Thread finished: Cenario 2 - Carga Crescente 2-43
2026-03-31 11:05:49,816 INFO o.a.j.t.JMeterThread: Stopping because end time detected by thread: Cenario 2 - Carga Crescente 2-47
2026-03-31 11:05:49,816 INFO o.a.j.t.JMeterThread: Thread finished: Cenario 2 - Carga Crescente 2-47
2026-03-31 11:05:49,849 INFO o.a.j.t.JMeterThread: Stopping because end time detected by thread: Cenario 2 - Carga Crescente 2-2
2026-03-31 11:05:49,850 INFO o.a.j.t.JMeterThread: Thread finished: Cenario 2 - Carga Crescente 2-2
2026-03-31 11:05:49,880 INFO o.a.j.t.JMeterThread: Stopping because end time detected by thread: Cenario 2 - Carga Crescente 2-8
2026-03-31 11:05:49,881 INFO o.a.j.t.JMeterThread: Thread finished: Cenario 2 - Carga Crescente 2-8
2026-03-31 11:05:49,980 INFO o.a.j.t.JMeterThread: Stopping because end time detected by thread: Cenario 2 - Carga Crescente 2-32
2026-03-31 11:05:49,980 INFO o.a.j.t.JMeterThread: Thread finished: Cenario 2 - Carga Crescente 2-32
2026-03-31 11:05:50,044 INFO o.a.j.t.JMeterThread: Stopping because end time detected by thread: Cenario 2 - Carga Crescente 2-42
2026-03-31 11:05:50,044 INFO o.a.j.t.JMeterThread: Thread finished: Cenario 2 - Carga Crescente 2-42
2026-03-31 11:05:50,143 INFO o.a.j.t.JMeterThread: Stopping because end time detected by thread: Cenario 2 - Carga Crescente 2-12
2026-03-31 11:05:50,143 INFO o.a.j.t.JMeterThread: Thread finished: Cenario 2 - Carga Crescente 2-12
2026-03-31 11:05:50,170 INFO o.a.j.t.JMeterThread: Stopping because end time detected by thread: Cenario 2 - Carga Crescente 2-22
2026-03-31 11:05:50,170 INFO o.a.j.t.JMeterThread: Thread finished: Cenario 2 - Carga Crescente 2-22
2026-03-31 11:05:50,196 INFO o.a.j.t.JMeterThread: Stopping because end time detected by thread: Cenario 2 - Carga Crescente 2-26
2026-03-31 11:05:50,196 INFO o.a.j.t.JMeterThread: Thread finished: Cenario 2 - Carga Crescente 2-26
2026-03-31 11:05:50,244 INFO o.a.j.t.JMeterThread: Stopping because end time detected by thread: Cenario 2 - Carga Crescente 2-50
2026-03-31 11:05:50,244 INFO o.a.j.t.JMeterThread: Thread finished: Cenario 2 - Carga Crescente 2-50
2026-03-31 11:05:50,305 INFO o.a.j.t.JMeterThread: Stopping because end time detected by thread: Cenario 2 - Carga Crescente 2-6
2026-03-31 11:05:50,306 INFO o.a.j.t.JMeterThread: Thread finished: Cenario 2 - Carga Crescente 2-6
2026-03-31 11:05:50,458 INFO o.a.j.t.JMeterThread: Stopping because end time detected by thread: Cenario 2 - Carga Crescente 2-20
2026-03-31 11:05:50,459 INFO o.a.j.t.JMeterThread: Thread finished: Cenario 2 - Carga Crescente 2-20
2026-03-31 11:05:50,508 INFO o.a.j.t.JMeterThread: Stopping because end time detected by thread: Cenario 2 - Carga Crescente 2-40
2026-03-31 11:05:50,508 INFO o.a.j.t.JMeterThread: Thread finished: Cenario 2 - Carga Crescente 2-40
2026-03-31 11:05:50,553 INFO o.a.j.t.JMeterThread: Stopping because end time detected by thread: Cenario 2 - Carga Crescente 2-46
2026-03-31 11:05:50,554 INFO o.a.j.t.JMeterThread: Thread finished: Cenario 2 - Carga Crescente 2-46
2026-03-31 11:05:50,569 INFO o.a.j.t.JMeterThread: Stopping because end time detected by thread: Cenario 2 - Carga Crescente 2-16
2026-03-31 11:05:50,569 INFO o.a.j.t.JMeterThread: Thread finished: Cenario 2 - Carga Crescente 2-16
2026-03-31 11:05:50,619 INFO o.a.j.t.JMeterThread: Stopping because end time detected by thread: Cenario 2 - Carga Crescente 2-41
2026-03-31 11:05:50,619 INFO o.a.j.t.JMeterThread: Thread finished: Cenario 2 - Carga Crescente 2-41
2026-03-31 11:05:50,718 INFO o.a.j.t.JMeterThread: Stopping because end time detected by thread: Cenario 2 - Carga Crescente 2-34
2026-03-31 11:05:50,718 INFO o.a.j.t.JMeterThread: Thread finished: Cenario 2 - Carga Crescente 2-34
2026-03-31 11:05:50,752 INFO o.a.j.t.JMeterThread: Stopping because end time detected by thread: Cenario 2 - Carga Crescente 2-31
2026-03-31 11:05:50,752 INFO o.a.j.t.JMeterThread: Thread finished: Cenario 2 - Carga Crescente 2-31
2026-03-31 11:05:50,814 INFO o.a.j.t.JMeterThread: Stopping because end time detected by thread: Cenario 2 - Carga Crescente 2-27
2026-03-31 11:05:50,814 INFO o.a.j.t.JMeterThread: Thread finished: Cenario 2 - Carga Crescente 2-27
2026-03-31 11:05:50,862 INFO o.a.j.t.JMeterThread: Stopping because end time detected by thread: Cenario 2 - Carga Crescente 2-49
2026-03-31 11:05:50,862 INFO o.a.j.t.JMeterThread: Thread finished: Cenario 2 - Carga Crescente 2-49
2026-03-31 11:05:50,878 INFO o.a.j.t.JMeterThread: Stopping because end time detected by thread: Cenario 2 - Carga Crescente 2-36
2026-03-31 11:05:50,878 INFO o.a.j.t.JMeterThread: Thread finished: Cenario 2 - Carga Crescente 2-36
2026-03-31 11:05:51,008 INFO o.a.j.t.JMeterThread: Stopping because end time detected by thread: Cenario 2 - Carga Crescente 2-38
2026-03-31 11:05:51,008 INFO o.a.j.t.JMeterThread: Thread finished: Cenario 2 - Carga Crescente 2-38
2026-03-31 11:05:51,058 INFO o.a.j.t.JMeterThread: Stopping because end time detected by thread: Cenario 2 - Carga Crescente 2-11
2026-03-31 11:05:51,058 INFO o.a.j.t.JMeterThread: Thread finished: Cenario 2 - Carga Crescente 2-11
2026-03-31 11:05:51,119 INFO o.a.j.t.JMeterThread: Stopping because end time detected by thread: Cenario 2 - Carga Crescente 2-24
2026-03-31 11:05:51,119 INFO o.a.j.t.JMeterThread: Thread finished: Cenario 2 - Carga Crescente 2-24
2026-03-31 11:05:51,139 INFO o.a.j.t.JMeterThread: Stopping because end time detected by thread: Cenario 2 - Carga Crescente 2-19
2026-03-31 11:05:51,139 INFO o.a.j.t.JMeterThread: Thread finished: Cenario 2 - Carga Crescente 2-19
2026-03-31 11:05:51,175 INFO o.a.j.t.JMeterThread: Stopping because end time detected by thread: Cenario 2 - Carga Crescente 2-4
2026-03-31 11:05:51,175 INFO o.a.j.t.JMeterThread: Thread finished: Cenario 2 - Carga Crescente 2-4
2026-03-31 11:05:51,205 INFO o.a.j.t.JMeterThread: Stopping because end time detected by thread: Cenario 2 - Carga Crescente 2-39
2026-03-31 11:05:51,205 INFO o.a.j.t.JMeterThread: Thread finished: Cenario 2 - Carga Crescente 2-39
2026-03-31 11:05:51,255 INFO o.a.j.t.JMeterThread: Stopping because end time detected by thread: Cenario 2 - Carga Crescente 2-33
2026-03-31 11:05:51,255 INFO o.a.j.t.JMeterThread: Thread finished: Cenario 2 - Carga Crescente 2-33
2026-03-31 11:05:51,302 INFO o.a.j.t.JMeterThread: Stopping because end time detected by thread: Cenario 2 - Carga Crescente 2-37
2026-03-31 11:05:51,302 INFO o.a.j.t.JMeterThread: Thread finished: Cenario 2 - Carga Crescente 2-37
2026-03-31 11:05:51,340 INFO o.a.j.t.JMeterThread: Stopping because end time detected by thread: Cenario 2 - Carga Crescente 2-18
2026-03-31 11:05:51,340 INFO o.a.j.t.JMeterThread: Stopping because end time detected by thread: Cenario 2 - Carga Crescente 2-35
2026-03-31 11:05:51,340 INFO o.a.j.t.JMeterThread: Thread finished: Cenario 2 - Carga Crescente 2-18
2026-03-31 11:05:51,340 INFO o.a.j.t.JMeterThread: Thread finished: Cenario 2 - Carga Crescente 2-35
2026-03-31 11:05:51,375 INFO o.a.j.t.JMeterThread: Stopping because end time detected by thread: Cenario 2 - Carga Crescente 2-45
2026-03-31 11:05:51,375 INFO o.a.j.t.JMeterThread: Thread finished: Cenario 2 - Carga Crescente 2-45
2026-03-31 11:05:51,596 INFO o.a.j.t.JMeterThread: Stopping because end time detected by thread: Cenario 2 - Carga Crescente 2-29
2026-03-31 11:05:51,596 INFO o.a.j.t.JMeterThread: Thread finished: Cenario 2 - Carga Crescente 2-29
2026-03-31 11:05:51,604 INFO o.a.j.t.JMeterThread: Stopping because end time detected by thread: Cenario 2 - Carga Crescente 2-17
2026-03-31 11:05:51,605 INFO o.a.j.t.JMeterThread: Thread finished: Cenario 2 - Carga Crescente 2-17
2026-03-31 11:05:51,631 INFO o.a.j.t.JMeterThread: Stopping because end time detected by thread: Cenario 2 - Carga Crescente 2-14
2026-03-31 11:05:51,631 INFO o.a.j.t.JMeterThread: Thread finished: Cenario 2 - Carga Crescente 2-14
2026-03-31 11:05:51,633 INFO o.a.j.t.JMeterThread: Stopping because end time detected by thread: Cenario 2 - Carga Crescente 2-9
2026-03-31 11:05:51,633 INFO o.a.j.t.JMeterThread: Thread finished: Cenario 2 - Carga Crescente 2-9
2026-03-31 11:05:51,692 INFO o.a.j.t.JMeterThread: Stopping because end time detected by thread: Cenario 2 - Carga Crescente 2-13
2026-03-31 11:05:51,692 INFO o.a.j.t.JMeterThread: Thread finished: Cenario 2 - Carga Crescente 2-13
2026-03-31 11:05:51,735 INFO o.a.j.t.JMeterThread: Stopping because end time detected by thread: Cenario 2 - Carga Crescente 2-21
2026-03-31 11:05:51,735 INFO o.a.j.t.JMeterThread: Thread finished: Cenario 2 - Carga Crescente 2-21
2026-03-31 11:05:51,789 INFO o.a.j.t.JMeterThread: Stopping because end time detected by thread: Cenario 2 - Carga Crescente 2-44
2026-03-31 11:05:51,789 INFO o.a.j.t.JMeterThread: Thread finished: Cenario 2 - Carga Crescente 2-44
2026-03-31 11:05:51,837 INFO o.a.j.t.JMeterThread: Stopping because end time detected by thread: Cenario 2 - Carga Crescente 2-1
2026-03-31 11:05:51,837 INFO o.a.j.t.JMeterThread: Thread finished: Cenario 2 - Carga Crescente 2-1
2026-03-31 11:05:51,900 INFO o.a.j.t.JMeterThread: Stopping because end time detected by thread: Cenario 2 - Carga Crescente 2-23
2026-03-31 11:05:51,901 INFO o.a.j.t.JMeterThread: Thread finished: Cenario 2 - Carga Crescente 2-23
2026-03-31 11:05:52,002 INFO o.a.j.t.JMeterThread: Stopping because end time detected by thread: Cenario 2 - Carga Crescente 2-48
2026-03-31 11:05:52,002 INFO o.a.j.t.JMeterThread: Thread finished: Cenario 2 - Carga Crescente 2-48
2026-03-31 11:05:52,002 INFO o.a.j.e.StandardJMeterEngine: Starting ThreadGroup: 3 : Cenario 3 - Pico de Requisicoes
2026-03-31 11:05:52,003 INFO o.a.j.e.StandardJMeterEngine: Starting 100 threads for group Cenario 3 - Pico de Requisicoes.
2026-03-31 11:05:52,003 INFO o.a.j.e.StandardJMeterEngine: Thread will continue on error
2026-03-31 11:05:52,003 INFO o.a.j.t.ThreadGroup: Starting thread group... number=3 threads=100 ramp-up=5 delayedStart=false
2026-03-31 11:05:52,004 INFO o.a.j.t.JMeterThread: Thread started: Cenario 3 - Pico de Requisicoes 3-1
2026-03-31 11:05:52,017 INFO o.a.j.t.ThreadGroup: Started thread group number 3
2026-03-31 11:05:52,017 INFO o.a.j.e.StandardJMeterEngine: All thread groups have been started
2026-03-31 11:05:52,053 INFO o.a.j.t.JMeterThread: Thread started: Cenario 3 - Pico de Requisicoes 3-2
2026-03-31 11:05:52,104 INFO o.a.j.t.JMeterThread: Thread started: Cenario 3 - Pico de Requisicoes 3-3
2026-03-31 11:05:52,154 INFO o.a.j.t.JMeterThread: Thread started: Cenario 3 - Pico de Requisicoes 3-4
2026-03-31 11:05:52,203 INFO o.a.j.t.JMeterThread: Thread started: Cenario 3 - Pico de Requisicoes 3-5
2026-03-31 11:05:52,254 INFO o.a.j.t.JMeterThread: Thread started: Cenario 3 - Pico de Requisicoes 3-6
2026-03-31 11:05:52,304 INFO o.a.j.t.JMeterThread: Thread started: Cenario 3 - Pico de Requisicoes 3-7
2026-03-31 11:05:52,353 INFO o.a.j.t.JMeterThread: Thread started: Cenario 3 - Pico de Requisicoes 3-8
2026-03-31 11:05:52,403 INFO o.a.j.t.JMeterThread: Thread started: Cenario 3 - Pico de Requisicoes 3-9
2026-03-31 11:05:52,453 INFO o.a.j.t.JMeterThread: Thread started: Cenario 3 - Pico de Requisicoes 3-10
2026-03-31 11:05:52,503 INFO o.a.j.t.JMeterThread: Thread started: Cenario 3 - Pico de Requisicoes 3-11
2026-03-31 11:05:52,554 INFO o.a.j.t.JMeterThread: Thread started: Cenario 3 - Pico de Requisicoes 3-12
2026-03-31 11:05:52,604 INFO o.a.j.t.JMeterThread: Thread started: Cenario 3 - Pico de Requisicoes 3-13
2026-03-31 11:05:52,653 INFO o.a.j.t.JMeterThread: Thread started: Cenario 3 - Pico de Requisicoes 3-14
2026-03-31 11:05:52,703 INFO o.a.j.t.JMeterThread: Thread started: Cenario 3 - Pico de Requisicoes 3-15
2026-03-31 11:05:52,753 INFO o.a.j.t.JMeterThread: Thread started: Cenario 3 - Pico de Requisicoes 3-16
2026-03-31 11:05:52,803 INFO o.a.j.t.JMeterThread: Thread started: Cenario 3 - Pico de Requisicoes 3-17
2026-03-31 11:05:52,854 INFO o.a.j.t.JMeterThread: Thread started: Cenario 3 - Pico de Requisicoes 3-18
2026-03-31 11:05:52,904 INFO o.a.j.t.JMeterThread: Thread started: Cenario 3 - Pico de Requisicoes 3-19
2026-03-31 11:05:52,953 INFO o.a.j.t.JMeterThread: Thread started: Cenario 3 - Pico de Requisicoes 3-20
2026-03-31 11:05:53,003 INFO o.a.j.t.JMeterThread: Thread started: Cenario 3 - Pico de Requisicoes 3-21
2026-03-31 11:05:53,053 INFO o.a.j.t.JMeterThread: Thread started: Cenario 3 - Pico de Requisicoes 3-22
2026-03-31 11:05:53,103 INFO o.a.j.t.JMeterThread: Thread started: Cenario 3 - Pico de Requisicoes 3-23
2026-03-31 11:05:53,154 INFO o.a.j.t.JMeterThread: Thread started: Cenario 3 - Pico de Requisicoes 3-24
2026-03-31 11:05:53,204 INFO o.a.j.t.JMeterThread: Thread started: Cenario 3 - Pico de Requisicoes 3-25
2026-03-31 11:05:53,253 INFO o.a.j.t.JMeterThread: Thread started: Cenario 3 - Pico de Requisicoes 3-26
2026-03-31 11:05:53,304 INFO o.a.j.t.JMeterThread: Thread started: Cenario 3 - Pico de Requisicoes 3-27
2026-03-31 11:05:53,354 INFO o.a.j.t.JMeterThread: Thread started: Cenario 3 - Pico de Requisicoes 3-28
2026-03-31 11:05:53,403 INFO o.a.j.t.JMeterThread: Thread started: Cenario 3 - Pico de Requisicoes 3-29
2026-03-31 11:05:53,453 INFO o.a.j.t.JMeterThread: Thread started: Cenario 3 - Pico de Requisicoes 3-30
2026-03-31 11:05:53,503 INFO o.a.j.t.JMeterThread: Thread started: Cenario 3 - Pico de Requisicoes 3-31
2026-03-31 11:05:53,553 INFO o.a.j.t.JMeterThread: Thread started: Cenario 3 - Pico de Requisicoes 3-32
2026-03-31 11:05:53,603 INFO o.a.j.t.JMeterThread: Thread started: Cenario 3 - Pico de Requisicoes 3-33
2026-03-31 11:05:53,654 INFO o.a.j.t.JMeterThread: Thread started: Cenario 3 - Pico de Requisicoes 3-34
2026-03-31 11:05:53,704 INFO o.a.j.t.JMeterThread: Thread started: Cenario 3 - Pico de Requisicoes 3-35
2026-03-31 11:05:53,754 INFO o.a.j.t.JMeterThread: Thread started: Cenario 3 - Pico de Requisicoes 3-36
2026-03-31 11:05:53,804 INFO o.a.j.t.JMeterThread: Thread started: Cenario 3 - Pico de Requisicoes 3-37
2026-03-31 11:05:53,854 INFO o.a.j.t.JMeterThread: Thread started: Cenario 3 - Pico de Requisicoes 3-38
2026-03-31 11:05:53,903 INFO o.a.j.t.JMeterThread: Thread started: Cenario 3 - Pico de Requisicoes 3-39
2026-03-31 11:05:53,953 INFO o.a.j.t.JMeterThread: Thread started: Cenario 3 - Pico de Requisicoes 3-40
2026-03-31 11:05:54,003 INFO o.a.j.t.JMeterThread: Thread started: Cenario 3 - Pico de Requisicoes 3-41
2026-03-31 11:05:54,053 INFO o.a.j.t.JMeterThread: Thread started: Cenario 3 - Pico de Requisicoes 3-42
2026-03-31 11:05:54,104 INFO o.a.j.t.JMeterThread: Thread started: Cenario 3 - Pico de Requisicoes 3-43
2026-03-31 11:05:54,154 INFO o.a.j.t.JMeterThread: Thread started: Cenario 3 - Pico de Requisicoes 3-44
2026-03-31 11:05:54,203 INFO o.a.j.t.JMeterThread: Thread started: Cenario 3 - Pico de Requisicoes 3-45
2026-03-31 11:05:54,254 INFO o.a.j.t.JMeterThread: Thread started: Cenario 3 - Pico de Requisicoes 3-46
2026-03-31 11:05:54,304 INFO o.a.j.t.JMeterThread: Thread started: Cenario 3 - Pico de Requisicoes 3-47
2026-03-31 11:05:54,353 INFO o.a.j.t.JMeterThread: Thread started: Cenario 3 - Pico de Requisicoes 3-48
2026-03-31 11:05:54,403 INFO o.a.j.t.JMeterThread: Thread started: Cenario 3 - Pico de Requisicoes 3-49
2026-03-31 11:05:54,453 INFO o.a.j.t.JMeterThread: Thread started: Cenario 3 - Pico de Requisicoes 3-50
2026-03-31 11:05:54,503 INFO o.a.j.t.JMeterThread: Thread started: Cenario 3 - Pico de Requisicoes 3-51
2026-03-31 11:05:54,553 INFO o.a.j.t.JMeterThread: Thread started: Cenario 3 - Pico de Requisicoes 3-52
2026-03-31 11:05:54,604 INFO o.a.j.t.JMeterThread: Thread started: Cenario 3 - Pico de Requisicoes 3-53
2026-03-31 11:05:54,654 INFO o.a.j.t.JMeterThread: Thread started: Cenario 3 - Pico de Requisicoes 3-54
2026-03-31 11:05:54,703 INFO o.a.j.t.JMeterThread: Thread started: Cenario 3 - Pico de Requisicoes 3-55
2026-03-31 11:05:54,753 INFO o.a.j.t.JMeterThread: Thread started: Cenario 3 - Pico de Requisicoes 3-56
2026-03-31 11:05:54,803 INFO o.a.j.t.JMeterThread: Thread started: Cenario 3 - Pico de Requisicoes 3-57
2026-03-31 11:05:54,853 INFO o.a.j.t.JMeterThread: Thread started: Cenario 3 - Pico de Requisicoes 3-58
2026-03-31 11:05:54,903 INFO o.a.j.t.JMeterThread: Thread started: Cenario 3 - Pico de Requisicoes 3-59
2026-03-31 11:05:54,954 INFO o.a.j.t.JMeterThread: Thread started: Cenario 3 - Pico de Requisicoes 3-60
2026-03-31 11:05:55,004 INFO o.a.j.t.JMeterThread: Thread started: Cenario 3 - Pico de Requisicoes 3-61
2026-03-31 11:05:55,053 INFO o.a.j.t.JMeterThread: Thread started: Cenario 3 - Pico de Requisicoes 3-62
2026-03-31 11:05:55,104 INFO o.a.j.t.JMeterThread: Thread started: Cenario 3 - Pico de Requisicoes 3-63
2026-03-31 11:05:55,153 INFO o.a.j.t.JMeterThread: Thread started: Cenario 3 - Pico de Requisicoes 3-64
2026-03-31 11:05:55,203 INFO o.a.j.t.JMeterThread: Thread started: Cenario 3 - Pico de Requisicoes 3-65
2026-03-31 11:05:55,253 INFO o.a.j.t.JMeterThread: Thread started: Cenario 3 - Pico de Requisicoes 3-66
2026-03-31 11:05:55,303 INFO o.a.j.t.JMeterThread: Thread started: Cenario 3 - Pico de Requisicoes 3-67
2026-03-31 11:05:55,353 INFO o.a.j.t.JMeterThread: Thread started: Cenario 3 - Pico de Requisicoes 3-68
2026-03-31 11:05:55,404 INFO o.a.j.t.JMeterThread: Thread started: Cenario 3 - Pico de Requisicoes 3-69
2026-03-31 11:05:55,453 INFO o.a.j.t.JMeterThread: Thread started: Cenario 3 - Pico de Requisicoes 3-70
2026-03-31 11:05:55,503 INFO o.a.j.t.JMeterThread: Thread started: Cenario 3 - Pico de Requisicoes 3-71
2026-03-31 11:05:55,554 INFO o.a.j.t.JMeterThread: Thread started: Cenario 3 - Pico de Requisicoes 3-72
2026-03-31 11:05:55,604 INFO o.a.j.t.JMeterThread: Thread started: Cenario 3 - Pico de Requisicoes 3-73
2026-03-31 11:05:55,653 INFO o.a.j.t.JMeterThread: Thread started: Cenario 3 - Pico de Requisicoes 3-74
2026-03-31 11:05:55,703 INFO o.a.j.t.JMeterThread: Thread started: Cenario 3 - Pico de Requisicoes 3-75
2026-03-31 11:05:55,753 INFO o.a.j.t.JMeterThread: Thread started: Cenario 3 - Pico de Requisicoes 3-76
2026-03-31 11:05:55,803 INFO o.a.j.t.JMeterThread: Thread started: Cenario 3 - Pico de Requisicoes 3-77
2026-03-31 11:05:55,854 INFO o.a.j.t.JMeterThread: Thread started: Cenario 3 - Pico de Requisicoes 3-78
2026-03-31 11:05:55,903 INFO o.a.j.t.JMeterThread: Thread started: Cenario 3 - Pico de Requisicoes 3-79
2026-03-31 11:05:55,954 INFO o.a.j.t.JMeterThread: Thread started: Cenario 3 - Pico de Requisicoes 3-80
2026-03-31 11:05:56,004 INFO o.a.j.t.JMeterThread: Thread started: Cenario 3 - Pico de Requisicoes 3-81
2026-03-31 11:05:56,054 INFO o.a.j.t.JMeterThread: Thread started: Cenario 3 - Pico de Requisicoes 3-82
2026-03-31 11:05:56,103 INFO o.a.j.t.JMeterThread: Thread started: Cenario 3 - Pico de Requisicoes 3-83
2026-03-31 11:05:56,153 INFO o.a.j.t.JMeterThread: Thread started: Cenario 3 - Pico de Requisicoes 3-84
2026-03-31 11:05:56,204 INFO o.a.j.t.JMeterThread: Thread started: Cenario 3 - Pico de Requisicoes 3-85
2026-03-31 11:05:56,254 INFO o.a.j.t.JMeterThread: Thread started: Cenario 3 - Pico de Requisicoes 3-86
2026-03-31 11:05:56,303 INFO o.a.j.t.JMeterThread: Thread started: Cenario 3 - Pico de Requisicoes 3-87
2026-03-31 11:05:56,353 INFO o.a.j.t.JMeterThread: Thread started: Cenario 3 - Pico de Requisicoes 3-88
2026-03-31 11:05:56,404 INFO o.a.j.t.JMeterThread: Thread started: Cenario 3 - Pico de Requisicoes 3-89
2026-03-31 11:05:56,454 INFO o.a.j.t.JMeterThread: Thread started: Cenario 3 - Pico de Requisicoes 3-90
2026-03-31 11:05:56,503 INFO o.a.j.t.JMeterThread: Thread started: Cenario 3 - Pico de Requisicoes 3-91
2026-03-31 11:05:56,553 INFO o.a.j.t.JMeterThread: Thread started: Cenario 3 - Pico de Requisicoes 3-92
2026-03-31 11:05:56,603 INFO o.a.j.t.JMeterThread: Thread started: Cenario 3 - Pico de Requisicoes 3-93
2026-03-31 11:05:56,654 INFO o.a.j.t.JMeterThread: Thread started: Cenario 3 - Pico de Requisicoes 3-94
2026-03-31 11:05:56,704 INFO o.a.j.t.JMeterThread: Thread started: Cenario 3 - Pico de Requisicoes 3-95
2026-03-31 11:05:56,754 INFO o.a.j.t.JMeterThread: Thread started: Cenario 3 - Pico de Requisicoes 3-96
2026-03-31 11:05:56,803 INFO o.a.j.t.JMeterThread: Thread started: Cenario 3 - Pico de Requisicoes 3-97
2026-03-31 11:05:56,853 INFO o.a.j.t.JMeterThread: Thread started: Cenario 3 - Pico de Requisicoes 3-98
2026-03-31 11:05:56,904 INFO o.a.j.t.JMeterThread: Thread started: Cenario 3 - Pico de Requisicoes 3-99
2026-03-31 11:05:56,954 INFO o.a.j.t.JMeterThread: Thread started: Cenario 3 - Pico de Requisicoes 3-100
2026-03-31 11:06:00,058 INFO o.a.j.r.Summariser: summary +    535 in 00:00:30 =   17.8/s Avg:  2357 Min:   259 Max:  4553 Err:     0 (0.00%) Active: 100 Started: 160 Finished: 60
2026-03-31 11:06:00,058 INFO o.a.j.r.Summariser: summary =   2942 in 00:02:41 =   18.2/s Avg:  1098 Min:    27 Max:  4553 Err:     0 (0.00%)
2026-03-31 11:06:22,082 INFO o.a.j.t.JMeterThread: Stopping because end time detected by thread: Cenario 3 - Pico de Requisicoes 3-77
2026-03-31 11:06:22,082 INFO o.a.j.t.JMeterThread: Thread finished: Cenario 3 - Pico de Requisicoes 3-77
2026-03-31 11:06:22,123 INFO o.a.j.t.JMeterThread: Stopping because end time detected by thread: Cenario 3 - Pico de Requisicoes 3-3
2026-03-31 11:06:22,123 INFO o.a.j.t.JMeterThread: Thread finished: Cenario 3 - Pico de Requisicoes 3-3
2026-03-31 11:06:22,180 INFO o.a.j.t.JMeterThread: Stopping because end time detected by thread: Cenario 3 - Pico de Requisicoes 3-78
2026-03-31 11:06:22,180 INFO o.a.j.t.JMeterThread: Thread finished: Cenario 3 - Pico de Requisicoes 3-78
2026-03-31 11:06:22,212 INFO o.a.j.t.JMeterThread: Stopping because end time detected by thread: Cenario 3 - Pico de Requisicoes 3-33
2026-03-31 11:06:22,212 INFO o.a.j.t.JMeterThread: Thread finished: Cenario 3 - Pico de Requisicoes 3-33
2026-03-31 11:06:22,240 INFO o.a.j.t.JMeterThread: Stopping because end time detected by thread: Cenario 3 - Pico de Requisicoes 3-32
2026-03-31 11:06:22,240 INFO o.a.j.t.JMeterThread: Thread finished: Cenario 3 - Pico de Requisicoes 3-32
2026-03-31 11:06:22,354 INFO o.a.j.t.JMeterThread: Stopping because end time detected by thread: Cenario 3 - Pico de Requisicoes 3-79
2026-03-31 11:06:22,354 INFO o.a.j.t.JMeterThread: Thread finished: Cenario 3 - Pico de Requisicoes 3-79
2026-03-31 11:06:22,393 INFO o.a.j.t.JMeterThread: Stopping because end time detected by thread: Cenario 3 - Pico de Requisicoes 3-80
2026-03-31 11:06:22,393 INFO o.a.j.t.JMeterThread: Thread finished: Cenario 3 - Pico de Requisicoes 3-80
2026-03-31 11:06:22,502 INFO o.a.j.t.JMeterThread: Stopping because end time detected by thread: Cenario 3 - Pico de Requisicoes 3-15
2026-03-31 11:06:22,502 INFO o.a.j.t.JMeterThread: Thread finished: Cenario 3 - Pico de Requisicoes 3-15
2026-03-31 11:06:22,617 INFO o.a.j.t.JMeterThread: Stopping because end time detected by thread: Cenario 3 - Pico de Requisicoes 3-82
2026-03-31 11:06:22,617 INFO o.a.j.t.JMeterThread: Thread finished: Cenario 3 - Pico de Requisicoes 3-82
2026-03-31 11:06:22,668 INFO o.a.j.t.JMeterThread: Stopping because end time detected by thread: Cenario 3 - Pico de Requisicoes 3-34
2026-03-31 11:06:22,668 INFO o.a.j.t.JMeterThread: Thread finished: Cenario 3 - Pico de Requisicoes 3-34
2026-03-31 11:06:22,668 INFO o.a.j.t.JMeterThread: Stopping because end time detected by thread: Cenario 3 - Pico de Requisicoes 3-81
2026-03-31 11:06:22,668 INFO o.a.j.t.JMeterThread: Thread finished: Cenario 3 - Pico de Requisicoes 3-81
2026-03-31 11:06:22,766 INFO o.a.j.t.JMeterThread: Stopping because end time detected by thread: Cenario 3 - Pico de Requisicoes 3-83
2026-03-31 11:06:22,766 INFO o.a.j.t.JMeterThread: Thread finished: Cenario 3 - Pico de Requisicoes 3-83
2026-03-31 11:06:22,800 INFO o.a.j.t.JMeterThread: Stopping because end time detected by thread: Cenario 3 - Pico de Requisicoes 3-35
2026-03-31 11:06:22,800 INFO o.a.j.t.JMeterThread: Thread finished: Cenario 3 - Pico de Requisicoes 3-35
2026-03-31 11:06:22,936 INFO o.a.j.t.JMeterThread: Stopping because end time detected by thread: Cenario 3 - Pico de Requisicoes 3-84
2026-03-31 11:06:22,936 INFO o.a.j.t.JMeterThread: Thread finished: Cenario 3 - Pico de Requisicoes 3-84
2026-03-31 11:06:22,941 INFO o.a.j.t.JMeterThread: Stopping because end time detected by thread: Cenario 3 - Pico de Requisicoes 3-85
2026-03-31 11:06:22,941 INFO o.a.j.t.JMeterThread: Thread finished: Cenario 3 - Pico de Requisicoes 3-85
2026-03-31 11:06:22,989 INFO o.a.j.t.JMeterThread: Stopping because end time detected by thread: Cenario 3 - Pico de Requisicoes 3-36
2026-03-31 11:06:22,989 INFO o.a.j.t.JMeterThread: Thread finished: Cenario 3 - Pico de Requisicoes 3-36
2026-03-31 11:06:23,069 INFO o.a.j.t.JMeterThread: Stopping because end time detected by thread: Cenario 3 - Pico de Requisicoes 3-86
2026-03-31 11:06:23,069 INFO o.a.j.t.JMeterThread: Thread finished: Cenario 3 - Pico de Requisicoes 3-86
2026-03-31 11:06:23,252 INFO o.a.j.t.JMeterThread: Stopping because end time detected by thread: Cenario 3 - Pico de Requisicoes 3-87
2026-03-31 11:06:23,252 INFO o.a.j.t.JMeterThread: Thread finished: Cenario 3 - Pico de Requisicoes 3-87
2026-03-31 11:06:23,255 INFO o.a.j.t.JMeterThread: Stopping because end time detected by thread: Cenario 3 - Pico de Requisicoes 3-88
2026-03-31 11:06:23,255 INFO o.a.j.t.JMeterThread: Thread finished: Cenario 3 - Pico de Requisicoes 3-88
2026-03-31 11:06:23,310 INFO o.a.j.t.JMeterThread: Stopping because end time detected by thread: Cenario 3 - Pico de Requisicoes 3-37
2026-03-31 11:06:23,310 INFO o.a.j.t.JMeterThread: Thread finished: Cenario 3 - Pico de Requisicoes 3-37
2026-03-31 11:06:23,333 INFO o.a.j.t.JMeterThread: Stopping because end time detected by thread: Cenario 3 - Pico de Requisicoes 3-89
2026-03-31 11:06:23,333 INFO o.a.j.t.JMeterThread: Thread finished: Cenario 3 - Pico de Requisicoes 3-89
2026-03-31 11:06:23,519 INFO o.a.j.t.JMeterThread: Stopping because end time detected by thread: Cenario 3 - Pico de Requisicoes 3-16
2026-03-31 11:06:23,519 INFO o.a.j.t.JMeterThread: Thread finished: Cenario 3 - Pico de Requisicoes 3-16
2026-03-31 11:06:23,572 INFO o.a.j.t.JMeterThread: Stopping because end time detected by thread: Cenario 3 - Pico de Requisicoes 3-7
2026-03-31 11:06:23,572 INFO o.a.j.t.JMeterThread: Thread finished: Cenario 3 - Pico de Requisicoes 3-7
2026-03-31 11:06:23,577 INFO o.a.j.t.JMeterThread: Stopping because end time detected by thread: Cenario 3 - Pico de Requisicoes 3-90
2026-03-31 11:06:23,577 INFO o.a.j.t.JMeterThread: Thread finished: Cenario 3 - Pico de Requisicoes 3-90
2026-03-31 11:06:23,601 INFO o.a.j.t.JMeterThread: Stopping because end time detected by thread: Cenario 3 - Pico de Requisicoes 3-91
2026-03-31 11:06:23,601 INFO o.a.j.t.JMeterThread: Thread finished: Cenario 3 - Pico de Requisicoes 3-91
2026-03-31 11:06:23,845 INFO o.a.j.t.JMeterThread: Stopping because end time detected by thread: Cenario 3 - Pico de Requisicoes 3-17
2026-03-31 11:06:23,845 INFO o.a.j.t.JMeterThread: Thread finished: Cenario 3 - Pico de Requisicoes 3-17
2026-03-31 11:06:23,850 INFO o.a.j.t.JMeterThread: Stopping because end time detected by thread: Cenario 3 - Pico de Requisicoes 3-92
2026-03-31 11:06:23,850 INFO o.a.j.t.JMeterThread: Thread finished: Cenario 3 - Pico de Requisicoes 3-92
2026-03-31 11:06:23,877 INFO o.a.j.t.JMeterThread: Stopping because end time detected by thread: Cenario 3 - Pico de Requisicoes 3-38
2026-03-31 11:06:23,877 INFO o.a.j.t.JMeterThread: Thread finished: Cenario 3 - Pico de Requisicoes 3-38
2026-03-31 11:06:23,878 INFO o.a.j.t.JMeterThread: Stopping because end time detected by thread: Cenario 3 - Pico de Requisicoes 3-93
2026-03-31 11:06:23,878 INFO o.a.j.t.JMeterThread: Thread finished: Cenario 3 - Pico de Requisicoes 3-93
2026-03-31 11:06:23,937 INFO o.a.j.t.JMeterThread: Stopping because end time detected by thread: Cenario 3 - Pico de Requisicoes 3-39
2026-03-31 11:06:23,938 INFO o.a.j.t.JMeterThread: Thread finished: Cenario 3 - Pico de Requisicoes 3-39
2026-03-31 11:06:24,156 INFO o.a.j.t.JMeterThread: Stopping because end time detected by thread: Cenario 3 - Pico de Requisicoes 3-94
2026-03-31 11:06:24,156 INFO o.a.j.t.JMeterThread: Thread finished: Cenario 3 - Pico de Requisicoes 3-94
2026-03-31 11:06:24,162 INFO o.a.j.t.JMeterThread: Stopping because end time detected by thread: Cenario 3 - Pico de Requisicoes 3-95
2026-03-31 11:06:24,162 INFO o.a.j.t.JMeterThread: Thread finished: Cenario 3 - Pico de Requisicoes 3-95
2026-03-31 11:06:24,191 INFO o.a.j.t.JMeterThread: Stopping because end time detected by thread: Cenario 3 - Pico de Requisicoes 3-40
2026-03-31 11:06:24,191 INFO o.a.j.t.JMeterThread: Thread finished: Cenario 3 - Pico de Requisicoes 3-40
2026-03-31 11:06:24,212 INFO o.a.j.t.JMeterThread: Stopping because end time detected by thread: Cenario 3 - Pico de Requisicoes 3-18
2026-03-31 11:06:24,212 INFO o.a.j.t.JMeterThread: Thread finished: Cenario 3 - Pico de Requisicoes 3-18
2026-03-31 11:06:24,262 INFO o.a.j.t.JMeterThread: Stopping because end time detected by thread: Cenario 3 - Pico de Requisicoes 3-41
2026-03-31 11:06:24,262 INFO o.a.j.t.JMeterThread: Thread finished: Cenario 3 - Pico de Requisicoes 3-41
2026-03-31 11:06:24,425 INFO o.a.j.t.JMeterThread: Stopping because end time detected by thread: Cenario 3 - Pico de Requisicoes 3-96
2026-03-31 11:06:24,425 INFO o.a.j.t.JMeterThread: Thread finished: Cenario 3 - Pico de Requisicoes 3-96
2026-03-31 11:06:24,469 INFO o.a.j.t.JMeterThread: Stopping because end time detected by thread: Cenario 3 - Pico de Requisicoes 3-8
2026-03-31 11:06:24,469 INFO o.a.j.t.JMeterThread: Thread finished: Cenario 3 - Pico de Requisicoes 3-8
2026-03-31 11:06:24,470 INFO o.a.j.t.JMeterThread: Stopping because end time detected by thread: Cenario 3 - Pico de Requisicoes 3-97
2026-03-31 11:06:24,470 INFO o.a.j.t.JMeterThread: Thread finished: Cenario 3 - Pico de Requisicoes 3-97
2026-03-31 11:06:24,502 INFO o.a.j.t.JMeterThread: Stopping because end time detected by thread: Cenario 3 - Pico de Requisicoes 3-42
2026-03-31 11:06:24,503 INFO o.a.j.t.JMeterThread: Thread finished: Cenario 3 - Pico de Requisicoes 3-42
2026-03-31 11:06:24,529 INFO o.a.j.t.JMeterThread: Stopping because end time detected by thread: Cenario 3 - Pico de Requisicoes 3-43
2026-03-31 11:06:24,529 INFO o.a.j.t.JMeterThread: Thread finished: Cenario 3 - Pico de Requisicoes 3-43
2026-03-31 11:06:24,530 INFO o.a.j.t.JMeterThread: Stopping because end time detected by thread: Cenario 3 - Pico de Requisicoes 3-98
2026-03-31 11:06:24,530 INFO o.a.j.t.JMeterThread: Thread finished: Cenario 3 - Pico de Requisicoes 3-98
2026-03-31 11:06:24,561 INFO o.a.j.t.JMeterThread: Stopping because end time detected by thread: Cenario 3 - Pico de Requisicoes 3-9
2026-03-31 11:06:24,562 INFO o.a.j.t.JMeterThread: Thread finished: Cenario 3 - Pico de Requisicoes 3-9
2026-03-31 11:06:24,585 INFO o.a.j.t.JMeterThread: Stopping because end time detected by thread: Cenario 3 - Pico de Requisicoes 3-44
2026-03-31 11:06:24,585 INFO o.a.j.t.JMeterThread: Thread finished: Cenario 3 - Pico de Requisicoes 3-44
2026-03-31 11:06:24,616 INFO o.a.j.t.JMeterThread: Stopping because end time detected by thread: Cenario 3 - Pico de Requisicoes 3-45
2026-03-31 11:06:24,617 INFO o.a.j.t.JMeterThread: Thread finished: Cenario 3 - Pico de Requisicoes 3-45
2026-03-31 11:06:24,643 INFO o.a.j.t.JMeterThread: Stopping because end time detected by thread: Cenario 3 - Pico de Requisicoes 3-46
2026-03-31 11:06:24,643 INFO o.a.j.t.JMeterThread: Thread finished: Cenario 3 - Pico de Requisicoes 3-46
2026-03-31 11:06:24,742 INFO o.a.j.t.JMeterThread: Stopping because end time detected by thread: Cenario 3 - Pico de Requisicoes 3-99
2026-03-31 11:06:24,742 INFO o.a.j.t.JMeterThread: Thread finished: Cenario 3 - Pico de Requisicoes 3-99
2026-03-31 11:06:24,792 INFO o.a.j.t.JMeterThread: Stopping because end time detected by thread: Cenario 3 - Pico de Requisicoes 3-47
2026-03-31 11:06:24,792 INFO o.a.j.t.JMeterThread: Thread finished: Cenario 3 - Pico de Requisicoes 3-47
2026-03-31 11:06:24,841 INFO o.a.j.t.JMeterThread: Stopping because end time detected by thread: Cenario 3 - Pico de Requisicoes 3-49
2026-03-31 11:06:24,841 INFO o.a.j.t.JMeterThread: Thread finished: Cenario 3 - Pico de Requisicoes 3-49
2026-03-31 11:06:24,873 INFO o.a.j.t.JMeterThread: Stopping because end time detected by thread: Cenario 3 - Pico de Requisicoes 3-48
2026-03-31 11:06:24,873 INFO o.a.j.t.JMeterThread: Thread finished: Cenario 3 - Pico de Requisicoes 3-48
2026-03-31 11:06:24,874 INFO o.a.j.t.JMeterThread: Stopping because end time detected by thread: Cenario 3 - Pico de Requisicoes 3-100
2026-03-31 11:06:24,874 INFO o.a.j.t.JMeterThread: Thread finished: Cenario 3 - Pico de Requisicoes 3-100
2026-03-31 11:06:24,921 INFO o.a.j.t.JMeterThread: Stopping because end time detected by thread: Cenario 3 - Pico de Requisicoes 3-50
2026-03-31 11:06:24,921 INFO o.a.j.t.JMeterThread: Thread finished: Cenario 3 - Pico de Requisicoes 3-50
2026-03-31 11:06:24,922 INFO o.a.j.t.JMeterThread: Stopping because end time detected by thread: Cenario 3 - Pico de Requisicoes 3-20
2026-03-31 11:06:24,922 INFO o.a.j.t.JMeterThread: Thread finished: Cenario 3 - Pico de Requisicoes 3-20
2026-03-31 11:06:24,976 INFO o.a.j.t.JMeterThread: Stopping because end time detected by thread: Cenario 3 - Pico de Requisicoes 3-51
2026-03-31 11:06:24,976 INFO o.a.j.t.JMeterThread: Thread finished: Cenario 3 - Pico de Requisicoes 3-51
2026-03-31 11:06:25,027 INFO o.a.j.t.JMeterThread: Stopping because end time detected by thread: Cenario 3 - Pico de Requisicoes 3-52
2026-03-31 11:06:25,027 INFO o.a.j.t.JMeterThread: Thread finished: Cenario 3 - Pico de Requisicoes 3-52
2026-03-31 11:06:25,076 INFO o.a.j.t.JMeterThread: Stopping because end time detected by thread: Cenario 3 - Pico de Requisicoes 3-10
2026-03-31 11:06:25,076 INFO o.a.j.t.JMeterThread: Thread finished: Cenario 3 - Pico de Requisicoes 3-10
2026-03-31 11:06:25,128 INFO o.a.j.t.JMeterThread: Stopping because end time detected by thread: Cenario 3 - Pico de Requisicoes 3-53
2026-03-31 11:06:25,128 INFO o.a.j.t.JMeterThread: Thread finished: Cenario 3 - Pico de Requisicoes 3-53
2026-03-31 11:06:25,179 INFO o.a.j.t.JMeterThread: Stopping because end time detected by thread: Cenario 3 - Pico de Requisicoes 3-11
2026-03-31 11:06:25,179 INFO o.a.j.t.JMeterThread: Thread finished: Cenario 3 - Pico de Requisicoes 3-11
2026-03-31 11:06:25,179 INFO o.a.j.t.JMeterThread: Stopping because end time detected by thread: Cenario 3 - Pico de Requisicoes 3-19
2026-03-31 11:06:25,179 INFO o.a.j.t.JMeterThread: Thread finished: Cenario 3 - Pico de Requisicoes 3-19
2026-03-31 11:06:25,222 INFO o.a.j.t.JMeterThread: Stopping because end time detected by thread: Cenario 3 - Pico de Requisicoes 3-54
2026-03-31 11:06:25,222 INFO o.a.j.t.JMeterThread: Thread finished: Cenario 3 - Pico de Requisicoes 3-54
2026-03-31 11:06:25,223 INFO o.a.j.t.JMeterThread: Stopping because end time detected by thread: Cenario 3 - Pico de Requisicoes 3-4
2026-03-31 11:06:25,223 INFO o.a.j.t.JMeterThread: Thread finished: Cenario 3 - Pico de Requisicoes 3-4
2026-03-31 11:06:25,278 INFO o.a.j.t.JMeterThread: Stopping because end time detected by thread: Cenario 3 - Pico de Requisicoes 3-55
2026-03-31 11:06:25,278 INFO o.a.j.t.JMeterThread: Thread finished: Cenario 3 - Pico de Requisicoes 3-55
2026-03-31 11:06:25,332 INFO o.a.j.t.JMeterThread: Stopping because end time detected by thread: Cenario 3 - Pico de Requisicoes 3-56
2026-03-31 11:06:25,332 INFO o.a.j.t.JMeterThread: Thread finished: Cenario 3 - Pico de Requisicoes 3-56
2026-03-31 11:06:25,453 INFO o.a.j.t.JMeterThread: Stopping because end time detected by thread: Cenario 3 - Pico de Requisicoes 3-22
2026-03-31 11:06:25,453 INFO o.a.j.t.JMeterThread: Thread finished: Cenario 3 - Pico de Requisicoes 3-22
2026-03-31 11:06:25,503 INFO o.a.j.t.JMeterThread: Stopping because end time detected by thread: Cenario 3 - Pico de Requisicoes 3-57
2026-03-31 11:06:25,503 INFO o.a.j.t.JMeterThread: Thread finished: Cenario 3 - Pico de Requisicoes 3-57
2026-03-31 11:06:25,504 INFO o.a.j.t.JMeterThread: Stopping because end time detected by thread: Cenario 3 - Pico de Requisicoes 3-21
2026-03-31 11:06:25,504 INFO o.a.j.t.JMeterThread: Thread finished: Cenario 3 - Pico de Requisicoes 3-21
2026-03-31 11:06:25,554 INFO o.a.j.t.JMeterThread: Stopping because end time detected by thread: Cenario 3 - Pico de Requisicoes 3-58
2026-03-31 11:06:25,555 INFO o.a.j.t.JMeterThread: Thread finished: Cenario 3 - Pico de Requisicoes 3-58
2026-03-31 11:06:25,605 INFO o.a.j.t.JMeterThread: Stopping because end time detected by thread: Cenario 3 - Pico de Requisicoes 3-59
2026-03-31 11:06:25,606 INFO o.a.j.t.JMeterThread: Thread finished: Cenario 3 - Pico de Requisicoes 3-59
2026-03-31 11:06:25,606 INFO o.a.j.t.JMeterThread: Stopping because end time detected by thread: Cenario 3 - Pico de Requisicoes 3-23
2026-03-31 11:06:25,606 INFO o.a.j.t.JMeterThread: Thread finished: Cenario 3 - Pico de Requisicoes 3-23
2026-03-31 11:06:25,667 INFO o.a.j.t.JMeterThread: Stopping because end time detected by thread: Cenario 3 - Pico de Requisicoes 3-12
2026-03-31 11:06:25,667 INFO o.a.j.t.JMeterThread: Thread finished: Cenario 3 - Pico de Requisicoes 3-12
2026-03-31 11:06:25,691 INFO o.a.j.t.JMeterThread: Stopping because end time detected by thread: Cenario 3 - Pico de Requisicoes 3-60
2026-03-31 11:06:25,691 INFO o.a.j.t.JMeterThread: Thread finished: Cenario 3 - Pico de Requisicoes 3-60
2026-03-31 11:06:25,746 INFO o.a.j.t.JMeterThread: Stopping because end time detected by thread: Cenario 3 - Pico de Requisicoes 3-61
2026-03-31 11:06:25,746 INFO o.a.j.t.JMeterThread: Thread finished: Cenario 3 - Pico de Requisicoes 3-61
2026-03-31 11:06:25,795 INFO o.a.j.t.JMeterThread: Stopping because end time detected by thread: Cenario 3 - Pico de Requisicoes 3-24
2026-03-31 11:06:25,795 INFO o.a.j.t.JMeterThread: Stopping because end time detected by thread: Cenario 3 - Pico de Requisicoes 3-62
2026-03-31 11:06:25,795 INFO o.a.j.t.JMeterThread: Thread finished: Cenario 3 - Pico de Requisicoes 3-24
2026-03-31 11:06:25,795 INFO o.a.j.t.JMeterThread: Thread finished: Cenario 3 - Pico de Requisicoes 3-62
2026-03-31 11:06:25,848 INFO o.a.j.t.JMeterThread: Stopping because end time detected by thread: Cenario 3 - Pico de Requisicoes 3-63
2026-03-31 11:06:25,848 INFO o.a.j.t.JMeterThread: Thread finished: Cenario 3 - Pico de Requisicoes 3-63
2026-03-31 11:06:25,964 INFO o.a.j.t.JMeterThread: Stopping because end time detected by thread: Cenario 3 - Pico de Requisicoes 3-5
2026-03-31 11:06:25,965 INFO o.a.j.t.JMeterThread: Thread finished: Cenario 3 - Pico de Requisicoes 3-5
2026-03-31 11:06:26,013 INFO o.a.j.t.JMeterThread: Stopping because end time detected by thread: Cenario 3 - Pico de Requisicoes 3-64
2026-03-31 11:06:26,013 INFO o.a.j.t.JMeterThread: Thread finished: Cenario 3 - Pico de Requisicoes 3-64
2026-03-31 11:06:26,065 INFO o.a.j.t.JMeterThread: Stopping because end time detected by thread: Cenario 3 - Pico de Requisicoes 3-65
2026-03-31 11:06:26,065 INFO o.a.j.t.JMeterThread: Thread finished: Cenario 3 - Pico de Requisicoes 3-65
2026-03-31 11:06:26,069 INFO o.a.j.t.JMeterThread: Stopping because end time detected by thread: Cenario 3 - Pico de Requisicoes 3-25
2026-03-31 11:06:26,069 INFO o.a.j.t.JMeterThread: Thread finished: Cenario 3 - Pico de Requisicoes 3-25
2026-03-31 11:06:26,105 INFO o.a.j.t.JMeterThread: Stopping because end time detected by thread: Cenario 3 - Pico de Requisicoes 3-1
2026-03-31 11:06:26,105 INFO o.a.j.t.JMeterThread: Thread finished: Cenario 3 - Pico de Requisicoes 3-1
2026-03-31 11:06:26,115 INFO o.a.j.t.JMeterThread: Stopping because end time detected by thread: Cenario 3 - Pico de Requisicoes 3-26
2026-03-31 11:06:26,115 INFO o.a.j.t.JMeterThread: Thread finished: Cenario 3 - Pico de Requisicoes 3-26
2026-03-31 11:06:26,149 INFO o.a.j.t.JMeterThread: Stopping because end time detected by thread: Cenario 3 - Pico de Requisicoes 3-66
2026-03-31 11:06:26,149 INFO o.a.j.t.JMeterThread: Thread finished: Cenario 3 - Pico de Requisicoes 3-66
2026-03-31 11:06:26,201 INFO o.a.j.t.JMeterThread: Stopping because end time detected by thread: Cenario 3 - Pico de Requisicoes 3-67
2026-03-31 11:06:26,201 INFO o.a.j.t.JMeterThread: Thread finished: Cenario 3 - Pico de Requisicoes 3-67
2026-03-31 11:06:26,251 INFO o.a.j.t.JMeterThread: Stopping because end time detected by thread: Cenario 3 - Pico de Requisicoes 3-68
2026-03-31 11:06:26,252 INFO o.a.j.t.JMeterThread: Thread finished: Cenario 3 - Pico de Requisicoes 3-68
2026-03-31 11:06:26,300 INFO o.a.j.t.JMeterThread: Stopping because end time detected by thread: Cenario 3 - Pico de Requisicoes 3-69
2026-03-31 11:06:26,301 INFO o.a.j.t.JMeterThread: Thread finished: Cenario 3 - Pico de Requisicoes 3-69
2026-03-31 11:06:26,351 INFO o.a.j.t.JMeterThread: Stopping because end time detected by thread: Cenario 3 - Pico de Requisicoes 3-2
2026-03-31 11:06:26,351 INFO o.a.j.t.JMeterThread: Thread finished: Cenario 3 - Pico de Requisicoes 3-2
2026-03-31 11:06:26,400 INFO o.a.j.t.JMeterThread: Stopping because end time detected by thread: Cenario 3 - Pico de Requisicoes 3-70
2026-03-31 11:06:26,400 INFO o.a.j.t.JMeterThread: Thread finished: Cenario 3 - Pico de Requisicoes 3-70
2026-03-31 11:06:26,404 INFO o.a.j.t.JMeterThread: Stopping because end time detected by thread: Cenario 3 - Pico de Requisicoes 3-27
2026-03-31 11:06:26,404 INFO o.a.j.t.JMeterThread: Thread finished: Cenario 3 - Pico de Requisicoes 3-27
2026-03-31 11:06:26,454 INFO o.a.j.t.JMeterThread: Stopping because end time detected by thread: Cenario 3 - Pico de Requisicoes 3-28
2026-03-31 11:06:26,454 INFO o.a.j.t.JMeterThread: Stopping because end time detected by thread: Cenario 3 - Pico de Requisicoes 3-72
2026-03-31 11:06:26,454 INFO o.a.j.t.JMeterThread: Thread finished: Cenario 3 - Pico de Requisicoes 3-28
2026-03-31 11:06:26,454 INFO o.a.j.t.JMeterThread: Thread finished: Cenario 3 - Pico de Requisicoes 3-72
2026-03-31 11:06:26,507 INFO o.a.j.t.JMeterThread: Stopping because end time detected by thread: Cenario 3 - Pico de Requisicoes 3-71
2026-03-31 11:06:26,508 INFO o.a.j.t.JMeterThread: Thread finished: Cenario 3 - Pico de Requisicoes 3-71
2026-03-31 11:06:26,677 INFO o.a.j.t.JMeterThread: Stopping because end time detected by thread: Cenario 3 - Pico de Requisicoes 3-29
2026-03-31 11:06:26,677 INFO o.a.j.t.JMeterThread: Thread finished: Cenario 3 - Pico de Requisicoes 3-29
2026-03-31 11:06:26,728 INFO o.a.j.t.JMeterThread: Stopping because end time detected by thread: Cenario 3 - Pico de Requisicoes 3-13
2026-03-31 11:06:26,728 INFO o.a.j.t.JMeterThread: Thread finished: Cenario 3 - Pico de Requisicoes 3-13
2026-03-31 11:06:26,729 INFO o.a.j.t.JMeterThread: Stopping because end time detected by thread: Cenario 3 - Pico de Requisicoes 3-6
2026-03-31 11:06:26,729 INFO o.a.j.t.JMeterThread: Thread finished: Cenario 3 - Pico de Requisicoes 3-6
2026-03-31 11:06:26,763 INFO o.a.j.t.JMeterThread: Stopping because end time detected by thread: Cenario 3 - Pico de Requisicoes 3-74
2026-03-31 11:06:26,763 INFO o.a.j.t.JMeterThread: Thread finished: Cenario 3 - Pico de Requisicoes 3-74
2026-03-31 11:06:26,800 INFO o.a.j.t.JMeterThread: Stopping because end time detected by thread: Cenario 3 - Pico de Requisicoes 3-73
2026-03-31 11:06:26,800 INFO o.a.j.t.JMeterThread: Thread finished: Cenario 3 - Pico de Requisicoes 3-73
2026-03-31 11:06:26,801 INFO o.a.j.t.JMeterThread: Stopping because end time detected by thread: Cenario 3 - Pico de Requisicoes 3-30
2026-03-31 11:06:26,801 INFO o.a.j.t.JMeterThread: Thread finished: Cenario 3 - Pico de Requisicoes 3-30
2026-03-31 11:06:26,859 INFO o.a.j.t.JMeterThread: Stopping because end time detected by thread: Cenario 3 - Pico de Requisicoes 3-76
2026-03-31 11:06:26,859 INFO o.a.j.t.JMeterThread: Thread finished: Cenario 3 - Pico de Requisicoes 3-76
2026-03-31 11:06:26,900 INFO o.a.j.t.JMeterThread: Stopping because end time detected by thread: Cenario 3 - Pico de Requisicoes 3-75
2026-03-31 11:06:26,900 INFO o.a.j.t.JMeterThread: Thread finished: Cenario 3 - Pico de Requisicoes 3-75
2026-03-31 11:06:26,931 INFO o.a.j.t.JMeterThread: Stopping because end time detected by thread: Cenario 3 - Pico de Requisicoes 3-14
2026-03-31 11:06:26,931 INFO o.a.j.t.JMeterThread: Thread finished: Cenario 3 - Pico de Requisicoes 3-14
2026-03-31 11:06:27,072 INFO o.a.j.t.JMeterThread: Stopping because end time detected by thread: Cenario 3 - Pico de Requisicoes 3-31
2026-03-31 11:06:27,072 INFO o.a.j.t.JMeterThread: Thread finished: Cenario 3 - Pico de Requisicoes 3-31
2026-03-31 11:06:27,072 INFO o.a.j.e.StandardJMeterEngine: Notifying test listeners of end of test
2026-03-31 11:06:27,076 INFO o.a.j.r.Summariser: summary +    508 in 00:00:27 =   18.8/s Avg:  5397 Min:  3831 Max:  6926 Err:     0 (0.00%) Active: 0 Started: 160 Finished: 160
2026-03-31 11:06:27,076 INFO o.a.j.r.Summariser: summary =   3450 in 00:03:08 =   18.3/s Avg:  1731 Min:    27 Max:  6926 Err:     0 (0.00%)
