2026-03-31 11:06:55,647 INFO o.a.j.u.JMeterUtils: Setting Locale to en_EN
2026-03-31 11:06:55,670 INFO o.a.j.JMeter: Loading user properties from: /opt/jmeter/bin/user.properties
2026-03-31 11:06:55,670 INFO o.a.j.JMeter: Loading system properties from: /opt/jmeter/bin/system.properties
2026-03-31 11:06:55,678 INFO o.a.j.JMeter: Copyright (c) 1998-2024 The Apache Software Foundation
2026-03-31 11:06:55,678 INFO o.a.j.JMeter: Version 5.6.3
2026-03-31 11:06:55,678 INFO o.a.j.JMeter: java.version=17.0.18
2026-03-31 11:06:55,678 INFO o.a.j.JMeter: java.vm.name=OpenJDK 64-Bit Server VM
2026-03-31 11:06:55,679 INFO o.a.j.JMeter: os.name=Linux
2026-03-31 11:06:55,679 INFO o.a.j.JMeter: os.arch=amd64
2026-03-31 11:06:55,679 INFO o.a.j.JMeter: os.version=6.17.0-19-generic
2026-03-31 11:06:55,679 INFO o.a.j.JMeter: file.encoding=UTF-8
2026-03-31 11:06:55,679 INFO o.a.j.JMeter: java.awt.headless=true
2026-03-31 11:06:55,679 INFO o.a.j.JMeter: Max memory     =1073741824
2026-03-31 11:06:55,679 INFO o.a.j.JMeter: Available Processors =12
2026-03-31 11:06:55,690 INFO o.a.j.JMeter: Default Locale=English (EN)
2026-03-31 11:06:55,691 INFO o.a.j.JMeter: JMeter  Locale=English (EN)
2026-03-31 11:06:55,691 INFO o.a.j.JMeter: JMeterHome=/opt/jmeter
2026-03-31 11:06:55,691 INFO o.a.j.JMeter: user.dir  =/home/vnavarro/Code/rails-api-comparison
2026-03-31 11:06:55,691 INFO o.a.j.JMeter: PWD       =/home/vnavarro/Code/rails-api-comparison
2026-03-31 11:06:55,691 INFO o.a.j.JMeter: IP: 127.0.1.1 Name: ni-83245-7e FullName: ni-83245-7e
2026-03-31 11:06:55,706 INFO o.a.j.s.FileServer: Default base='/home/vnavarro/Code/rails-api-comparison'
2026-03-31 11:06:55,708 INFO o.a.j.s.FileServer: Set new base='/home/vnavarro/Code/rails-api-comparison/jmeter'
2026-03-31 11:06:55,922 INFO o.a.j.s.SaveService: Testplan (JMX) version: 2.2. Testlog (JTL) version: 2.2
2026-03-31 11:06:55,953 INFO o.a.j.s.SaveService: Using SaveService properties version 5.0
2026-03-31 11:06:55,957 INFO o.a.j.s.SaveService: Using SaveService properties file encoding UTF-8
2026-03-31 11:06:55,960 INFO o.a.j.s.SaveService: Loading file: jmeter/prototype-3-advanced.jmx
2026-03-31 11:06:56,037 INFO o.a.j.p.h.s.HTTPSamplerBase: Parser for text/html is org.apache.jmeter.protocol.http.parser.LagartoBasedHtmlParser
2026-03-31 11:06:56,037 INFO o.a.j.p.h.s.HTTPSamplerBase: Parser for application/xhtml+xml is org.apache.jmeter.protocol.http.parser.LagartoBasedHtmlParser
2026-03-31 11:06:56,038 INFO o.a.j.p.h.s.HTTPSamplerBase: Parser for application/xml is org.apache.jmeter.protocol.http.parser.LagartoBasedHtmlParser
2026-03-31 11:06:56,038 INFO o.a.j.p.h.s.HTTPSamplerBase: Parser for text/xml is org.apache.jmeter.protocol.http.parser.LagartoBasedHtmlParser
2026-03-31 11:06:56,038 INFO o.a.j.p.h.s.HTTPSamplerBase: Parser for text/vnd.wap.wml is org.apache.jmeter.protocol.http.parser.RegexpHTMLParser
2026-03-31 11:06:56,038 INFO o.a.j.p.h.s.HTTPSamplerBase: Parser for text/css is org.apache.jmeter.protocol.http.parser.CssParser
2026-03-31 11:06:56,086 INFO o.a.j.JMeter: Creating summariser <summary>
2026-03-31 11:06:56,096 INFO o.a.j.e.StandardJMeterEngine: Running the test!
2026-03-31 11:06:56,097 INFO o.a.j.s.SampleEvent: List of sample_variables: []
2026-03-31 11:06:56,097 INFO o.a.j.s.SampleEvent: List of sample_variables: []
2026-03-31 11:06:56,102 INFO o.a.j.e.u.CompoundVariable: Note: Function class names must contain the string: '.functions.'
2026-03-31 11:06:56,102 INFO o.a.j.e.u.CompoundVariable: Note: Function class names must not contain the string: '.gui.'
2026-03-31 11:06:56,334 INFO o.a.j.JMeter: Running test (1774966016334)
2026-03-31 11:06:56,350 INFO o.a.j.e.StandardJMeterEngine: Starting ThreadGroup: 1 : Cenario 1 - Carga Basica
2026-03-31 11:06:56,350 INFO o.a.j.e.StandardJMeterEngine: Starting 10 threads for group Cenario 1 - Carga Basica.
2026-03-31 11:06:56,350 INFO o.a.j.e.StandardJMeterEngine: Thread will continue on error
2026-03-31 11:06:56,351 INFO o.a.j.t.ThreadGroup: Starting thread group... number=1 threads=10 ramp-up=5 delayedStart=false
2026-03-31 11:06:56,358 INFO o.a.j.t.JMeterThread: Thread started: Cenario 1 - Carga Basica 1-1
2026-03-31 11:06:56,365 INFO o.a.j.t.ThreadGroup: Started thread group number 1
2026-03-31 11:06:56,365 INFO o.a.j.e.StandardJMeterEngine: Waiting for thread group: Cenario 1 - Carga Basica to finish before starting next group
2026-03-31 11:06:56,377 INFO o.a.j.p.h.s.HTTPHCAbstractImpl: Local host = ni-83245-7e
2026-03-31 11:06:56,382 INFO o.a.j.p.h.s.HTTPHC4Impl: HTTP request retry count = 0
2026-03-31 11:06:56,383 INFO o.a.j.s.SampleResult: Note: Sample TimeStamps are START times
2026-03-31 11:06:56,384 INFO o.a.j.s.SampleResult: sampleresult.default.encoding is set to UTF-8
2026-03-31 11:06:56,384 INFO o.a.j.s.SampleResult: sampleresult.useNanoTime=true
2026-03-31 11:06:56,384 INFO o.a.j.s.SampleResult: sampleresult.nanoThreadSleep=5000
2026-03-31 11:06:56,853 INFO o.a.j.t.JMeterThread: Thread started: Cenario 1 - Carga Basica 1-2
2026-03-31 11:06:57,353 INFO o.a.j.t.JMeterThread: Thread started: Cenario 1 - Carga Basica 1-3
2026-03-31 11:06:57,853 INFO o.a.j.t.JMeterThread: Thread started: Cenario 1 - Carga Basica 1-4
2026-03-31 11:06:58,353 INFO o.a.j.t.JMeterThread: Thread started: Cenario 1 - Carga Basica 1-5
2026-03-31 11:06:58,853 INFO o.a.j.t.JMeterThread: Thread started: Cenario 1 - Carga Basica 1-6
2026-03-31 11:06:59,352 INFO o.a.j.t.JMeterThread: Thread started: Cenario 1 - Carga Basica 1-7
2026-03-31 11:06:59,852 INFO o.a.j.t.JMeterThread: Thread started: Cenario 1 - Carga Basica 1-8
2026-03-31 11:07:00,049 INFO o.a.j.r.Summariser: summary +     42 in 00:00:04 =   11.3/s Avg:   302 Min:    81 Max:   549 Err:     0 (0.00%) Active: 8 Started: 8 Finished: 0
2026-03-31 11:07:00,353 INFO o.a.j.t.JMeterThread: Thread started: Cenario 1 - Carga Basica 1-9
2026-03-31 11:07:00,853 INFO o.a.j.t.JMeterThread: Thread started: Cenario 1 - Carga Basica 1-10
2026-03-31 11:07:30,017 INFO o.a.j.r.Summariser: summary +    533 in 00:00:30 =   17.8/s Avg:   558 Min:   231 Max:   932 Err:     0 (0.00%) Active: 10 Started: 10 Finished: 0
2026-03-31 11:07:30,018 INFO o.a.j.r.Summariser: summary =    575 in 00:00:34 =   17.1/s Avg:   539 Min:    81 Max:   932 Err:     0 (0.00%)
2026-03-31 11:07:56,363 INFO o.a.j.t.JMeterThread: Stopping because end time detected by thread: Cenario 1 - Carga Basica 1-5
2026-03-31 11:07:56,363 INFO o.a.j.t.JMeterThread: Thread finished: Cenario 1 - Carga Basica 1-5
2026-03-31 11:07:56,401 INFO o.a.j.t.JMeterThread: Stopping because end time detected by thread: Cenario 1 - Carga Basica 1-1
2026-03-31 11:07:56,401 INFO o.a.j.t.JMeterThread: Thread finished: Cenario 1 - Carga Basica 1-1
2026-03-31 11:07:56,517 INFO o.a.j.t.JMeterThread: Stopping because end time detected by thread: Cenario 1 - Carga Basica 1-4
2026-03-31 11:07:56,517 INFO o.a.j.t.JMeterThread: Thread finished: Cenario 1 - Carga Basica 1-4
2026-03-31 11:07:56,574 INFO o.a.j.t.JMeterThread: Stopping because end time detected by thread: Cenario 1 - Carga Basica 1-6
2026-03-31 11:07:56,574 INFO o.a.j.t.JMeterThread: Thread finished: Cenario 1 - Carga Basica 1-6
2026-03-31 11:07:56,628 INFO o.a.j.t.JMeterThread: Stopping because end time detected by thread: Cenario 1 - Carga Basica 1-3
2026-03-31 11:07:56,629 INFO o.a.j.t.JMeterThread: Thread finished: Cenario 1 - Carga Basica 1-3
2026-03-31 11:07:56,640 INFO o.a.j.t.JMeterThread: Stopping because end time detected by thread: Cenario 1 - Carga Basica 1-2
2026-03-31 11:07:56,640 INFO o.a.j.t.JMeterThread: Thread finished: Cenario 1 - Carga Basica 1-2
2026-03-31 11:07:56,696 INFO o.a.j.t.JMeterThread: Stopping because end time detected by thread: Cenario 1 - Carga Basica 1-8
2026-03-31 11:07:56,696 INFO o.a.j.t.JMeterThread: Stopping because end time detected by thread: Cenario 1 - Carga Basica 1-10
2026-03-31 11:07:56,696 INFO o.a.j.t.JMeterThread: Thread finished: Cenario 1 - Carga Basica 1-8
2026-03-31 11:07:56,696 INFO o.a.j.t.JMeterThread: Thread finished: Cenario 1 - Carga Basica 1-10
2026-03-31 11:07:56,894 INFO o.a.j.t.JMeterThread: Stopping because end time detected by thread: Cenario 1 - Carga Basica 1-9
2026-03-31 11:07:56,894 INFO o.a.j.t.JMeterThread: Thread finished: Cenario 1 - Carga Basica 1-9
2026-03-31 11:07:56,954 INFO o.a.j.t.JMeterThread: Stopping because end time detected by thread: Cenario 1 - Carga Basica 1-7
2026-03-31 11:07:56,954 INFO o.a.j.t.JMeterThread: Thread finished: Cenario 1 - Carga Basica 1-7
2026-03-31 11:07:56,954 INFO o.a.j.e.StandardJMeterEngine: Starting ThreadGroup: 2 : Cenario 2 - Carga Crescente
2026-03-31 11:07:56,954 INFO o.a.j.e.StandardJMeterEngine: Starting 50 threads for group Cenario 2 - Carga Crescente.
2026-03-31 11:07:56,954 INFO o.a.j.e.StandardJMeterEngine: Thread will continue on error
2026-03-31 11:07:56,954 INFO o.a.j.t.ThreadGroup: Starting thread group... number=2 threads=50 ramp-up=90 delayedStart=false
2026-03-31 11:07:56,956 INFO o.a.j.t.JMeterThread: Thread started: Cenario 2 - Carga Crescente 2-1
2026-03-31 11:07:56,974 INFO o.a.j.t.ThreadGroup: Started thread group number 2
2026-03-31 11:07:56,975 INFO o.a.j.e.StandardJMeterEngine: Waiting for thread group: Cenario 2 - Carga Crescente to finish before starting next group
2026-03-31 11:07:58,756 INFO o.a.j.t.JMeterThread: Thread started: Cenario 2 - Carga Crescente 2-2
2026-03-31 11:08:00,030 INFO o.a.j.r.Summariser: summary +    491 in 00:00:30 =   16.4/s Avg:   554 Min:    27 Max:   956 Err:     0 (0.00%) Active: 2 Started: 12 Finished: 10
2026-03-31 11:08:00,030 INFO o.a.j.r.Summariser: summary =   1066 in 00:01:04 =   16.7/s Avg:   546 Min:    27 Max:   956 Err:     0 (0.00%)
2026-03-31 11:08:00,555 INFO o.a.j.t.JMeterThread: Thread started: Cenario 2 - Carga Crescente 2-3
2026-03-31 11:08:02,356 INFO o.a.j.t.JMeterThread: Thread started: Cenario 2 - Carga Crescente 2-4
2026-03-31 11:08:04,156 INFO o.a.j.t.JMeterThread: Thread started: Cenario 2 - Carga Crescente 2-5
2026-03-31 11:08:05,957 INFO o.a.j.t.JMeterThread: Thread started: Cenario 2 - Carga Crescente 2-6
2026-03-31 11:08:07,756 INFO o.a.j.t.JMeterThread: Thread started: Cenario 2 - Carga Crescente 2-7
2026-03-31 11:08:09,555 INFO o.a.j.t.JMeterThread: Thread started: Cenario 2 - Carga Crescente 2-8
2026-03-31 11:08:11,356 INFO o.a.j.t.JMeterThread: Thread started: Cenario 2 - Carga Crescente 2-9
2026-03-31 11:08:13,155 INFO o.a.j.t.JMeterThread: Thread started: Cenario 2 - Carga Crescente 2-10
2026-03-31 11:08:14,955 INFO o.a.j.t.JMeterThread: Thread started: Cenario 2 - Carga Crescente 2-11
2026-03-31 11:08:16,756 INFO o.a.j.t.JMeterThread: Thread started: Cenario 2 - Carga Crescente 2-12
2026-03-31 11:08:18,555 INFO o.a.j.t.JMeterThread: Thread started: Cenario 2 - Carga Crescente 2-13
2026-03-31 11:08:20,357 INFO o.a.j.t.JMeterThread: Thread started: Cenario 2 - Carga Crescente 2-14
2026-03-31 11:08:22,156 INFO o.a.j.t.JMeterThread: Thread started: Cenario 2 - Carga Crescente 2-15
2026-03-31 11:08:23,955 INFO o.a.j.t.JMeterThread: Thread started: Cenario 2 - Carga Crescente 2-16
2026-03-31 11:08:25,756 INFO o.a.j.t.JMeterThread: Thread started: Cenario 2 - Carga Crescente 2-17
2026-03-31 11:08:27,556 INFO o.a.j.t.JMeterThread: Thread started: Cenario 2 - Carga Crescente 2-18
2026-03-31 11:08:29,355 INFO o.a.j.t.JMeterThread: Thread started: Cenario 2 - Carga Crescente 2-19
2026-03-31 11:08:30,060 INFO o.a.j.r.Summariser: summary +    532 in 00:00:30 =   17.7/s Avg:   575 Min:    35 Max:  1247 Err:     0 (0.00%) Active: 19 Started: 29 Finished: 10
2026-03-31 11:08:30,060 INFO o.a.j.r.Summariser: summary =   1598 in 00:01:34 =   17.0/s Avg:   556 Min:    27 Max:  1247 Err:     0 (0.00%)
2026-03-31 11:08:31,156 INFO o.a.j.t.JMeterThread: Thread started: Cenario 2 - Carga Crescente 2-20
2026-03-31 11:08:32,956 INFO o.a.j.t.JMeterThread: Thread started: Cenario 2 - Carga Crescente 2-21
2026-03-31 11:08:34,755 INFO o.a.j.t.JMeterThread: Thread started: Cenario 2 - Carga Crescente 2-22
2026-03-31 11:08:36,556 INFO o.a.j.t.JMeterThread: Thread started: Cenario 2 - Carga Crescente 2-23
2026-03-31 11:08:38,355 INFO o.a.j.t.JMeterThread: Thread started: Cenario 2 - Carga Crescente 2-24
2026-03-31 11:08:40,157 INFO o.a.j.t.JMeterThread: Thread started: Cenario 2 - Carga Crescente 2-25
2026-03-31 11:08:41,956 INFO o.a.j.t.JMeterThread: Thread started: Cenario 2 - Carga Crescente 2-26
2026-03-31 11:08:43,755 INFO o.a.j.t.JMeterThread: Thread started: Cenario 2 - Carga Crescente 2-27
2026-03-31 11:08:45,556 INFO o.a.j.t.JMeterThread: Thread started: Cenario 2 - Carga Crescente 2-28
2026-03-31 11:08:47,357 INFO o.a.j.t.JMeterThread: Thread started: Cenario 2 - Carga Crescente 2-29
2026-03-31 11:08:49,155 INFO o.a.j.t.JMeterThread: Thread started: Cenario 2 - Carga Crescente 2-30
2026-03-31 11:08:50,957 INFO o.a.j.t.JMeterThread: Thread started: Cenario 2 - Carga Crescente 2-31
2026-03-31 11:08:52,757 INFO o.a.j.t.JMeterThread: Thread started: Cenario 2 - Carga Crescente 2-32
2026-03-31 11:08:54,555 INFO o.a.j.t.JMeterThread: Thread started: Cenario 2 - Carga Crescente 2-33
2026-03-31 11:08:56,357 INFO o.a.j.t.JMeterThread: Thread started: Cenario 2 - Carga Crescente 2-34
2026-03-31 11:08:58,157 INFO o.a.j.t.JMeterThread: Thread started: Cenario 2 - Carga Crescente 2-35
2026-03-31 11:08:59,956 INFO o.a.j.t.JMeterThread: Thread started: Cenario 2 - Carga Crescente 2-36
2026-03-31 11:09:00,050 INFO o.a.j.r.Summariser: summary +    527 in 00:00:30 =   17.6/s Avg:  1504 Min:   789 Max:  2285 Err:     0 (0.00%) Active: 36 Started: 46 Finished: 10
2026-03-31 11:09:00,050 INFO o.a.j.r.Summariser: summary =   2125 in 00:02:04 =   17.2/s Avg:   791 Min:    27 Max:  2285 Err:     0 (0.00%)
2026-03-31 11:09:01,756 INFO o.a.j.t.JMeterThread: Thread started: Cenario 2 - Carga Crescente 2-37
2026-03-31 11:09:03,555 INFO o.a.j.t.JMeterThread: Thread started: Cenario 2 - Carga Crescente 2-38
2026-03-31 11:09:05,356 INFO o.a.j.t.JMeterThread: Thread started: Cenario 2 - Carga Crescente 2-39
2026-03-31 11:09:07,156 INFO o.a.j.t.JMeterThread: Thread started: Cenario 2 - Carga Crescente 2-40
2026-03-31 11:09:08,956 INFO o.a.j.t.JMeterThread: Thread started: Cenario 2 - Carga Crescente 2-41
2026-03-31 11:09:10,755 INFO o.a.j.t.JMeterThread: Thread started: Cenario 2 - Carga Crescente 2-42
2026-03-31 11:09:12,556 INFO o.a.j.t.JMeterThread: Thread started: Cenario 2 - Carga Crescente 2-43
2026-03-31 11:09:14,355 INFO o.a.j.t.JMeterThread: Thread started: Cenario 2 - Carga Crescente 2-44
2026-03-31 11:09:16,155 INFO o.a.j.t.JMeterThread: Thread started: Cenario 2 - Carga Crescente 2-45
2026-03-31 11:09:17,956 INFO o.a.j.t.JMeterThread: Thread started: Cenario 2 - Carga Crescente 2-46
2026-03-31 11:09:19,755 INFO o.a.j.t.JMeterThread: Thread started: Cenario 2 - Carga Crescente 2-47
2026-03-31 11:09:21,556 INFO o.a.j.t.JMeterThread: Thread started: Cenario 2 - Carga Crescente 2-48
2026-03-31 11:09:23,356 INFO o.a.j.t.JMeterThread: Thread started: Cenario 2 - Carga Crescente 2-49
2026-03-31 11:09:25,155 INFO o.a.j.t.JMeterThread: Thread started: Cenario 2 - Carga Crescente 2-50
2026-03-31 11:09:27,027 INFO o.a.j.t.JMeterThread: Stopping because end time detected by thread: Cenario 2 - Carga Crescente 2-5
2026-03-31 11:09:27,027 INFO o.a.j.t.JMeterThread: Thread finished: Cenario 2 - Carga Crescente 2-5
2026-03-31 11:09:27,083 INFO o.a.j.t.JMeterThread: Stopping because end time detected by thread: Cenario 2 - Carga Crescente 2-12
2026-03-31 11:09:27,083 INFO o.a.j.t.JMeterThread: Thread finished: Cenario 2 - Carga Crescente 2-12
2026-03-31 11:09:27,085 INFO o.a.j.t.JMeterThread: Stopping because end time detected by thread: Cenario 2 - Carga Crescente 2-44
2026-03-31 11:09:27,085 INFO o.a.j.t.JMeterThread: Thread finished: Cenario 2 - Carga Crescente 2-44
2026-03-31 11:09:27,150 INFO o.a.j.t.JMeterThread: Stopping because end time detected by thread: Cenario 2 - Carga Crescente 2-18
2026-03-31 11:09:27,150 INFO o.a.j.t.JMeterThread: Thread finished: Cenario 2 - Carga Crescente 2-18
2026-03-31 11:09:27,206 INFO o.a.j.t.JMeterThread: Stopping because end time detected by thread: Cenario 2 - Carga Crescente 2-39
2026-03-31 11:09:27,206 INFO o.a.j.t.JMeterThread: Thread finished: Cenario 2 - Carga Crescente 2-39
2026-03-31 11:09:27,265 INFO o.a.j.t.JMeterThread: Stopping because end time detected by thread: Cenario 2 - Carga Crescente 2-17
2026-03-31 11:09:27,266 INFO o.a.j.t.JMeterThread: Thread finished: Cenario 2 - Carga Crescente 2-17
2026-03-31 11:09:27,324 INFO o.a.j.t.JMeterThread: Stopping because end time detected by thread: Cenario 2 - Carga Crescente 2-43
2026-03-31 11:09:27,324 INFO o.a.j.t.JMeterThread: Thread finished: Cenario 2 - Carga Crescente 2-43
2026-03-31 11:09:27,362 INFO o.a.j.t.JMeterThread: Stopping because end time detected by thread: Cenario 2 - Carga Crescente 2-16
2026-03-31 11:09:27,363 INFO o.a.j.t.JMeterThread: Thread finished: Cenario 2 - Carga Crescente 2-16
2026-03-31 11:09:27,365 INFO o.a.j.t.JMeterThread: Stopping because end time detected by thread: Cenario 2 - Carga Crescente 2-27
2026-03-31 11:09:27,365 INFO o.a.j.t.JMeterThread: Thread finished: Cenario 2 - Carga Crescente 2-27
2026-03-31 11:09:27,405 INFO o.a.j.t.JMeterThread: Stopping because end time detected by thread: Cenario 2 - Carga Crescente 2-22
2026-03-31 11:09:27,405 INFO o.a.j.t.JMeterThread: Thread finished: Cenario 2 - Carga Crescente 2-22
2026-03-31 11:09:27,424 INFO o.a.j.t.JMeterThread: Stopping because end time detected by thread: Cenario 2 - Carga Crescente 2-20
2026-03-31 11:09:27,424 INFO o.a.j.t.JMeterThread: Thread finished: Cenario 2 - Carga Crescente 2-20
2026-03-31 11:09:27,482 INFO o.a.j.t.JMeterThread: Stopping because end time detected by thread: Cenario 2 - Carga Crescente 2-8
2026-03-31 11:09:27,482 INFO o.a.j.t.JMeterThread: Thread finished: Cenario 2 - Carga Crescente 2-8
2026-03-31 11:09:27,540 INFO o.a.j.t.JMeterThread: Stopping because end time detected by thread: Cenario 2 - Carga Crescente 2-38
2026-03-31 11:09:27,540 INFO o.a.j.t.JMeterThread: Thread finished: Cenario 2 - Carga Crescente 2-38
2026-03-31 11:09:27,679 INFO o.a.j.t.JMeterThread: Stopping because end time detected by thread: Cenario 2 - Carga Crescente 2-3
2026-03-31 11:09:27,680 INFO o.a.j.t.JMeterThread: Thread finished: Cenario 2 - Carga Crescente 2-3
2026-03-31 11:09:27,682 INFO o.a.j.t.JMeterThread: Stopping because end time detected by thread: Cenario 2 - Carga Crescente 2-14
2026-03-31 11:09:27,682 INFO o.a.j.t.JMeterThread: Thread finished: Cenario 2 - Carga Crescente 2-14
2026-03-31 11:09:27,732 INFO o.a.j.t.JMeterThread: Stopping because end time detected by thread: Cenario 2 - Carga Crescente 2-28
2026-03-31 11:09:27,733 INFO o.a.j.t.JMeterThread: Thread finished: Cenario 2 - Carga Crescente 2-28
2026-03-31 11:09:27,808 INFO o.a.j.t.JMeterThread: Stopping because end time detected by thread: Cenario 2 - Carga Crescente 2-47
2026-03-31 11:09:27,808 INFO o.a.j.t.JMeterThread: Thread finished: Cenario 2 - Carga Crescente 2-47
2026-03-31 11:09:27,948 INFO o.a.j.t.JMeterThread: Stopping because end time detected by thread: Cenario 2 - Carga Crescente 2-24
2026-03-31 11:09:27,949 INFO o.a.j.t.JMeterThread: Thread finished: Cenario 2 - Carga Crescente 2-24
2026-03-31 11:09:28,016 INFO o.a.j.t.JMeterThread: Stopping because end time detected by thread: Cenario 2 - Carga Crescente 2-10
2026-03-31 11:09:28,016 INFO o.a.j.t.JMeterThread: Thread finished: Cenario 2 - Carga Crescente 2-10
2026-03-31 11:09:28,016 INFO o.a.j.t.JMeterThread: Stopping because end time detected by thread: Cenario 2 - Carga Crescente 2-50
2026-03-31 11:09:28,017 INFO o.a.j.t.JMeterThread: Thread finished: Cenario 2 - Carga Crescente 2-50
2026-03-31 11:09:28,058 INFO o.a.j.t.JMeterThread: Stopping because end time detected by thread: Cenario 2 - Carga Crescente 2-6
2026-03-31 11:09:28,058 INFO o.a.j.t.JMeterThread: Thread finished: Cenario 2 - Carga Crescente 2-6
2026-03-31 11:09:28,101 INFO o.a.j.t.JMeterThread: Stopping because end time detected by thread: Cenario 2 - Carga Crescente 2-25
2026-03-31 11:09:28,101 INFO o.a.j.t.JMeterThread: Thread finished: Cenario 2 - Carga Crescente 2-25
2026-03-31 11:09:28,101 INFO o.a.j.t.JMeterThread: Stopping because end time detected by thread: Cenario 2 - Carga Crescente 2-11
2026-03-31 11:09:28,101 INFO o.a.j.t.JMeterThread: Thread finished: Cenario 2 - Carga Crescente 2-11
2026-03-31 11:09:28,144 INFO o.a.j.t.JMeterThread: Stopping because end time detected by thread: Cenario 2 - Carga Crescente 2-36
2026-03-31 11:09:28,144 INFO o.a.j.t.JMeterThread: Thread finished: Cenario 2 - Carga Crescente 2-36
2026-03-31 11:09:28,202 INFO o.a.j.t.JMeterThread: Stopping because end time detected by thread: Cenario 2 - Carga Crescente 2-4
2026-03-31 11:09:28,203 INFO o.a.j.t.JMeterThread: Thread finished: Cenario 2 - Carga Crescente 2-4
2026-03-31 11:09:28,292 INFO o.a.j.t.JMeterThread: Stopping because end time detected by thread: Cenario 2 - Carga Crescente 2-29
2026-03-31 11:09:28,292 INFO o.a.j.t.JMeterThread: Thread finished: Cenario 2 - Carga Crescente 2-29
2026-03-31 11:09:28,352 INFO o.a.j.t.JMeterThread: Stopping because end time detected by thread: Cenario 2 - Carga Crescente 2-34
2026-03-31 11:09:28,352 INFO o.a.j.t.JMeterThread: Thread finished: Cenario 2 - Carga Crescente 2-34
2026-03-31 11:09:28,393 INFO o.a.j.t.JMeterThread: Stopping because end time detected by thread: Cenario 2 - Carga Crescente 2-46
2026-03-31 11:09:28,394 INFO o.a.j.t.JMeterThread: Thread finished: Cenario 2 - Carga Crescente 2-46
2026-03-31 11:09:28,394 INFO o.a.j.t.JMeterThread: Stopping because end time detected by thread: Cenario 2 - Carga Crescente 2-42
2026-03-31 11:09:28,394 INFO o.a.j.t.JMeterThread: Thread finished: Cenario 2 - Carga Crescente 2-42
2026-03-31 11:09:28,466 INFO o.a.j.t.JMeterThread: Stopping because end time detected by thread: Cenario 2 - Carga Crescente 2-37
2026-03-31 11:09:28,466 INFO o.a.j.t.JMeterThread: Thread finished: Cenario 2 - Carga Crescente 2-37
2026-03-31 11:09:28,665 INFO o.a.j.t.JMeterThread: Stopping because end time detected by thread: Cenario 2 - Carga Crescente 2-7
2026-03-31 11:09:28,665 INFO o.a.j.t.JMeterThread: Thread finished: Cenario 2 - Carga Crescente 2-7
2026-03-31 11:09:28,667 INFO o.a.j.t.JMeterThread: Stopping because end time detected by thread: Cenario 2 - Carga Crescente 2-35
2026-03-31 11:09:28,667 INFO o.a.j.t.JMeterThread: Thread finished: Cenario 2 - Carga Crescente 2-35
2026-03-31 11:09:28,710 INFO o.a.j.t.JMeterThread: Stopping because end time detected by thread: Cenario 2 - Carga Crescente 2-21
2026-03-31 11:09:28,710 INFO o.a.j.t.JMeterThread: Thread finished: Cenario 2 - Carga Crescente 2-21
2026-03-31 11:09:28,740 INFO o.a.j.t.JMeterThread: Stopping because end time detected by thread: Cenario 2 - Carga Crescente 2-15
2026-03-31 11:09:28,740 INFO o.a.j.t.JMeterThread: Thread finished: Cenario 2 - Carga Crescente 2-15
2026-03-31 11:09:28,746 INFO o.a.j.t.JMeterThread: Stopping because end time detected by thread: Cenario 2 - Carga Crescente 2-30
2026-03-31 11:09:28,747 INFO o.a.j.t.JMeterThread: Thread finished: Cenario 2 - Carga Crescente 2-30
2026-03-31 11:09:29,015 INFO o.a.j.t.JMeterThread: Stopping because end time detected by thread: Cenario 2 - Carga Crescente 2-31
2026-03-31 11:09:29,015 INFO o.a.j.t.JMeterThread: Thread finished: Cenario 2 - Carga Crescente 2-31
2026-03-31 11:09:29,018 INFO o.a.j.t.JMeterThread: Stopping because end time detected by thread: Cenario 2 - Carga Crescente 2-45
2026-03-31 11:09:29,018 INFO o.a.j.t.JMeterThread: Thread finished: Cenario 2 - Carga Crescente 2-45
2026-03-31 11:09:29,018 INFO o.a.j.t.JMeterThread: Stopping because end time detected by thread: Cenario 2 - Carga Crescente 2-33
2026-03-31 11:09:29,018 INFO o.a.j.t.JMeterThread: Thread finished: Cenario 2 - Carga Crescente 2-33
2026-03-31 11:09:29,062 INFO o.a.j.t.JMeterThread: Stopping because end time detected by thread: Cenario 2 - Carga Crescente 2-49
2026-03-31 11:09:29,062 INFO o.a.j.t.JMeterThread: Thread finished: Cenario 2 - Carga Crescente 2-49
2026-03-31 11:09:29,095 INFO o.a.j.t.JMeterThread: Stopping because end time detected by thread: Cenario 2 - Carga Crescente 2-32
2026-03-31 11:09:29,095 INFO o.a.j.t.JMeterThread: Thread finished: Cenario 2 - Carga Crescente 2-32
2026-03-31 11:09:29,138 INFO o.a.j.t.JMeterThread: Stopping because end time detected by thread: Cenario 2 - Carga Crescente 2-41
2026-03-31 11:09:29,138 INFO o.a.j.t.JMeterThread: Thread finished: Cenario 2 - Carga Crescente 2-41
2026-03-31 11:09:29,196 INFO o.a.j.t.JMeterThread: Stopping because end time detected by thread: Cenario 2 - Carga Crescente 2-2
2026-03-31 11:09:29,196 INFO o.a.j.t.JMeterThread: Thread finished: Cenario 2 - Carga Crescente 2-2
2026-03-31 11:09:29,292 INFO o.a.j.t.JMeterThread: Stopping because end time detected by thread: Cenario 2 - Carga Crescente 2-9
2026-03-31 11:09:29,292 INFO o.a.j.t.JMeterThread: Thread finished: Cenario 2 - Carga Crescente 2-9
2026-03-31 11:09:29,296 INFO o.a.j.t.JMeterThread: Stopping because end time detected by thread: Cenario 2 - Carga Crescente 2-19
2026-03-31 11:09:29,296 INFO o.a.j.t.JMeterThread: Thread finished: Cenario 2 - Carga Crescente 2-19
2026-03-31 11:09:29,393 INFO o.a.j.t.JMeterThread: Stopping because end time detected by thread: Cenario 2 - Carga Crescente 2-1
2026-03-31 11:09:29,393 INFO o.a.j.t.JMeterThread: Thread finished: Cenario 2 - Carga Crescente 2-1
2026-03-31 11:09:29,451 INFO o.a.j.t.JMeterThread: Stopping because end time detected by thread: Cenario 2 - Carga Crescente 2-13
2026-03-31 11:09:29,452 INFO o.a.j.t.JMeterThread: Thread finished: Cenario 2 - Carga Crescente 2-13
2026-03-31 11:09:29,471 INFO o.a.j.t.JMeterThread: Stopping because end time detected by thread: Cenario 2 - Carga Crescente 2-26
2026-03-31 11:09:29,471 INFO o.a.j.t.JMeterThread: Thread finished: Cenario 2 - Carga Crescente 2-26
2026-03-31 11:09:29,564 INFO o.a.j.t.JMeterThread: Stopping because end time detected by thread: Cenario 2 - Carga Crescente 2-40
2026-03-31 11:09:29,564 INFO o.a.j.t.JMeterThread: Thread finished: Cenario 2 - Carga Crescente 2-40
2026-03-31 11:09:29,717 INFO o.a.j.t.JMeterThread: Stopping because end time detected by thread: Cenario 2 - Carga Crescente 2-48
2026-03-31 11:09:29,717 INFO o.a.j.t.JMeterThread: Thread finished: Cenario 2 - Carga Crescente 2-48
2026-03-31 11:09:29,738 INFO o.a.j.t.JMeterThread: Stopping because end time detected by thread: Cenario 2 - Carga Crescente 2-23
2026-03-31 11:09:29,738 INFO o.a.j.t.JMeterThread: Thread finished: Cenario 2 - Carga Crescente 2-23
2026-03-31 11:09:29,738 INFO o.a.j.e.StandardJMeterEngine: Starting ThreadGroup: 3 : Cenario 3 - Pico de Requisicoes
2026-03-31 11:09:29,739 INFO o.a.j.e.StandardJMeterEngine: Starting 100 threads for group Cenario 3 - Pico de Requisicoes.
2026-03-31 11:09:29,739 INFO o.a.j.e.StandardJMeterEngine: Thread will continue on error
2026-03-31 11:09:29,739 INFO o.a.j.t.ThreadGroup: Starting thread group... number=3 threads=100 ramp-up=5 delayedStart=false
2026-03-31 11:09:29,740 INFO o.a.j.t.JMeterThread: Thread started: Cenario 3 - Pico de Requisicoes 3-1
2026-03-31 11:09:29,764 INFO o.a.j.t.ThreadGroup: Started thread group number 3
2026-03-31 11:09:29,764 INFO o.a.j.e.StandardJMeterEngine: All thread groups have been started
2026-03-31 11:09:29,790 INFO o.a.j.t.JMeterThread: Thread started: Cenario 3 - Pico de Requisicoes 3-2
2026-03-31 11:09:29,840 INFO o.a.j.t.JMeterThread: Thread started: Cenario 3 - Pico de Requisicoes 3-3
2026-03-31 11:09:29,890 INFO o.a.j.t.JMeterThread: Thread started: Cenario 3 - Pico de Requisicoes 3-4
2026-03-31 11:09:29,939 INFO o.a.j.t.JMeterThread: Thread started: Cenario 3 - Pico de Requisicoes 3-5
2026-03-31 11:09:29,990 INFO o.a.j.t.JMeterThread: Thread started: Cenario 3 - Pico de Requisicoes 3-6
2026-03-31 11:09:30,009 INFO o.a.j.r.Summariser: summary +    532 in 00:00:30 =   17.8/s Avg:  2365 Min:   267 Max:  3039 Err:     0 (0.00%) Active: 6 Started: 66 Finished: 60
2026-03-31 11:09:30,009 INFO o.a.j.r.Summariser: summary =   2657 in 00:02:34 =   17.3/s Avg:  1106 Min:    27 Max:  3039 Err:     0 (0.00%)
2026-03-31 11:09:30,040 INFO o.a.j.t.JMeterThread: Thread started: Cenario 3 - Pico de Requisicoes 3-7
2026-03-31 11:09:30,090 INFO o.a.j.t.JMeterThread: Thread started: Cenario 3 - Pico de Requisicoes 3-8
2026-03-31 11:09:30,140 INFO o.a.j.t.JMeterThread: Thread started: Cenario 3 - Pico de Requisicoes 3-9
2026-03-31 11:09:30,189 INFO o.a.j.t.JMeterThread: Thread started: Cenario 3 - Pico de Requisicoes 3-10
2026-03-31 11:09:30,240 INFO o.a.j.t.JMeterThread: Thread started: Cenario 3 - Pico de Requisicoes 3-11
2026-03-31 11:09:30,290 INFO o.a.j.t.JMeterThread: Thread started: Cenario 3 - Pico de Requisicoes 3-12
2026-03-31 11:09:30,340 INFO o.a.j.t.JMeterThread: Thread started: Cenario 3 - Pico de Requisicoes 3-13
2026-03-31 11:09:30,389 INFO o.a.j.t.JMeterThread: Thread started: Cenario 3 - Pico de Requisicoes 3-14
2026-03-31 11:09:30,439 INFO o.a.j.t.JMeterThread: Thread started: Cenario 3 - Pico de Requisicoes 3-15
2026-03-31 11:09:30,490 INFO o.a.j.t.JMeterThread: Thread started: Cenario 3 - Pico de Requisicoes 3-16
2026-03-31 11:09:30,540 INFO o.a.j.t.JMeterThread: Thread started: Cenario 3 - Pico de Requisicoes 3-17
2026-03-31 11:09:30,589 INFO o.a.j.t.JMeterThread: Thread started: Cenario 3 - Pico de Requisicoes 3-18
2026-03-31 11:09:30,640 INFO o.a.j.t.JMeterThread: Thread started: Cenario 3 - Pico de Requisicoes 3-19
2026-03-31 11:09:30,690 INFO o.a.j.t.JMeterThread: Thread started: Cenario 3 - Pico de Requisicoes 3-20
2026-03-31 11:09:30,739 INFO o.a.j.t.JMeterThread: Thread started: Cenario 3 - Pico de Requisicoes 3-21
2026-03-31 11:09:30,789 INFO o.a.j.t.JMeterThread: Thread started: Cenario 3 - Pico de Requisicoes 3-22
2026-03-31 11:09:30,840 INFO o.a.j.t.JMeterThread: Thread started: Cenario 3 - Pico de Requisicoes 3-23
2026-03-31 11:09:30,890 INFO o.a.j.t.JMeterThread: Thread started: Cenario 3 - Pico de Requisicoes 3-24
2026-03-31 11:09:30,940 INFO o.a.j.t.JMeterThread: Thread started: Cenario 3 - Pico de Requisicoes 3-25
2026-03-31 11:09:30,989 INFO o.a.j.t.JMeterThread: Thread started: Cenario 3 - Pico de Requisicoes 3-26
2026-03-31 11:09:31,040 INFO o.a.j.t.JMeterThread: Thread started: Cenario 3 - Pico de Requisicoes 3-27
2026-03-31 11:09:31,090 INFO o.a.j.t.JMeterThread: Thread started: Cenario 3 - Pico de Requisicoes 3-28
2026-03-31 11:09:31,140 INFO o.a.j.t.JMeterThread: Thread started: Cenario 3 - Pico de Requisicoes 3-29
2026-03-31 11:09:31,189 INFO o.a.j.t.JMeterThread: Thread started: Cenario 3 - Pico de Requisicoes 3-30
2026-03-31 11:09:31,240 INFO o.a.j.t.JMeterThread: Thread started: Cenario 3 - Pico de Requisicoes 3-31
2026-03-31 11:09:31,290 INFO o.a.j.t.JMeterThread: Thread started: Cenario 3 - Pico de Requisicoes 3-32
2026-03-31 11:09:31,340 INFO o.a.j.t.JMeterThread: Thread started: Cenario 3 - Pico de Requisicoes 3-33
2026-03-31 11:09:31,389 INFO o.a.j.t.JMeterThread: Thread started: Cenario 3 - Pico de Requisicoes 3-34
2026-03-31 11:09:31,439 INFO o.a.j.t.JMeterThread: Thread started: Cenario 3 - Pico de Requisicoes 3-35
2026-03-31 11:09:31,489 INFO o.a.j.t.JMeterThread: Thread started: Cenario 3 - Pico de Requisicoes 3-36
2026-03-31 11:09:31,540 INFO o.a.j.t.JMeterThread: Thread started: Cenario 3 - Pico de Requisicoes 3-37
2026-03-31 11:09:31,589 INFO o.a.j.t.JMeterThread: Thread started: Cenario 3 - Pico de Requisicoes 3-38
2026-03-31 11:09:31,639 INFO o.a.j.t.JMeterThread: Thread started: Cenario 3 - Pico de Requisicoes 3-39
2026-03-31 11:09:31,690 INFO o.a.j.t.JMeterThread: Thread started: Cenario 3 - Pico de Requisicoes 3-40
2026-03-31 11:09:31,740 INFO o.a.j.t.JMeterThread: Thread started: Cenario 3 - Pico de Requisicoes 3-41
2026-03-31 11:09:31,789 INFO o.a.j.t.JMeterThread: Thread started: Cenario 3 - Pico de Requisicoes 3-42
2026-03-31 11:09:31,839 INFO o.a.j.t.JMeterThread: Thread started: Cenario 3 - Pico de Requisicoes 3-43
2026-03-31 11:09:31,890 INFO o.a.j.t.JMeterThread: Thread started: Cenario 3 - Pico de Requisicoes 3-44
2026-03-31 11:09:31,939 INFO o.a.j.t.JMeterThread: Thread started: Cenario 3 - Pico de Requisicoes 3-45
2026-03-31 11:09:31,989 INFO o.a.j.t.JMeterThread: Thread started: Cenario 3 - Pico de Requisicoes 3-46
2026-03-31 11:09:32,040 INFO o.a.j.t.JMeterThread: Thread started: Cenario 3 - Pico de Requisicoes 3-47
2026-03-31 11:09:32,090 INFO o.a.j.t.JMeterThread: Thread started: Cenario 3 - Pico de Requisicoes 3-48
2026-03-31 11:09:32,139 INFO o.a.j.t.JMeterThread: Thread started: Cenario 3 - Pico de Requisicoes 3-49
2026-03-31 11:09:32,190 INFO o.a.j.t.JMeterThread: Thread started: Cenario 3 - Pico de Requisicoes 3-50
2026-03-31 11:09:32,240 INFO o.a.j.t.JMeterThread: Thread started: Cenario 3 - Pico de Requisicoes 3-51
2026-03-31 11:09:32,290 INFO o.a.j.t.JMeterThread: Thread started: Cenario 3 - Pico de Requisicoes 3-52
2026-03-31 11:09:32,339 INFO o.a.j.t.JMeterThread: Thread started: Cenario 3 - Pico de Requisicoes 3-53
2026-03-31 11:09:32,390 INFO o.a.j.t.JMeterThread: Thread started: Cenario 3 - Pico de Requisicoes 3-54
2026-03-31 11:09:32,440 INFO o.a.j.t.JMeterThread: Thread started: Cenario 3 - Pico de Requisicoes 3-55
2026-03-31 11:09:32,490 INFO o.a.j.t.JMeterThread: Thread started: Cenario 3 - Pico de Requisicoes 3-56
2026-03-31 11:09:32,539 INFO o.a.j.t.JMeterThread: Thread started: Cenario 3 - Pico de Requisicoes 3-57
2026-03-31 11:09:32,590 INFO o.a.j.t.JMeterThread: Thread started: Cenario 3 - Pico de Requisicoes 3-58
2026-03-31 11:09:32,639 INFO o.a.j.t.JMeterThread: Thread started: Cenario 3 - Pico de Requisicoes 3-59
2026-03-31 11:09:32,690 INFO o.a.j.t.JMeterThread: Thread started: Cenario 3 - Pico de Requisicoes 3-60
2026-03-31 11:09:32,739 INFO o.a.j.t.JMeterThread: Thread started: Cenario 3 - Pico de Requisicoes 3-61
2026-03-31 11:09:32,790 INFO o.a.j.t.JMeterThread: Thread started: Cenario 3 - Pico de Requisicoes 3-62
2026-03-31 11:09:32,839 INFO o.a.j.t.JMeterThread: Thread started: Cenario 3 - Pico de Requisicoes 3-63
2026-03-31 11:09:32,890 INFO o.a.j.t.JMeterThread: Thread started: Cenario 3 - Pico de Requisicoes 3-64
2026-03-31 11:09:32,939 INFO o.a.j.t.JMeterThread: Thread started: Cenario 3 - Pico de Requisicoes 3-65
2026-03-31 11:09:32,989 INFO o.a.j.t.JMeterThread: Thread started: Cenario 3 - Pico de Requisicoes 3-66
2026-03-31 11:09:33,039 INFO o.a.j.t.JMeterThread: Thread started: Cenario 3 - Pico de Requisicoes 3-67
2026-03-31 11:09:33,090 INFO o.a.j.t.JMeterThread: Thread started: Cenario 3 - Pico de Requisicoes 3-68
2026-03-31 11:09:33,139 INFO o.a.j.t.JMeterThread: Thread started: Cenario 3 - Pico de Requisicoes 3-69
2026-03-31 11:09:33,189 INFO o.a.j.t.JMeterThread: Thread started: Cenario 3 - Pico de Requisicoes 3-70
2026-03-31 11:09:33,239 INFO o.a.j.t.JMeterThread: Thread started: Cenario 3 - Pico de Requisicoes 3-71
2026-03-31 11:09:33,290 INFO o.a.j.t.JMeterThread: Thread started: Cenario 3 - Pico de Requisicoes 3-72
2026-03-31 11:09:33,340 INFO o.a.j.t.JMeterThread: Thread started: Cenario 3 - Pico de Requisicoes 3-73
2026-03-31 11:09:33,389 INFO o.a.j.t.JMeterThread: Thread started: Cenario 3 - Pico de Requisicoes 3-74
2026-03-31 11:09:33,440 INFO o.a.j.t.JMeterThread: Thread started: Cenario 3 - Pico de Requisicoes 3-75
2026-03-31 11:09:33,490 INFO o.a.j.t.JMeterThread: Thread started: Cenario 3 - Pico de Requisicoes 3-76
2026-03-31 11:09:33,540 INFO o.a.j.t.JMeterThread: Thread started: Cenario 3 - Pico de Requisicoes 3-77
2026-03-31 11:09:33,589 INFO o.a.j.t.JMeterThread: Thread started: Cenario 3 - Pico de Requisicoes 3-78
2026-03-31 11:09:33,639 INFO o.a.j.t.JMeterThread: Thread started: Cenario 3 - Pico de Requisicoes 3-79
2026-03-31 11:09:33,690 INFO o.a.j.t.JMeterThread: Thread started: Cenario 3 - Pico de Requisicoes 3-80
2026-03-31 11:09:33,740 INFO o.a.j.t.JMeterThread: Thread started: Cenario 3 - Pico de Requisicoes 3-81
2026-03-31 11:09:33,790 INFO o.a.j.t.JMeterThread: Thread started: Cenario 3 - Pico de Requisicoes 3-82
2026-03-31 11:09:33,839 INFO o.a.j.t.JMeterThread: Thread started: Cenario 3 - Pico de Requisicoes 3-83
2026-03-31 11:09:33,890 INFO o.a.j.t.JMeterThread: Thread started: Cenario 3 - Pico de Requisicoes 3-84
2026-03-31 11:09:33,939 INFO o.a.j.t.JMeterThread: Thread started: Cenario 3 - Pico de Requisicoes 3-85
2026-03-31 11:09:33,990 INFO o.a.j.t.JMeterThread: Thread started: Cenario 3 - Pico de Requisicoes 3-86
2026-03-31 11:09:34,040 INFO o.a.j.t.JMeterThread: Thread started: Cenario 3 - Pico de Requisicoes 3-87
2026-03-31 11:09:34,089 INFO o.a.j.t.JMeterThread: Thread started: Cenario 3 - Pico de Requisicoes 3-88
2026-03-31 11:09:34,140 INFO o.a.j.t.JMeterThread: Thread started: Cenario 3 - Pico de Requisicoes 3-89
2026-03-31 11:09:34,189 INFO o.a.j.t.JMeterThread: Thread started: Cenario 3 - Pico de Requisicoes 3-90
2026-03-31 11:09:34,240 INFO o.a.j.t.JMeterThread: Thread started: Cenario 3 - Pico de Requisicoes 3-91
2026-03-31 11:09:34,290 INFO o.a.j.t.JMeterThread: Thread started: Cenario 3 - Pico de Requisicoes 3-92
2026-03-31 11:09:34,339 INFO o.a.j.t.JMeterThread: Thread started: Cenario 3 - Pico de Requisicoes 3-93
2026-03-31 11:09:34,389 INFO o.a.j.t.JMeterThread: Thread started: Cenario 3 - Pico de Requisicoes 3-94
2026-03-31 11:09:34,440 INFO o.a.j.t.JMeterThread: Thread started: Cenario 3 - Pico de Requisicoes 3-95
2026-03-31 11:09:34,489 INFO o.a.j.t.JMeterThread: Thread started: Cenario 3 - Pico de Requisicoes 3-96
2026-03-31 11:09:34,540 INFO o.a.j.t.JMeterThread: Thread started: Cenario 3 - Pico de Requisicoes 3-97
2026-03-31 11:09:34,589 INFO o.a.j.t.JMeterThread: Thread started: Cenario 3 - Pico de Requisicoes 3-98
2026-03-31 11:09:34,640 INFO o.a.j.t.JMeterThread: Thread started: Cenario 3 - Pico de Requisicoes 3-99
2026-03-31 11:09:34,689 INFO o.a.j.t.JMeterThread: Thread started: Cenario 3 - Pico de Requisicoes 3-100
2026-03-31 11:09:59,924 INFO o.a.j.t.JMeterThread: Stopping because end time detected by thread: Cenario 3 - Pico de Requisicoes 3-12
2026-03-31 11:09:59,925 INFO o.a.j.t.JMeterThread: Thread finished: Cenario 3 - Pico de Requisicoes 3-12
2026-03-31 11:09:59,963 INFO o.a.j.t.JMeterThread: Stopping because end time detected by thread: Cenario 3 - Pico de Requisicoes 3-5
2026-03-31 11:09:59,963 INFO o.a.j.t.JMeterThread: Thread finished: Cenario 3 - Pico de Requisicoes 3-5
2026-03-31 11:09:59,963 INFO o.a.j.t.JMeterThread: Stopping because end time detected by thread: Cenario 3 - Pico de Requisicoes 3-62
2026-03-31 11:09:59,963 INFO o.a.j.t.JMeterThread: Thread finished: Cenario 3 - Pico de Requisicoes 3-62
2026-03-31 11:09:59,985 INFO o.a.j.t.JMeterThread: Stopping because end time detected by thread: Cenario 3 - Pico de Requisicoes 3-61
2026-03-31 11:09:59,985 INFO o.a.j.t.JMeterThread: Thread finished: Cenario 3 - Pico de Requisicoes 3-61
2026-03-31 11:10:00,232 INFO o.a.j.r.Summariser: summary +    504 in 00:00:30 =   16.7/s Avg:  4928 Min:   264 Max:  6978 Err:     0 (0.00%) Active: 96 Started: 160 Finished: 64
2026-03-31 11:10:00,232 INFO o.a.j.r.Summariser: summary =   3161 in 00:03:04 =   17.2/s Avg:  1716 Min:    27 Max:  6978 Err:     0 (0.00%)
2026-03-31 11:10:00,232 INFO o.a.j.t.JMeterThread: Stopping because end time detected by thread: Cenario 3 - Pico de Requisicoes 3-63
2026-03-31 11:10:00,232 INFO o.a.j.t.JMeterThread: Thread finished: Cenario 3 - Pico de Requisicoes 3-63
2026-03-31 11:10:00,234 INFO o.a.j.t.JMeterThread: Stopping because end time detected by thread: Cenario 3 - Pico de Requisicoes 3-1
2026-03-31 11:10:00,234 INFO o.a.j.t.JMeterThread: Thread finished: Cenario 3 - Pico de Requisicoes 3-1
2026-03-31 11:10:00,277 INFO o.a.j.t.JMeterThread: Stopping because end time detected by thread: Cenario 3 - Pico de Requisicoes 3-26
2026-03-31 11:10:00,277 INFO o.a.j.t.JMeterThread: Stopping because end time detected by thread: Cenario 3 - Pico de Requisicoes 3-64
2026-03-31 11:10:00,277 INFO o.a.j.t.JMeterThread: Thread finished: Cenario 3 - Pico de Requisicoes 3-26
2026-03-31 11:10:00,277 INFO o.a.j.t.JMeterThread: Thread finished: Cenario 3 - Pico de Requisicoes 3-64
2026-03-31 11:10:00,511 INFO o.a.j.t.JMeterThread: Stopping because end time detected by thread: Cenario 3 - Pico de Requisicoes 3-65
2026-03-31 11:10:00,512 INFO o.a.j.t.JMeterThread: Thread finished: Cenario 3 - Pico de Requisicoes 3-65
2026-03-31 11:10:00,549 INFO o.a.j.t.JMeterThread: Stopping because end time detected by thread: Cenario 3 - Pico de Requisicoes 3-66
2026-03-31 11:10:00,549 INFO o.a.j.t.JMeterThread: Thread finished: Cenario 3 - Pico de Requisicoes 3-66
2026-03-31 11:10:00,553 INFO o.a.j.t.JMeterThread: Stopping because end time detected by thread: Cenario 3 - Pico de Requisicoes 3-67
2026-03-31 11:10:00,553 INFO o.a.j.t.JMeterThread: Thread finished: Cenario 3 - Pico de Requisicoes 3-67
2026-03-31 11:10:00,585 INFO o.a.j.t.JMeterThread: Stopping because end time detected by thread: Cenario 3 - Pico de Requisicoes 3-27
2026-03-31 11:10:00,585 INFO o.a.j.t.JMeterThread: Thread finished: Cenario 3 - Pico de Requisicoes 3-27
2026-03-31 11:10:00,640 INFO o.a.j.t.JMeterThread: Stopping because end time detected by thread: Cenario 3 - Pico de Requisicoes 3-28
2026-03-31 11:10:00,640 INFO o.a.j.t.JMeterThread: Thread finished: Cenario 3 - Pico de Requisicoes 3-28
2026-03-31 11:10:00,773 INFO o.a.j.t.JMeterThread: Stopping because end time detected by thread: Cenario 3 - Pico de Requisicoes 3-68
2026-03-31 11:10:00,773 INFO o.a.j.t.JMeterThread: Thread finished: Cenario 3 - Pico de Requisicoes 3-68
2026-03-31 11:10:00,842 INFO o.a.j.t.JMeterThread: Stopping because end time detected by thread: Cenario 3 - Pico de Requisicoes 3-69
2026-03-31 11:10:00,843 INFO o.a.j.t.JMeterThread: Thread finished: Cenario 3 - Pico de Requisicoes 3-69
2026-03-31 11:10:00,900 INFO o.a.j.t.JMeterThread: Stopping because end time detected by thread: Cenario 3 - Pico de Requisicoes 3-70
2026-03-31 11:10:00,900 INFO o.a.j.t.JMeterThread: Thread finished: Cenario 3 - Pico de Requisicoes 3-70
2026-03-31 11:10:00,931 INFO o.a.j.t.JMeterThread: Stopping because end time detected by thread: Cenario 3 - Pico de Requisicoes 3-29
2026-03-31 11:10:00,932 INFO o.a.j.t.JMeterThread: Thread finished: Cenario 3 - Pico de Requisicoes 3-29
2026-03-31 11:10:01,029 INFO o.a.j.t.JMeterThread: Stopping because end time detected by thread: Cenario 3 - Pico de Requisicoes 3-13
2026-03-31 11:10:01,029 INFO o.a.j.t.JMeterThread: Thread finished: Cenario 3 - Pico de Requisicoes 3-13
2026-03-31 11:10:01,106 INFO o.a.j.t.JMeterThread: Stopping because end time detected by thread: Cenario 3 - Pico de Requisicoes 3-71
2026-03-31 11:10:01,106 INFO o.a.j.t.JMeterThread: Thread finished: Cenario 3 - Pico de Requisicoes 3-71
2026-03-31 11:10:01,189 INFO o.a.j.t.JMeterThread: Stopping because end time detected by thread: Cenario 3 - Pico de Requisicoes 3-2
2026-03-31 11:10:01,190 INFO o.a.j.t.JMeterThread: Thread finished: Cenario 3 - Pico de Requisicoes 3-2
2026-03-31 11:10:01,245 INFO o.a.j.t.JMeterThread: Stopping because end time detected by thread: Cenario 3 - Pico de Requisicoes 3-6
2026-03-31 11:10:01,245 INFO o.a.j.t.JMeterThread: Thread finished: Cenario 3 - Pico de Requisicoes 3-6
2026-03-31 11:10:01,300 INFO o.a.j.t.JMeterThread: Stopping because end time detected by thread: Cenario 3 - Pico de Requisicoes 3-30
2026-03-31 11:10:01,300 INFO o.a.j.t.JMeterThread: Thread finished: Cenario 3 - Pico de Requisicoes 3-30
2026-03-31 11:10:01,300 INFO o.a.j.t.JMeterThread: Stopping because end time detected by thread: Cenario 3 - Pico de Requisicoes 3-73
2026-03-31 11:10:01,300 INFO o.a.j.t.JMeterThread: Thread finished: Cenario 3 - Pico de Requisicoes 3-73
2026-03-31 11:10:01,367 INFO o.a.j.t.JMeterThread: Stopping because end time detected by thread: Cenario 3 - Pico de Requisicoes 3-72
2026-03-31 11:10:01,368 INFO o.a.j.t.JMeterThread: Thread finished: Cenario 3 - Pico de Requisicoes 3-72
2026-03-31 11:10:01,404 INFO o.a.j.t.JMeterThread: Stopping because end time detected by thread: Cenario 3 - Pico de Requisicoes 3-31
2026-03-31 11:10:01,404 INFO o.a.j.t.JMeterThread: Thread finished: Cenario 3 - Pico de Requisicoes 3-31
2026-03-31 11:10:01,568 INFO o.a.j.t.JMeterThread: Stopping because end time detected by thread: Cenario 3 - Pico de Requisicoes 3-74
2026-03-31 11:10:01,568 INFO o.a.j.t.JMeterThread: Thread finished: Cenario 3 - Pico de Requisicoes 3-74
2026-03-31 11:10:01,569 INFO o.a.j.t.JMeterThread: Stopping because end time detected by thread: Cenario 3 - Pico de Requisicoes 3-75
2026-03-31 11:10:01,569 INFO o.a.j.t.JMeterThread: Thread finished: Cenario 3 - Pico de Requisicoes 3-75
2026-03-31 11:10:01,660 INFO o.a.j.t.JMeterThread: Stopping because end time detected by thread: Cenario 3 - Pico de Requisicoes 3-76
2026-03-31 11:10:01,660 INFO o.a.j.t.JMeterThread: Thread finished: Cenario 3 - Pico de Requisicoes 3-76
2026-03-31 11:10:01,716 INFO o.a.j.t.JMeterThread: Stopping because end time detected by thread: Cenario 3 - Pico de Requisicoes 3-32
2026-03-31 11:10:01,716 INFO o.a.j.t.JMeterThread: Thread finished: Cenario 3 - Pico de Requisicoes 3-32
2026-03-31 11:10:01,828 INFO o.a.j.t.JMeterThread: Stopping because end time detected by thread: Cenario 3 - Pico de Requisicoes 3-14
2026-03-31 11:10:01,828 INFO o.a.j.t.JMeterThread: Thread finished: Cenario 3 - Pico de Requisicoes 3-14
2026-03-31 11:10:01,836 INFO o.a.j.t.JMeterThread: Stopping because end time detected by thread: Cenario 3 - Pico de Requisicoes 3-77
2026-03-31 11:10:01,837 INFO o.a.j.t.JMeterThread: Thread finished: Cenario 3 - Pico de Requisicoes 3-77
2026-03-31 11:10:01,889 INFO o.a.j.t.JMeterThread: Stopping because end time detected by thread: Cenario 3 - Pico de Requisicoes 3-33
2026-03-31 11:10:01,890 INFO o.a.j.t.JMeterThread: Thread finished: Cenario 3 - Pico de Requisicoes 3-33
2026-03-31 11:10:01,979 INFO o.a.j.t.JMeterThread: Stopping because end time detected by thread: Cenario 3 - Pico de Requisicoes 3-3
2026-03-31 11:10:01,980 INFO o.a.j.t.JMeterThread: Thread finished: Cenario 3 - Pico de Requisicoes 3-3
2026-03-31 11:10:02,091 INFO o.a.j.t.JMeterThread: Stopping because end time detected by thread: Cenario 3 - Pico de Requisicoes 3-78
2026-03-31 11:10:02,091 INFO o.a.j.t.JMeterThread: Thread finished: Cenario 3 - Pico de Requisicoes 3-78
2026-03-31 11:10:02,149 INFO o.a.j.t.JMeterThread: Stopping because end time detected by thread: Cenario 3 - Pico de Requisicoes 3-79
2026-03-31 11:10:02,149 INFO o.a.j.t.JMeterThread: Thread finished: Cenario 3 - Pico de Requisicoes 3-79
2026-03-31 11:10:02,242 INFO o.a.j.t.JMeterThread: Stopping because end time detected by thread: Cenario 3 - Pico de Requisicoes 3-15
2026-03-31 11:10:02,242 INFO o.a.j.t.JMeterThread: Thread finished: Cenario 3 - Pico de Requisicoes 3-15
2026-03-31 11:10:02,355 INFO o.a.j.t.JMeterThread: Stopping because end time detected by thread: Cenario 3 - Pico de Requisicoes 3-80
2026-03-31 11:10:02,355 INFO o.a.j.t.JMeterThread: Thread finished: Cenario 3 - Pico de Requisicoes 3-80
2026-03-31 11:10:02,407 INFO o.a.j.t.JMeterThread: Stopping because end time detected by thread: Cenario 3 - Pico de Requisicoes 3-81
2026-03-31 11:10:02,407 INFO o.a.j.t.JMeterThread: Thread finished: Cenario 3 - Pico de Requisicoes 3-81
2026-03-31 11:10:02,504 INFO o.a.j.t.JMeterThread: Stopping because end time detected by thread: Cenario 3 - Pico de Requisicoes 3-82
2026-03-31 11:10:02,504 INFO o.a.j.t.JMeterThread: Thread finished: Cenario 3 - Pico de Requisicoes 3-82
2026-03-31 11:10:02,541 INFO o.a.j.t.JMeterThread: Stopping because end time detected by thread: Cenario 3 - Pico de Requisicoes 3-34
2026-03-31 11:10:02,541 INFO o.a.j.t.JMeterThread: Thread finished: Cenario 3 - Pico de Requisicoes 3-34
2026-03-31 11:10:02,620 INFO o.a.j.t.JMeterThread: Stopping because end time detected by thread: Cenario 3 - Pico de Requisicoes 3-83
2026-03-31 11:10:02,621 INFO o.a.j.t.JMeterThread: Thread finished: Cenario 3 - Pico de Requisicoes 3-83
2026-03-31 11:10:02,676 INFO o.a.j.t.JMeterThread: Stopping because end time detected by thread: Cenario 3 - Pico de Requisicoes 3-35
2026-03-31 11:10:02,676 INFO o.a.j.t.JMeterThread: Thread finished: Cenario 3 - Pico de Requisicoes 3-35
2026-03-31 11:10:02,677 INFO o.a.j.t.JMeterThread: Stopping because end time detected by thread: Cenario 3 - Pico de Requisicoes 3-85
2026-03-31 11:10:02,677 INFO o.a.j.t.JMeterThread: Thread finished: Cenario 3 - Pico de Requisicoes 3-85
2026-03-31 11:10:02,736 INFO o.a.j.t.JMeterThread: Stopping because end time detected by thread: Cenario 3 - Pico de Requisicoes 3-36
2026-03-31 11:10:02,736 INFO o.a.j.t.JMeterThread: Thread finished: Cenario 3 - Pico de Requisicoes 3-36
2026-03-31 11:10:02,796 INFO o.a.j.t.JMeterThread: Stopping because end time detected by thread: Cenario 3 - Pico de Requisicoes 3-84
2026-03-31 11:10:02,796 INFO o.a.j.t.JMeterThread: Thread finished: Cenario 3 - Pico de Requisicoes 3-84
2026-03-31 11:10:02,853 INFO o.a.j.t.JMeterThread: Stopping because end time detected by thread: Cenario 3 - Pico de Requisicoes 3-37
2026-03-31 11:10:02,854 INFO o.a.j.t.JMeterThread: Thread finished: Cenario 3 - Pico de Requisicoes 3-37
2026-03-31 11:10:02,945 INFO o.a.j.t.JMeterThread: Stopping because end time detected by thread: Cenario 3 - Pico de Requisicoes 3-86
2026-03-31 11:10:02,945 INFO o.a.j.t.JMeterThread: Thread finished: Cenario 3 - Pico de Requisicoes 3-86
2026-03-31 11:10:03,000 INFO o.a.j.t.JMeterThread: Stopping because end time detected by thread: Cenario 3 - Pico de Requisicoes 3-87
2026-03-31 11:10:03,000 INFO o.a.j.t.JMeterThread: Thread finished: Cenario 3 - Pico de Requisicoes 3-87
2026-03-31 11:10:03,057 INFO o.a.j.t.JMeterThread: Stopping because end time detected by thread: Cenario 3 - Pico de Requisicoes 3-7
2026-03-31 11:10:03,057 INFO o.a.j.t.JMeterThread: Thread finished: Cenario 3 - Pico de Requisicoes 3-7
2026-03-31 11:10:03,117 INFO o.a.j.t.JMeterThread: Stopping because end time detected by thread: Cenario 3 - Pico de Requisicoes 3-88
2026-03-31 11:10:03,117 INFO o.a.j.t.JMeterThread: Thread finished: Cenario 3 - Pico de Requisicoes 3-88
2026-03-31 11:10:03,209 INFO o.a.j.t.JMeterThread: Stopping because end time detected by thread: Cenario 3 - Pico de Requisicoes 3-89
2026-03-31 11:10:03,209 INFO o.a.j.t.JMeterThread: Thread finished: Cenario 3 - Pico de Requisicoes 3-89
2026-03-31 11:10:03,258 INFO o.a.j.t.JMeterThread: Stopping because end time detected by thread: Cenario 3 - Pico de Requisicoes 3-38
2026-03-31 11:10:03,258 INFO o.a.j.t.JMeterThread: Thread finished: Cenario 3 - Pico de Requisicoes 3-38
2026-03-31 11:10:03,320 INFO o.a.j.t.JMeterThread: Stopping because end time detected by thread: Cenario 3 - Pico de Requisicoes 3-90
2026-03-31 11:10:03,320 INFO o.a.j.t.JMeterThread: Thread finished: Cenario 3 - Pico de Requisicoes 3-90
2026-03-31 11:10:03,383 INFO o.a.j.t.JMeterThread: Stopping because end time detected by thread: Cenario 3 - Pico de Requisicoes 3-16
2026-03-31 11:10:03,384 INFO o.a.j.t.JMeterThread: Thread finished: Cenario 3 - Pico de Requisicoes 3-16
2026-03-31 11:10:03,521 INFO o.a.j.t.JMeterThread: Stopping because end time detected by thread: Cenario 3 - Pico de Requisicoes 3-91
2026-03-31 11:10:03,522 INFO o.a.j.t.JMeterThread: Thread finished: Cenario 3 - Pico de Requisicoes 3-91
2026-03-31 11:10:03,583 INFO o.a.j.t.JMeterThread: Stopping because end time detected by thread: Cenario 3 - Pico de Requisicoes 3-92
2026-03-31 11:10:03,583 INFO o.a.j.t.JMeterThread: Thread finished: Cenario 3 - Pico de Requisicoes 3-92
2026-03-31 11:10:03,644 INFO o.a.j.t.JMeterThread: Stopping because end time detected by thread: Cenario 3 - Pico de Requisicoes 3-17
2026-03-31 11:10:03,644 INFO o.a.j.t.JMeterThread: Thread finished: Cenario 3 - Pico de Requisicoes 3-17
2026-03-31 11:10:03,780 INFO o.a.j.t.JMeterThread: Stopping because end time detected by thread: Cenario 3 - Pico de Requisicoes 3-93
2026-03-31 11:10:03,780 INFO o.a.j.t.JMeterThread: Thread finished: Cenario 3 - Pico de Requisicoes 3-93
2026-03-31 11:10:03,815 INFO o.a.j.t.JMeterThread: Stopping because end time detected by thread: Cenario 3 - Pico de Requisicoes 3-39
2026-03-31 11:10:03,816 INFO o.a.j.t.JMeterThread: Thread finished: Cenario 3 - Pico de Requisicoes 3-39
2026-03-31 11:10:03,843 INFO o.a.j.t.JMeterThread: Stopping because end time detected by thread: Cenario 3 - Pico de Requisicoes 3-95
2026-03-31 11:10:03,843 INFO o.a.j.t.JMeterThread: Thread finished: Cenario 3 - Pico de Requisicoes 3-95
2026-03-31 11:10:03,897 INFO o.a.j.t.JMeterThread: Stopping because end time detected by thread: Cenario 3 - Pico de Requisicoes 3-94
2026-03-31 11:10:03,898 INFO o.a.j.t.JMeterThread: Thread finished: Cenario 3 - Pico de Requisicoes 3-94
2026-03-31 11:10:04,070 INFO o.a.j.t.JMeterThread: Stopping because end time detected by thread: Cenario 3 - Pico de Requisicoes 3-18
2026-03-31 11:10:04,071 INFO o.a.j.t.JMeterThread: Thread finished: Cenario 3 - Pico de Requisicoes 3-18
2026-03-31 11:10:04,100 INFO o.a.j.t.JMeterThread: Stopping because end time detected by thread: Cenario 3 - Pico de Requisicoes 3-8
2026-03-31 11:10:04,100 INFO o.a.j.t.JMeterThread: Thread finished: Cenario 3 - Pico de Requisicoes 3-8
2026-03-31 11:10:04,102 INFO o.a.j.t.JMeterThread: Stopping because end time detected by thread: Cenario 3 - Pico de Requisicoes 3-97
2026-03-31 11:10:04,102 INFO o.a.j.t.JMeterThread: Thread finished: Cenario 3 - Pico de Requisicoes 3-97
2026-03-31 11:10:04,135 INFO o.a.j.t.JMeterThread: Stopping because end time detected by thread: Cenario 3 - Pico de Requisicoes 3-40
2026-03-31 11:10:04,135 INFO o.a.j.t.JMeterThread: Thread finished: Cenario 3 - Pico de Requisicoes 3-40
2026-03-31 11:10:04,173 INFO o.a.j.t.JMeterThread: Stopping because end time detected by thread: Cenario 3 - Pico de Requisicoes 3-41
2026-03-31 11:10:04,174 INFO o.a.j.t.JMeterThread: Thread finished: Cenario 3 - Pico de Requisicoes 3-41
2026-03-31 11:10:04,174 INFO o.a.j.t.JMeterThread: Stopping because end time detected by thread: Cenario 3 - Pico de Requisicoes 3-96
2026-03-31 11:10:04,174 INFO o.a.j.t.JMeterThread: Thread finished: Cenario 3 - Pico de Requisicoes 3-96
2026-03-31 11:10:04,233 INFO o.a.j.t.JMeterThread: Stopping because end time detected by thread: Cenario 3 - Pico de Requisicoes 3-42
2026-03-31 11:10:04,233 INFO o.a.j.t.JMeterThread: Thread finished: Cenario 3 - Pico de Requisicoes 3-42
2026-03-31 11:10:04,236 INFO o.a.j.t.JMeterThread: Stopping because end time detected by thread: Cenario 3 - Pico de Requisicoes 3-9
2026-03-31 11:10:04,237 INFO o.a.j.t.JMeterThread: Thread finished: Cenario 3 - Pico de Requisicoes 3-9
2026-03-31 11:10:04,300 INFO o.a.j.t.JMeterThread: Stopping because end time detected by thread: Cenario 3 - Pico de Requisicoes 3-43
2026-03-31 11:10:04,300 INFO o.a.j.t.JMeterThread: Thread finished: Cenario 3 - Pico de Requisicoes 3-43
2026-03-31 11:10:04,373 INFO o.a.j.t.JMeterThread: Stopping because end time detected by thread: Cenario 3 - Pico de Requisicoes 3-98
2026-03-31 11:10:04,373 INFO o.a.j.t.JMeterThread: Thread finished: Cenario 3 - Pico de Requisicoes 3-98
2026-03-31 11:10:04,433 INFO o.a.j.t.JMeterThread: Stopping because end time detected by thread: Cenario 3 - Pico de Requisicoes 3-44
2026-03-31 11:10:04,433 INFO o.a.j.t.JMeterThread: Thread finished: Cenario 3 - Pico de Requisicoes 3-44
2026-03-31 11:10:04,513 INFO o.a.j.t.JMeterThread: Stopping because end time detected by thread: Cenario 3 - Pico de Requisicoes 3-99
2026-03-31 11:10:04,513 INFO o.a.j.t.JMeterThread: Thread finished: Cenario 3 - Pico de Requisicoes 3-99
2026-03-31 11:10:04,571 INFO o.a.j.t.JMeterThread: Stopping because end time detected by thread: Cenario 3 - Pico de Requisicoes 3-45
2026-03-31 11:10:04,571 INFO o.a.j.t.JMeterThread: Thread finished: Cenario 3 - Pico de Requisicoes 3-45
2026-03-31 11:10:04,572 INFO o.a.j.t.JMeterThread: Stopping because end time detected by thread: Cenario 3 - Pico de Requisicoes 3-100
2026-03-31 11:10:04,572 INFO o.a.j.t.JMeterThread: Thread finished: Cenario 3 - Pico de Requisicoes 3-100
2026-03-31 11:10:04,612 INFO o.a.j.t.JMeterThread: Stopping because end time detected by thread: Cenario 3 - Pico de Requisicoes 3-46
2026-03-31 11:10:04,612 INFO o.a.j.t.JMeterThread: Thread finished: Cenario 3 - Pico de Requisicoes 3-46
2026-03-31 11:10:04,649 INFO o.a.j.t.JMeterThread: Stopping because end time detected by thread: Cenario 3 - Pico de Requisicoes 3-47
2026-03-31 11:10:04,649 INFO o.a.j.t.JMeterThread: Thread finished: Cenario 3 - Pico de Requisicoes 3-47
2026-03-31 11:10:04,680 INFO o.a.j.t.JMeterThread: Stopping because end time detected by thread: Cenario 3 - Pico de Requisicoes 3-48
2026-03-31 11:10:04,680 INFO o.a.j.t.JMeterThread: Thread finished: Cenario 3 - Pico de Requisicoes 3-48
2026-03-31 11:10:04,707 INFO o.a.j.t.JMeterThread: Stopping because end time detected by thread: Cenario 3 - Pico de Requisicoes 3-19
2026-03-31 11:10:04,707 INFO o.a.j.t.JMeterThread: Thread finished: Cenario 3 - Pico de Requisicoes 3-19
2026-03-31 11:10:04,768 INFO o.a.j.t.JMeterThread: Stopping because end time detected by thread: Cenario 3 - Pico de Requisicoes 3-50
2026-03-31 11:10:04,768 INFO o.a.j.t.JMeterThread: Thread finished: Cenario 3 - Pico de Requisicoes 3-50
2026-03-31 11:10:04,827 INFO o.a.j.t.JMeterThread: Stopping because end time detected by thread: Cenario 3 - Pico de Requisicoes 3-49
2026-03-31 11:10:04,827 INFO o.a.j.t.JMeterThread: Thread finished: Cenario 3 - Pico de Requisicoes 3-49
2026-03-31 11:10:04,889 INFO o.a.j.t.JMeterThread: Stopping because end time detected by thread: Cenario 3 - Pico de Requisicoes 3-52
2026-03-31 11:10:04,889 INFO o.a.j.t.JMeterThread: Thread finished: Cenario 3 - Pico de Requisicoes 3-52
2026-03-31 11:10:04,889 INFO o.a.j.t.JMeterThread: Stopping because end time detected by thread: Cenario 3 - Pico de Requisicoes 3-20
2026-03-31 11:10:04,889 INFO o.a.j.t.JMeterThread: Thread finished: Cenario 3 - Pico de Requisicoes 3-20
2026-03-31 11:10:04,982 INFO o.a.j.t.JMeterThread: Stopping because end time detected by thread: Cenario 3 - Pico de Requisicoes 3-51
2026-03-31 11:10:04,982 INFO o.a.j.t.JMeterThread: Thread finished: Cenario 3 - Pico de Requisicoes 3-51
2026-03-31 11:10:04,987 INFO o.a.j.t.JMeterThread: Stopping because end time detected by thread: Cenario 3 - Pico de Requisicoes 3-10
2026-03-31 11:10:04,988 INFO o.a.j.t.JMeterThread: Thread finished: Cenario 3 - Pico de Requisicoes 3-10
2026-03-31 11:10:04,989 INFO o.a.j.t.JMeterThread: Stopping because end time detected by thread: Cenario 3 - Pico de Requisicoes 3-21
2026-03-31 11:10:04,989 INFO o.a.j.t.JMeterThread: Thread finished: Cenario 3 - Pico de Requisicoes 3-21
2026-03-31 11:10:05,106 INFO o.a.j.t.JMeterThread: Stopping because end time detected by thread: Cenario 3 - Pico de Requisicoes 3-53
2026-03-31 11:10:05,106 INFO o.a.j.t.JMeterThread: Thread finished: Cenario 3 - Pico de Requisicoes 3-53
2026-03-31 11:10:05,112 INFO o.a.j.t.JMeterThread: Stopping because end time detected by thread: Cenario 3 - Pico de Requisicoes 3-54
2026-03-31 11:10:05,112 INFO o.a.j.t.JMeterThread: Thread finished: Cenario 3 - Pico de Requisicoes 3-54
2026-03-31 11:10:05,177 INFO o.a.j.t.JMeterThread: Stopping because end time detected by thread: Cenario 3 - Pico de Requisicoes 3-11
2026-03-31 11:10:05,177 INFO o.a.j.t.JMeterThread: Thread finished: Cenario 3 - Pico de Requisicoes 3-11
2026-03-31 11:10:05,229 INFO o.a.j.t.JMeterThread: Stopping because end time detected by thread: Cenario 3 - Pico de Requisicoes 3-56
2026-03-31 11:10:05,230 INFO o.a.j.t.JMeterThread: Thread finished: Cenario 3 - Pico de Requisicoes 3-56
2026-03-31 11:10:05,300 INFO o.a.j.t.JMeterThread: Stopping because end time detected by thread: Cenario 3 - Pico de Requisicoes 3-55
2026-03-31 11:10:05,300 INFO o.a.j.t.JMeterThread: Thread finished: Cenario 3 - Pico de Requisicoes 3-55
2026-03-31 11:10:05,300 INFO o.a.j.t.JMeterThread: Stopping because end time detected by thread: Cenario 3 - Pico de Requisicoes 3-4
2026-03-31 11:10:05,300 INFO o.a.j.t.JMeterThread: Thread finished: Cenario 3 - Pico de Requisicoes 3-4
2026-03-31 11:10:05,359 INFO o.a.j.t.JMeterThread: Stopping because end time detected by thread: Cenario 3 - Pico de Requisicoes 3-57
2026-03-31 11:10:05,359 INFO o.a.j.t.JMeterThread: Thread finished: Cenario 3 - Pico de Requisicoes 3-57
2026-03-31 11:10:05,417 INFO o.a.j.t.JMeterThread: Stopping because end time detected by thread: Cenario 3 - Pico de Requisicoes 3-58
2026-03-31 11:10:05,417 INFO o.a.j.t.JMeterThread: Thread finished: Cenario 3 - Pico de Requisicoes 3-58
2026-03-31 11:10:05,509 INFO o.a.j.t.JMeterThread: Stopping because end time detected by thread: Cenario 3 - Pico de Requisicoes 3-22
2026-03-31 11:10:05,509 INFO o.a.j.t.JMeterThread: Thread finished: Cenario 3 - Pico de Requisicoes 3-22
2026-03-31 11:10:05,553 INFO o.a.j.t.JMeterThread: Stopping because end time detected by thread: Cenario 3 - Pico de Requisicoes 3-59
2026-03-31 11:10:05,553 INFO o.a.j.t.JMeterThread: Thread finished: Cenario 3 - Pico de Requisicoes 3-59
2026-03-31 11:10:05,585 INFO o.a.j.t.JMeterThread: Stopping because end time detected by thread: Cenario 3 - Pico de Requisicoes 3-60
2026-03-31 11:10:05,585 INFO o.a.j.t.JMeterThread: Thread finished: Cenario 3 - Pico de Requisicoes 3-60
2026-03-31 11:10:05,585 INFO o.a.j.t.JMeterThread: Stopping because end time detected by thread: Cenario 3 - Pico de Requisicoes 3-23
2026-03-31 11:10:05,586 INFO o.a.j.t.JMeterThread: Thread finished: Cenario 3 - Pico de Requisicoes 3-23
2026-03-31 11:10:05,683 INFO o.a.j.t.JMeterThread: Stopping because end time detected by thread: Cenario 3 - Pico de Requisicoes 3-24
2026-03-31 11:10:05,683 INFO o.a.j.t.JMeterThread: Thread finished: Cenario 3 - Pico de Requisicoes 3-24
2026-03-31 11:10:05,847 INFO o.a.j.t.JMeterThread: Stopping because end time detected by thread: Cenario 3 - Pico de Requisicoes 3-25
2026-03-31 11:10:05,847 INFO o.a.j.t.JMeterThread: Thread finished: Cenario 3 - Pico de Requisicoes 3-25
2026-03-31 11:10:05,848 INFO o.a.j.e.StandardJMeterEngine: Notifying test listeners of end of test
2026-03-31 11:10:05,852 INFO o.a.j.r.Summariser: summary +     95 in 00:00:06 =   16.9/s Avg:  6293 Min:  5644 Max:  6944 Err:     0 (0.00%) Active: 0 Started: 160 Finished: 160
2026-03-31 11:10:05,852 INFO o.a.j.r.Summariser: summary =   3256 in 00:03:10 =   17.2/s Avg:  1849 Min:    27 Max:  6978 Err:     0 (0.00%)
