2026-03-30 16:07:17,539 INFO o.a.j.u.JMeterUtils: Setting Locale to en_EN
2026-03-30 16:07:17,556 INFO o.a.j.JMeter: Loading user properties from: /opt/jmeter/bin/user.properties
2026-03-30 16:07:17,557 INFO o.a.j.JMeter: Loading system properties from: /opt/jmeter/bin/system.properties
2026-03-30 16:07:17,565 INFO o.a.j.JMeter: Copyright (c) 1998-2024 The Apache Software Foundation
2026-03-30 16:07:17,565 INFO o.a.j.JMeter: Version 5.6.3
2026-03-30 16:07:17,565 INFO o.a.j.JMeter: java.version=17.0.18
2026-03-30 16:07:17,565 INFO o.a.j.JMeter: java.vm.name=OpenJDK 64-Bit Server VM
2026-03-30 16:07:17,565 INFO o.a.j.JMeter: os.name=Linux
2026-03-30 16:07:17,565 INFO o.a.j.JMeter: os.arch=amd64
2026-03-30 16:07:17,566 INFO o.a.j.JMeter: os.version=6.17.0-19-generic
2026-03-30 16:07:17,566 INFO o.a.j.JMeter: file.encoding=UTF-8
2026-03-30 16:07:17,566 INFO o.a.j.JMeter: java.awt.headless=null
2026-03-30 16:07:17,566 INFO o.a.j.JMeter: Max memory     =1073741824
2026-03-30 16:07:17,566 INFO o.a.j.JMeter: Available Processors =12
2026-03-30 16:07:17,577 INFO o.a.j.JMeter: Default Locale=English (EN)
2026-03-30 16:07:17,578 INFO o.a.j.JMeter: JMeter  Locale=English (EN)
2026-03-30 16:07:17,578 INFO o.a.j.JMeter: JMeterHome=/opt/jmeter
2026-03-30 16:07:17,578 INFO o.a.j.JMeter: user.dir  =/home/vnavarro/Code/rails-api-comparison
2026-03-30 16:07:17,579 INFO o.a.j.JMeter: PWD       =/home/vnavarro/Code/rails-api-comparison
2026-03-30 16:07:17,579 INFO o.a.j.JMeter: IP: 127.0.1.1 Name: ni-83245-7e FullName: ni-83245-7e
